Command: nntrainer/build/Applications/GC_Test/jni/gelu_gc_test --seq_len 64 --model_dim 128 --num_heads 4 --ffn_dim 512 --epochs 3 --learning_rate 0.0001 --num_layers 64 --batch_size 4 --enable-checkpoint
Timestamp: 20251215_102730
Return code: 0

=== STDOUT ===
[CONFIG] Parsed arguments:
  seq_len=64, vocab_size=1000, model_dim=128
  num_heads=4, num_layers=64, ffn_dim=512
  batch_size=4, epochs=3, learning_rate=0.0001
[DEBUG] Starting main function...
[MEMORY] Program Start - Peak: 4274 MB, Current: 4274 MB, RSS: 12 MB
[DEBUG] Creating model...
[DEBUG] Starting model creation...
[DEBUG] Model created successfully
[DEBUG] Adding input layer...
[DEBUG] Input layer added successfully
[DEBUG] Adding simple embedding layer...
[DEBUG] Embedding layer (FC) added successfully
[DEBUG] Creating transformer layer 0
[DEBUG] Adding ln_multiout1 for layer 0
[DEBUG] Adding ln1 for layer 0
[DEBUG] Adding multi_out1 (Q,K,V) for layer 0
[DEBUG] Adding multi_head_attention for layer 0
[DEBUG] Adding add1 (residual after attention) for layer 0
[DEBUG] Adding ln_multiout2 for layer 0
[DEBUG] Adding ln2 for layer 0
[DEBUG] Adding multi_out3 for layer 0
[DEBUG] Adding FFN fc1 for layer 0
[DEBUG] Adding FFN fc2 for layer 0
[DEBUG] Adding add2 (residual after FFN) for layer 0
[DEBUG] Creating transformer layer 1
[DEBUG] Adding ln_multiout1 for layer 1
[DEBUG] Adding ln1 for layer 1
[DEBUG] Adding multi_out1 (Q,K,V) for layer 1
[DEBUG] Adding multi_head_attention for layer 1
[DEBUG] Adding add1 (residual after attention) for layer 1
[DEBUG] Adding ln_multiout2 for layer 1
[DEBUG] Adding ln2 for layer 1
[DEBUG] Adding multi_out3 for layer 1
[DEBUG] Adding FFN fc1 for layer 1
[DEBUG] Adding FFN fc2 for layer 1
[DEBUG] Adding add2 (residual after FFN) for layer 1
[DEBUG] Creating transformer layer 2
[DEBUG] Adding ln_multiout1 for layer 2
[DEBUG] Adding ln1 for layer 2
[DEBUG] Adding multi_out1 (Q,K,V) for layer 2
[DEBUG] Adding multi_head_attention for layer 2
[DEBUG] Adding add1 (residual after attention) for layer 2
[DEBUG] Adding ln_multiout2 for layer 2
[DEBUG] Adding ln2 for layer 2
[DEBUG] Adding multi_out3 for layer 2
[DEBUG] Adding FFN fc1 for layer 2
[DEBUG] Adding FFN fc2 for layer 2
[DEBUG] Adding add2 (residual after FFN) for layer 2
[DEBUG] Creating transformer layer 3
[DEBUG] Adding ln_multiout1 for layer 3
[DEBUG] Adding ln1 for layer 3
[DEBUG] Adding multi_out1 (Q,K,V) for layer 3
[DEBUG] Adding multi_head_attention for layer 3
[DEBUG] Adding add1 (residual after attention) for layer 3
[DEBUG] Adding ln_multiout2 for layer 3
[DEBUG] Adding ln2 for layer 3
[DEBUG] Adding multi_out3 for layer 3
[DEBUG] Adding FFN fc1 for layer 3
[DEBUG] Adding FFN fc2 for layer 3
[DEBUG] Adding add2 (residual after FFN) for layer 3
[DEBUG] Creating transformer layer 4
[DEBUG] Adding ln_multiout1 for layer 4
[DEBUG] Adding ln1 for layer 4
[DEBUG] Adding multi_out1 (Q,K,V) for layer 4
[DEBUG] Adding multi_head_attention for layer 4
[DEBUG] Adding add1 (residual after attention) for layer 4
[DEBUG] Adding ln_multiout2 for layer 4
[DEBUG] Adding ln2 for layer 4
[DEBUG] Adding multi_out3 for layer 4
[DEBUG] Adding FFN fc1 for layer 4
[DEBUG] Adding FFN fc2 for layer 4
[DEBUG] Adding add2 (residual after FFN) for layer 4
[DEBUG] Creating transformer layer 5
[DEBUG] Adding ln_multiout1 for layer 5
[DEBUG] Adding ln1 for layer 5
[DEBUG] Adding multi_out1 (Q,K,V) for layer 5
[DEBUG] Adding multi_head_attention for layer 5
[DEBUG] Adding add1 (residual after attention) for layer 5
[DEBUG] Adding ln_multiout2 for layer 5
[DEBUG] Adding ln2 for layer 5
[DEBUG] Adding multi_out3 for layer 5
[DEBUG] Adding FFN fc1 for layer 5
[DEBUG] Adding FFN fc2 for layer 5
[DEBUG] Adding add2 (residual after FFN) for layer 5
[DEBUG] Creating transformer layer 6
[DEBUG] Adding ln_multiout1 for layer 6
[DEBUG] Adding ln1 for layer 6
[DEBUG] Adding multi_out1 (Q,K,V) for layer 6
[DEBUG] Adding multi_head_attention for layer 6
[DEBUG] Adding add1 (residual after attention) for layer 6
[DEBUG] Adding ln_multiout2 for layer 6
[DEBUG] Adding ln2 for layer 6
[DEBUG] Adding multi_out3 for layer 6
[DEBUG] Adding FFN fc1 for layer 6
[DEBUG] Adding FFN fc2 for layer 6
[DEBUG] Adding add2 (residual after FFN) for layer 6
[DEBUG] Creating transformer layer 7
[DEBUG] Adding ln_multiout1 for layer 7
[DEBUG] Adding ln1 for layer 7
[DEBUG] Adding multi_out1 (Q,K,V) for layer 7
[DEBUG] Adding multi_head_attention for layer 7
[DEBUG] Adding add1 (residual after attention) for layer 7
[DEBUG] Adding ln_multiout2 for layer 7
[DEBUG] Adding ln2 for layer 7
[DEBUG] Adding multi_out3 for layer 7
[DEBUG] Adding FFN fc1 for layer 7
[DEBUG] Adding FFN fc2 for layer 7
[DEBUG] Adding add2 (residual after FFN) for layer 7
[DEBUG] Creating transformer layer 8
[DEBUG] Adding ln_multiout1 for layer 8
[DEBUG] Adding ln1 for layer 8
[DEBUG] Adding multi_out1 (Q,K,V) for layer 8
[DEBUG] Adding multi_head_attention for layer 8
[DEBUG] Adding add1 (residual after attention) for layer 8
[DEBUG] Adding ln_multiout2 for layer 8
[DEBUG] Adding ln2 for layer 8
[DEBUG] Adding multi_out3 for layer 8
[DEBUG] Adding FFN fc1 for layer 8
[DEBUG] Adding FFN fc2 for layer 8
[DEBUG] Adding add2 (residual after FFN) for layer 8
[DEBUG] Creating transformer layer 9
[DEBUG] Adding ln_multiout1 for layer 9
[DEBUG] Adding ln1 for layer 9
[DEBUG] Adding multi_out1 (Q,K,V) for layer 9
[DEBUG] Adding multi_head_attention for layer 9
[DEBUG] Adding add1 (residual after attention) for layer 9
[DEBUG] Adding ln_multiout2 for layer 9
[DEBUG] Adding ln2 for layer 9
[DEBUG] Adding multi_out3 for layer 9
[DEBUG] Adding FFN fc1 for layer 9
[DEBUG] Adding FFN fc2 for layer 9
[DEBUG] Adding add2 (residual after FFN) for layer 9
[DEBUG] Creating transformer layer 10
[DEBUG] Adding ln_multiout1 for layer 10
[DEBUG] Adding ln1 for layer 10
[DEBUG] Adding multi_out1 (Q,K,V) for layer 10
[DEBUG] Adding multi_head_attention for layer 10
[DEBUG] Adding add1 (residual after attention) for layer 10
[DEBUG] Adding ln_multiout2 for layer 10
[DEBUG] Adding ln2 for layer 10
[DEBUG] Adding multi_out3 for layer 10
[DEBUG] Adding FFN fc1 for layer 10
[DEBUG] Adding FFN fc2 for layer 10
[DEBUG] Adding add2 (residual after FFN) for layer 10
[DEBUG] Creating transformer layer 11
[DEBUG] Adding ln_multiout1 for layer 11
[DEBUG] Adding ln1 for layer 11
[DEBUG] Adding multi_out1 (Q,K,V) for layer 11
[DEBUG] Adding multi_head_attention for layer 11
[DEBUG] Adding add1 (residual after attention) for layer 11
[DEBUG] Adding ln_multiout2 for layer 11
[DEBUG] Adding ln2 for layer 11
[DEBUG] Adding multi_out3 for layer 11
[DEBUG] Adding FFN fc1 for layer 11
[DEBUG] Adding FFN fc2 for layer 11
[DEBUG] Adding add2 (residual after FFN) for layer 11
[DEBUG] Creating transformer layer 12
[DEBUG] Adding ln_multiout1 for layer 12
[DEBUG] Adding ln1 for layer 12
[DEBUG] Adding multi_out1 (Q,K,V) for layer 12
[DEBUG] Adding multi_head_attention for layer 12
[DEBUG] Adding add1 (residual after attention) for layer 12
[DEBUG] Adding ln_multiout2 for layer 12
[DEBUG] Adding ln2 for layer 12
[DEBUG] Adding multi_out3 for layer 12
[DEBUG] Adding FFN fc1 for layer 12
[DEBUG] Adding FFN fc2 for layer 12
[DEBUG] Adding add2 (residual after FFN) for layer 12
[DEBUG] Creating transformer layer 13
[DEBUG] Adding ln_multiout1 for layer 13
[DEBUG] Adding ln1 for layer 13
[DEBUG] Adding multi_out1 (Q,K,V) for layer 13
[DEBUG] Adding multi_head_attention for layer 13
[DEBUG] Adding add1 (residual after attention) for layer 13
[DEBUG] Adding ln_multiout2 for layer 13
[DEBUG] Adding ln2 for layer 13
[DEBUG] Adding multi_out3 for layer 13
[DEBUG] Adding FFN fc1 for layer 13
[DEBUG] Adding FFN fc2 for layer 13
[DEBUG] Adding add2 (residual after FFN) for layer 13
[DEBUG] Creating transformer layer 14
[DEBUG] Adding ln_multiout1 for layer 14
[DEBUG] Adding ln1 for layer 14
[DEBUG] Adding multi_out1 (Q,K,V) for layer 14
[DEBUG] Adding multi_head_attention for layer 14
[DEBUG] Adding add1 (residual after attention) for layer 14
[DEBUG] Adding ln_multiout2 for layer 14
[DEBUG] Adding ln2 for layer 14
[DEBUG] Adding multi_out3 for layer 14
[DEBUG] Adding FFN fc1 for layer 14
[DEBUG] Adding FFN fc2 for layer 14
[DEBUG] Adding add2 (residual after FFN) for layer 14
[DEBUG] Creating transformer layer 15
[DEBUG] Adding ln_multiout1 for layer 15
[DEBUG] Adding ln1 for layer 15
[DEBUG] Adding multi_out1 (Q,K,V) for layer 15
[DEBUG] Adding multi_head_attention for layer 15
[DEBUG] Adding add1 (residual after attention) for layer 15
[DEBUG] Adding ln_multiout2 for layer 15
[DEBUG] Adding ln2 for layer 15
[DEBUG] Adding multi_out3 for layer 15
[DEBUG] Adding FFN fc1 for layer 15
[DEBUG] Adding FFN fc2 for layer 15
[DEBUG] Adding add2 (residual after FFN) for layer 15
[DEBUG] Creating transformer layer 16
[DEBUG] Adding ln_multiout1 for layer 16
[DEBUG] Adding ln1 for layer 16
[DEBUG] Adding multi_out1 (Q,K,V) for layer 16
[DEBUG] Adding multi_head_attention for layer 16
[DEBUG] Adding add1 (residual after attention) for layer 16
[DEBUG] Adding ln_multiout2 for layer 16
[DEBUG] Adding ln2 for layer 16
[DEBUG] Adding multi_out3 for layer 16
[DEBUG] Adding FFN fc1 for layer 16
[DEBUG] Adding FFN fc2 for layer 16
[DEBUG] Adding add2 (residual after FFN) for layer 16
[DEBUG] Creating transformer layer 17
[DEBUG] Adding ln_multiout1 for layer 17
[DEBUG] Adding ln1 for layer 17
[DEBUG] Adding multi_out1 (Q,K,V) for layer 17
[DEBUG] Adding multi_head_attention for layer 17
[DEBUG] Adding add1 (residual after attention) for layer 17
[DEBUG] Adding ln_multiout2 for layer 17
[DEBUG] Adding ln2 for layer 17
[DEBUG] Adding multi_out3 for layer 17
[DEBUG] Adding FFN fc1 for layer 17
[DEBUG] Adding FFN fc2 for layer 17
[DEBUG] Adding add2 (residual after FFN) for layer 17
[DEBUG] Creating transformer layer 18
[DEBUG] Adding ln_multiout1 for layer 18
[DEBUG] Adding ln1 for layer 18
[DEBUG] Adding multi_out1 (Q,K,V) for layer 18
[DEBUG] Adding multi_head_attention for layer 18
[DEBUG] Adding add1 (residual after attention) for layer 18
[DEBUG] Adding ln_multiout2 for layer 18
[DEBUG] Adding ln2 for layer 18
[DEBUG] Adding multi_out3 for layer 18
[DEBUG] Adding FFN fc1 for layer 18
[DEBUG] Adding FFN fc2 for layer 18
[DEBUG] Adding add2 (residual after FFN) for layer 18
[DEBUG] Creating transformer layer 19
[DEBUG] Adding ln_multiout1 for layer 19
[DEBUG] Adding ln1 for layer 19
[DEBUG] Adding multi_out1 (Q,K,V) for layer 19
[DEBUG] Adding multi_head_attention for layer 19
[DEBUG] Adding add1 (residual after attention) for layer 19
[DEBUG] Adding ln_multiout2 for layer 19
[DEBUG] Adding ln2 for layer 19
[DEBUG] Adding multi_out3 for layer 19
[DEBUG] Adding FFN fc1 for layer 19
[DEBUG] Adding FFN fc2 for layer 19
[DEBUG] Adding add2 (residual after FFN) for layer 19
[DEBUG] Creating transformer layer 20
[DEBUG] Adding ln_multiout1 for layer 20
[DEBUG] Adding ln1 for layer 20
[DEBUG] Adding multi_out1 (Q,K,V) for layer 20
[DEBUG] Adding multi_head_attention for layer 20
[DEBUG] Adding add1 (residual after attention) for layer 20
[DEBUG] Adding ln_multiout2 for layer 20
[DEBUG] Adding ln2 for layer 20
[DEBUG] Adding multi_out3 for layer 20
[DEBUG] Adding FFN fc1 for layer 20
[DEBUG] Adding FFN fc2 for layer 20
[DEBUG] Adding add2 (residual after FFN) for layer 20
[DEBUG] Creating transformer layer 21
[DEBUG] Adding ln_multiout1 for layer 21
[DEBUG] Adding ln1 for layer 21
[DEBUG] Adding multi_out1 (Q,K,V) for layer 21
[DEBUG] Adding multi_head_attention for layer 21
[DEBUG] Adding add1 (residual after attention) for layer 21
[DEBUG] Adding ln_multiout2 for layer 21
[DEBUG] Adding ln2 for layer 21
[DEBUG] Adding multi_out3 for layer 21
[DEBUG] Adding FFN fc1 for layer 21
[DEBUG] Adding FFN fc2 for layer 21
[DEBUG] Adding add2 (residual after FFN) for layer 21
[DEBUG] Creating transformer layer 22
[DEBUG] Adding ln_multiout1 for layer 22
[DEBUG] Adding ln1 for layer 22
[DEBUG] Adding multi_out1 (Q,K,V) for layer 22
[DEBUG] Adding multi_head_attention for layer 22
[DEBUG] Adding add1 (residual after attention) for layer 22
[DEBUG] Adding ln_multiout2 for layer 22
[DEBUG] Adding ln2 for layer 22
[DEBUG] Adding multi_out3 for layer 22
[DEBUG] Adding FFN fc1 for layer 22
[DEBUG] Adding FFN fc2 for layer 22
[DEBUG] Adding add2 (residual after FFN) for layer 22
[DEBUG] Creating transformer layer 23
[DEBUG] Adding ln_multiout1 for layer 23
[DEBUG] Adding ln1 for layer 23
[DEBUG] Adding multi_out1 (Q,K,V) for layer 23
[DEBUG] Adding multi_head_attention for layer 23
[DEBUG] Adding add1 (residual after attention) for layer 23
[DEBUG] Adding ln_multiout2 for layer 23
[DEBUG] Adding ln2 for layer 23
[DEBUG] Adding multi_out3 for layer 23
[DEBUG] Adding FFN fc1 for layer 23
[DEBUG] Adding FFN fc2 for layer 23
[DEBUG] Adding add2 (residual after FFN) for layer 23
[DEBUG] Creating transformer layer 24
[DEBUG] Adding ln_multiout1 for layer 24
[DEBUG] Adding ln1 for layer 24
[DEBUG] Adding multi_out1 (Q,K,V) for layer 24
[DEBUG] Adding multi_head_attention for layer 24
[DEBUG] Adding add1 (residual after attention) for layer 24
[DEBUG] Adding ln_multiout2 for layer 24
[DEBUG] Adding ln2 for layer 24
[DEBUG] Adding multi_out3 for layer 24
[DEBUG] Adding FFN fc1 for layer 24
[DEBUG] Adding FFN fc2 for layer 24
[DEBUG] Adding add2 (residual after FFN) for layer 24
[DEBUG] Creating transformer layer 25
[DEBUG] Adding ln_multiout1 for layer 25
[DEBUG] Adding ln1 for layer 25
[DEBUG] Adding multi_out1 (Q,K,V) for layer 25
[DEBUG] Adding multi_head_attention for layer 25
[DEBUG] Adding add1 (residual after attention) for layer 25
[DEBUG] Adding ln_multiout2 for layer 25
[DEBUG] Adding ln2 for layer 25
[DEBUG] Adding multi_out3 for layer 25
[DEBUG] Adding FFN fc1 for layer 25
[DEBUG] Adding FFN fc2 for layer 25
[DEBUG] Adding add2 (residual after FFN) for layer 25
[DEBUG] Creating transformer layer 26
[DEBUG] Adding ln_multiout1 for layer 26
[DEBUG] Adding ln1 for layer 26
[DEBUG] Adding multi_out1 (Q,K,V) for layer 26
[DEBUG] Adding multi_head_attention for layer 26
[DEBUG] Adding add1 (residual after attention) for layer 26
[DEBUG] Adding ln_multiout2 for layer 26
[DEBUG] Adding ln2 for layer 26
[DEBUG] Adding multi_out3 for layer 26
[DEBUG] Adding FFN fc1 for layer 26
[DEBUG] Adding FFN fc2 for layer 26
[DEBUG] Adding add2 (residual after FFN) for layer 26
[DEBUG] Creating transformer layer 27
[DEBUG] Adding ln_multiout1 for layer 27
[DEBUG] Adding ln1 for layer 27
[DEBUG] Adding multi_out1 (Q,K,V) for layer 27
[DEBUG] Adding multi_head_attention for layer 27
[DEBUG] Adding add1 (residual after attention) for layer 27
[DEBUG] Adding ln_multiout2 for layer 27
[DEBUG] Adding ln2 for layer 27
[DEBUG] Adding multi_out3 for layer 27
[DEBUG] Adding FFN fc1 for layer 27
[DEBUG] Adding FFN fc2 for layer 27
[DEBUG] Adding add2 (residual after FFN) for layer 27
[DEBUG] Creating transformer layer 28
[DEBUG] Adding ln_multiout1 for layer 28
[DEBUG] Adding ln1 for layer 28
[DEBUG] Adding multi_out1 (Q,K,V) for layer 28
[DEBUG] Adding multi_head_attention for layer 28
[DEBUG] Adding add1 (residual after attention) for layer 28
[DEBUG] Adding ln_multiout2 for layer 28
[DEBUG] Adding ln2 for layer 28
[DEBUG] Adding multi_out3 for layer 28
[DEBUG] Adding FFN fc1 for layer 28
[DEBUG] Adding FFN fc2 for layer 28
[DEBUG] Adding add2 (residual after FFN) for layer 28
[DEBUG] Creating transformer layer 29
[DEBUG] Adding ln_multiout1 for layer 29
[DEBUG] Adding ln1 for layer 29
[DEBUG] Adding multi_out1 (Q,K,V) for layer 29
[DEBUG] Adding multi_head_attention for layer 29
[DEBUG] Adding add1 (residual after attention) for layer 29
[DEBUG] Adding ln_multiout2 for layer 29
[DEBUG] Adding ln2 for layer 29
[DEBUG] Adding multi_out3 for layer 29
[DEBUG] Adding FFN fc1 for layer 29
[DEBUG] Adding FFN fc2 for layer 29
[DEBUG] Adding add2 (residual after FFN) for layer 29
[DEBUG] Creating transformer layer 30
[DEBUG] Adding ln_multiout1 for layer 30
[DEBUG] Adding ln1 for layer 30
[DEBUG] Adding multi_out1 (Q,K,V) for layer 30
[DEBUG] Adding multi_head_attention for layer 30
[DEBUG] Adding add1 (residual after attention) for layer 30
[DEBUG] Adding ln_multiout2 for layer 30
[DEBUG] Adding ln2 for layer 30
[DEBUG] Adding multi_out3 for layer 30
[DEBUG] Adding FFN fc1 for layer 30
[DEBUG] Adding FFN fc2 for layer 30
[DEBUG] Adding add2 (residual after FFN) for layer 30
[DEBUG] Creating transformer layer 31
[DEBUG] Adding ln_multiout1 for layer 31
[DEBUG] Adding ln1 for layer 31
[DEBUG] Adding multi_out1 (Q,K,V) for layer 31
[DEBUG] Adding multi_head_attention for layer 31
[DEBUG] Adding add1 (residual after attention) for layer 31
[DEBUG] Adding ln_multiout2 for layer 31
[DEBUG] Adding ln2 for layer 31
[DEBUG] Adding multi_out3 for layer 31
[DEBUG] Adding FFN fc1 for layer 31
[DEBUG] Adding FFN fc2 for layer 31
[DEBUG] Adding add2 (residual after FFN) for layer 31
[DEBUG] Creating transformer layer 32
[DEBUG] Adding ln_multiout1 for layer 32
[DEBUG] Adding ln1 for layer 32
[DEBUG] Adding multi_out1 (Q,K,V) for layer 32
[DEBUG] Adding multi_head_attention for layer 32
[DEBUG] Adding add1 (residual after attention) for layer 32
[DEBUG] Adding ln_multiout2 for layer 32
[DEBUG] Adding ln2 for layer 32
[DEBUG] Adding multi_out3 for layer 32
[DEBUG] Adding FFN fc1 for layer 32
[DEBUG] Adding FFN fc2 for layer 32
[DEBUG] Adding add2 (residual after FFN) for layer 32
[DEBUG] Creating transformer layer 33
[DEBUG] Adding ln_multiout1 for layer 33
[DEBUG] Adding ln1 for layer 33
[DEBUG] Adding multi_out1 (Q,K,V) for layer 33
[DEBUG] Adding multi_head_attention for layer 33
[DEBUG] Adding add1 (residual after attention) for layer 33
[DEBUG] Adding ln_multiout2 for layer 33
[DEBUG] Adding ln2 for layer 33
[DEBUG] Adding multi_out3 for layer 33
[DEBUG] Adding FFN fc1 for layer 33
[DEBUG] Adding FFN fc2 for layer 33
[DEBUG] Adding add2 (residual after FFN) for layer 33
[DEBUG] Creating transformer layer 34
[DEBUG] Adding ln_multiout1 for layer 34
[DEBUG] Adding ln1 for layer 34
[DEBUG] Adding multi_out1 (Q,K,V) for layer 34
[DEBUG] Adding multi_head_attention for layer 34
[DEBUG] Adding add1 (residual after attention) for layer 34
[DEBUG] Adding ln_multiout2 for layer 34
[DEBUG] Adding ln2 for layer 34
[DEBUG] Adding multi_out3 for layer 34
[DEBUG] Adding FFN fc1 for layer 34
[DEBUG] Adding FFN fc2 for layer 34
[DEBUG] Adding add2 (residual after FFN) for layer 34
[DEBUG] Creating transformer layer 35
[DEBUG] Adding ln_multiout1 for layer 35
[DEBUG] Adding ln1 for layer 35
[DEBUG] Adding multi_out1 (Q,K,V) for layer 35
[DEBUG] Adding multi_head_attention for layer 35
[DEBUG] Adding add1 (residual after attention) for layer 35
[DEBUG] Adding ln_multiout2 for layer 35
[DEBUG] Adding ln2 for layer 35
[DEBUG] Adding multi_out3 for layer 35
[DEBUG] Adding FFN fc1 for layer 35
[DEBUG] Adding FFN fc2 for layer 35
[DEBUG] Adding add2 (residual after FFN) for layer 35
[DEBUG] Creating transformer layer 36
[DEBUG] Adding ln_multiout1 for layer 36
[DEBUG] Adding ln1 for layer 36
[DEBUG] Adding multi_out1 (Q,K,V) for layer 36
[DEBUG] Adding multi_head_attention for layer 36
[DEBUG] Adding add1 (residual after attention) for layer 36
[DEBUG] Adding ln_multiout2 for layer 36
[DEBUG] Adding ln2 for layer 36
[DEBUG] Adding multi_out3 for layer 36
[DEBUG] Adding FFN fc1 for layer 36
[DEBUG] Adding FFN fc2 for layer 36
[DEBUG] Adding add2 (residual after FFN) for layer 36
[DEBUG] Creating transformer layer 37
[DEBUG] Adding ln_multiout1 for layer 37
[DEBUG] Adding ln1 for layer 37
[DEBUG] Adding multi_out1 (Q,K,V) for layer 37
[DEBUG] Adding multi_head_attention for layer 37
[DEBUG] Adding add1 (residual after attention) for layer 37
[DEBUG] Adding ln_multiout2 for layer 37
[DEBUG] Adding ln2 for layer 37
[DEBUG] Adding multi_out3 for layer 37
[DEBUG] Adding FFN fc1 for layer 37
[DEBUG] Adding FFN fc2 for layer 37
[DEBUG] Adding add2 (residual after FFN) for layer 37
[DEBUG] Creating transformer layer 38
[DEBUG] Adding ln_multiout1 for layer 38
[DEBUG] Adding ln1 for layer 38
[DEBUG] Adding multi_out1 (Q,K,V) for layer 38
[DEBUG] Adding multi_head_attention for layer 38
[DEBUG] Adding add1 (residual after attention) for layer 38
[DEBUG] Adding ln_multiout2 for layer 38
[DEBUG] Adding ln2 for layer 38
[DEBUG] Adding multi_out3 for layer 38
[DEBUG] Adding FFN fc1 for layer 38
[DEBUG] Adding FFN fc2 for layer 38
[DEBUG] Adding add2 (residual after FFN) for layer 38
[DEBUG] Creating transformer layer 39
[DEBUG] Adding ln_multiout1 for layer 39
[DEBUG] Adding ln1 for layer 39
[DEBUG] Adding multi_out1 (Q,K,V) for layer 39
[DEBUG] Adding multi_head_attention for layer 39
[DEBUG] Adding add1 (residual after attention) for layer 39
[DEBUG] Adding ln_multiout2 for layer 39
[DEBUG] Adding ln2 for layer 39
[DEBUG] Adding multi_out3 for layer 39
[DEBUG] Adding FFN fc1 for layer 39
[DEBUG] Adding FFN fc2 for layer 39
[DEBUG] Adding add2 (residual after FFN) for layer 39
[DEBUG] Creating transformer layer 40
[DEBUG] Adding ln_multiout1 for layer 40
[DEBUG] Adding ln1 for layer 40
[DEBUG] Adding multi_out1 (Q,K,V) for layer 40
[DEBUG] Adding multi_head_attention for layer 40
[DEBUG] Adding add1 (residual after attention) for layer 40
[DEBUG] Adding ln_multiout2 for layer 40
[DEBUG] Adding ln2 for layer 40
[DEBUG] Adding multi_out3 for layer 40
[DEBUG] Adding FFN fc1 for layer 40
[DEBUG] Adding FFN fc2 for layer 40
[DEBUG] Adding add2 (residual after FFN) for layer 40
[DEBUG] Creating transformer layer 41
[DEBUG] Adding ln_multiout1 for layer 41
[DEBUG] Adding ln1 for layer 41
[DEBUG] Adding multi_out1 (Q,K,V) for layer 41
[DEBUG] Adding multi_head_attention for layer 41
[DEBUG] Adding add1 (residual after attention) for layer 41
[DEBUG] Adding ln_multiout2 for layer 41
[DEBUG] Adding ln2 for layer 41
[DEBUG] Adding multi_out3 for layer 41
[DEBUG] Adding FFN fc1 for layer 41
[DEBUG] Adding FFN fc2 for layer 41
[DEBUG] Adding add2 (residual after FFN) for layer 41
[DEBUG] Creating transformer layer 42
[DEBUG] Adding ln_multiout1 for layer 42
[DEBUG] Adding ln1 for layer 42
[DEBUG] Adding multi_out1 (Q,K,V) for layer 42
[DEBUG] Adding multi_head_attention for layer 42
[DEBUG] Adding add1 (residual after attention) for layer 42
[DEBUG] Adding ln_multiout2 for layer 42
[DEBUG] Adding ln2 for layer 42
[DEBUG] Adding multi_out3 for layer 42
[DEBUG] Adding FFN fc1 for layer 42
[DEBUG] Adding FFN fc2 for layer 42
[DEBUG] Adding add2 (residual after FFN) for layer 42
[DEBUG] Creating transformer layer 43
[DEBUG] Adding ln_multiout1 for layer 43
[DEBUG] Adding ln1 for layer 43
[DEBUG] Adding multi_out1 (Q,K,V) for layer 43
[DEBUG] Adding multi_head_attention for layer 43
[DEBUG] Adding add1 (residual after attention) for layer 43
[DEBUG] Adding ln_multiout2 for layer 43
[DEBUG] Adding ln2 for layer 43
[DEBUG] Adding multi_out3 for layer 43
[DEBUG] Adding FFN fc1 for layer 43
[DEBUG] Adding FFN fc2 for layer 43
[DEBUG] Adding add2 (residual after FFN) for layer 43
[DEBUG] Creating transformer layer 44
[DEBUG] Adding ln_multiout1 for layer 44
[DEBUG] Adding ln1 for layer 44
[DEBUG] Adding multi_out1 (Q,K,V) for layer 44
[DEBUG] Adding multi_head_attention for layer 44
[DEBUG] Adding add1 (residual after attention) for layer 44
[DEBUG] Adding ln_multiout2 for layer 44
[DEBUG] Adding ln2 for layer 44
[DEBUG] Adding multi_out3 for layer 44
[DEBUG] Adding FFN fc1 for layer 44
[DEBUG] Adding FFN fc2 for layer 44
[DEBUG] Adding add2 (residual after FFN) for layer 44
[DEBUG] Creating transformer layer 45
[DEBUG] Adding ln_multiout1 for layer 45
[DEBUG] Adding ln1 for layer 45
[DEBUG] Adding multi_out1 (Q,K,V) for layer 45
[DEBUG] Adding multi_head_attention for layer 45
[DEBUG] Adding add1 (residual after attention) for layer 45
[DEBUG] Adding ln_multiout2 for layer 45
[DEBUG] Adding ln2 for layer 45
[DEBUG] Adding multi_out3 for layer 45
[DEBUG] Adding FFN fc1 for layer 45
[DEBUG] Adding FFN fc2 for layer 45
[DEBUG] Adding add2 (residual after FFN) for layer 45
[DEBUG] Creating transformer layer 46
[DEBUG] Adding ln_multiout1 for layer 46
[DEBUG] Adding ln1 for layer 46
[DEBUG] Adding multi_out1 (Q,K,V) for layer 46
[DEBUG] Adding multi_head_attention for layer 46
[DEBUG] Adding add1 (residual after attention) for layer 46
[DEBUG] Adding ln_multiout2 for layer 46
[DEBUG] Adding ln2 for layer 46
[DEBUG] Adding multi_out3 for layer 46
[DEBUG] Adding FFN fc1 for layer 46
[DEBUG] Adding FFN fc2 for layer 46
[DEBUG] Adding add2 (residual after FFN) for layer 46
[DEBUG] Creating transformer layer 47
[DEBUG] Adding ln_multiout1 for layer 47
[DEBUG] Adding ln1 for layer 47
[DEBUG] Adding multi_out1 (Q,K,V) for layer 47
[DEBUG] Adding multi_head_attention for layer 47
[DEBUG] Adding add1 (residual after attention) for layer 47
[DEBUG] Adding ln_multiout2 for layer 47
[DEBUG] Adding ln2 for layer 47
[DEBUG] Adding multi_out3 for layer 47
[DEBUG] Adding FFN fc1 for layer 47
[DEBUG] Adding FFN fc2 for layer 47
[DEBUG] Adding add2 (residual after FFN) for layer 47
[DEBUG] Creating transformer layer 48
[DEBUG] Adding ln_multiout1 for layer 48
[DEBUG] Adding ln1 for layer 48
[DEBUG] Adding multi_out1 (Q,K,V) for layer 48
[DEBUG] Adding multi_head_attention for layer 48
[DEBUG] Adding add1 (residual after attention) for layer 48
[DEBUG] Adding ln_multiout2 for layer 48
[DEBUG] Adding ln2 for layer 48
[DEBUG] Adding multi_out3 for layer 48
[DEBUG] Adding FFN fc1 for layer 48
[DEBUG] Adding FFN fc2 for layer 48
[DEBUG] Adding add2 (residual after FFN) for layer 48
[DEBUG] Creating transformer layer 49
[DEBUG] Adding ln_multiout1 for layer 49
[DEBUG] Adding ln1 for layer 49
[DEBUG] Adding multi_out1 (Q,K,V) for layer 49
[DEBUG] Adding multi_head_attention for layer 49
[DEBUG] Adding add1 (residual after attention) for layer 49
[DEBUG] Adding ln_multiout2 for layer 49
[DEBUG] Adding ln2 for layer 49
[DEBUG] Adding multi_out3 for layer 49
[DEBUG] Adding FFN fc1 for layer 49
[DEBUG] Adding FFN fc2 for layer 49
[DEBUG] Adding add2 (residual after FFN) for layer 49
[DEBUG] Creating transformer layer 50
[DEBUG] Adding ln_multiout1 for layer 50
[DEBUG] Adding ln1 for layer 50
[DEBUG] Adding multi_out1 (Q,K,V) for layer 50
[DEBUG] Adding multi_head_attention for layer 50
[DEBUG] Adding add1 (residual after attention) for layer 50
[DEBUG] Adding ln_multiout2 for layer 50
[DEBUG] Adding ln2 for layer 50
[DEBUG] Adding multi_out3 for layer 50
[DEBUG] Adding FFN fc1 for layer 50
[DEBUG] Adding FFN fc2 for layer 50
[DEBUG] Adding add2 (residual after FFN) for layer 50
[DEBUG] Creating transformer layer 51
[DEBUG] Adding ln_multiout1 for layer 51
[DEBUG] Adding ln1 for layer 51
[DEBUG] Adding multi_out1 (Q,K,V) for layer 51
[DEBUG] Adding multi_head_attention for layer 51
[DEBUG] Adding add1 (residual after attention) for layer 51
[DEBUG] Adding ln_multiout2 for layer 51
[DEBUG] Adding ln2 for layer 51
[DEBUG] Adding multi_out3 for layer 51
[DEBUG] Adding FFN fc1 for layer 51
[DEBUG] Adding FFN fc2 for layer 51
[DEBUG] Adding add2 (residual after FFN) for layer 51
[DEBUG] Creating transformer layer 52
[DEBUG] Adding ln_multiout1 for layer 52
[DEBUG] Adding ln1 for layer 52
[DEBUG] Adding multi_out1 (Q,K,V) for layer 52
[DEBUG] Adding multi_head_attention for layer 52
[DEBUG] Adding add1 (residual after attention) for layer 52
[DEBUG] Adding ln_multiout2 for layer 52
[DEBUG] Adding ln2 for layer 52
[DEBUG] Adding multi_out3 for layer 52
[DEBUG] Adding FFN fc1 for layer 52
[DEBUG] Adding FFN fc2 for layer 52
[DEBUG] Adding add2 (residual after FFN) for layer 52
[DEBUG] Creating transformer layer 53
[DEBUG] Adding ln_multiout1 for layer 53
[DEBUG] Adding ln1 for layer 53
[DEBUG] Adding multi_out1 (Q,K,V) for layer 53
[DEBUG] Adding multi_head_attention for layer 53
[DEBUG] Adding add1 (residual after attention) for layer 53
[DEBUG] Adding ln_multiout2 for layer 53
[DEBUG] Adding ln2 for layer 53
[DEBUG] Adding multi_out3 for layer 53
[DEBUG] Adding FFN fc1 for layer 53
[DEBUG] Adding FFN fc2 for layer 53
[DEBUG] Adding add2 (residual after FFN) for layer 53
[DEBUG] Creating transformer layer 54
[DEBUG] Adding ln_multiout1 for layer 54
[DEBUG] Adding ln1 for layer 54
[DEBUG] Adding multi_out1 (Q,K,V) for layer 54
[DEBUG] Adding multi_head_attention for layer 54
[DEBUG] Adding add1 (residual after attention) for layer 54
[DEBUG] Adding ln_multiout2 for layer 54
[DEBUG] Adding ln2 for layer 54
[DEBUG] Adding multi_out3 for layer 54
[DEBUG] Adding FFN fc1 for layer 54
[DEBUG] Adding FFN fc2 for layer 54
[DEBUG] Adding add2 (residual after FFN) for layer 54
[DEBUG] Creating transformer layer 55
[DEBUG] Adding ln_multiout1 for layer 55
[DEBUG] Adding ln1 for layer 55
[DEBUG] Adding multi_out1 (Q,K,V) for layer 55
[DEBUG] Adding multi_head_attention for layer 55
[DEBUG] Adding add1 (residual after attention) for layer 55
[DEBUG] Adding ln_multiout2 for layer 55
[DEBUG] Adding ln2 for layer 55
[DEBUG] Adding multi_out3 for layer 55
[DEBUG] Adding FFN fc1 for layer 55
[DEBUG] Adding FFN fc2 for layer 55
[DEBUG] Adding add2 (residual after FFN) for layer 55
[DEBUG] Creating transformer layer 56
[DEBUG] Adding ln_multiout1 for layer 56
[DEBUG] Adding ln1 for layer 56
[DEBUG] Adding multi_out1 (Q,K,V) for layer 56
[DEBUG] Adding multi_head_attention for layer 56
[DEBUG] Adding add1 (residual after attention) for layer 56
[DEBUG] Adding ln_multiout2 for layer 56
[DEBUG] Adding ln2 for layer 56
[DEBUG] Adding multi_out3 for layer 56
[DEBUG] Adding FFN fc1 for layer 56
[DEBUG] Adding FFN fc2 for layer 56
[DEBUG] Adding add2 (residual after FFN) for layer 56
[DEBUG] Creating transformer layer 57
[DEBUG] Adding ln_multiout1 for layer 57
[DEBUG] Adding ln1 for layer 57
[DEBUG] Adding multi_out1 (Q,K,V) for layer 57
[DEBUG] Adding multi_head_attention for layer 57
[DEBUG] Adding add1 (residual after attention) for layer 57
[DEBUG] Adding ln_multiout2 for layer 57
[DEBUG] Adding ln2 for layer 57
[DEBUG] Adding multi_out3 for layer 57
[DEBUG] Adding FFN fc1 for layer 57
[DEBUG] Adding FFN fc2 for layer 57
[DEBUG] Adding add2 (residual after FFN) for layer 57
[DEBUG] Creating transformer layer 58
[DEBUG] Adding ln_multiout1 for layer 58
[DEBUG] Adding ln1 for layer 58
[DEBUG] Adding multi_out1 (Q,K,V) for layer 58
[DEBUG] Adding multi_head_attention for layer 58
[DEBUG] Adding add1 (residual after attention) for layer 58
[DEBUG] Adding ln_multiout2 for layer 58
[DEBUG] Adding ln2 for layer 58
[DEBUG] Adding multi_out3 for layer 58
[DEBUG] Adding FFN fc1 for layer 58
[DEBUG] Adding FFN fc2 for layer 58
[DEBUG] Adding add2 (residual after FFN) for layer 58
[DEBUG] Creating transformer layer 59
[DEBUG] Adding ln_multiout1 for layer 59
[DEBUG] Adding ln1 for layer 59
[DEBUG] Adding multi_out1 (Q,K,V) for layer 59
[DEBUG] Adding multi_head_attention for layer 59
[DEBUG] Adding add1 (residual after attention) for layer 59
[DEBUG] Adding ln_multiout2 for layer 59
[DEBUG] Adding ln2 for layer 59
[DEBUG] Adding multi_out3 for layer 59
[DEBUG] Adding FFN fc1 for layer 59
[DEBUG] Adding FFN fc2 for layer 59
[DEBUG] Adding add2 (residual after FFN) for layer 59
[DEBUG] Creating transformer layer 60
[DEBUG] Adding ln_multiout1 for layer 60
[DEBUG] Adding ln1 for layer 60
[DEBUG] Adding multi_out1 (Q,K,V) for layer 60
[DEBUG] Adding multi_head_attention for layer 60
[DEBUG] Adding add1 (residual after attention) for layer 60
[DEBUG] Adding ln_multiout2 for layer 60
[DEBUG] Adding ln2 for layer 60
[DEBUG] Adding multi_out3 for layer 60
[DEBUG] Adding FFN fc1 for layer 60
[DEBUG] Adding FFN fc2 for layer 60
[DEBUG] Adding add2 (residual after FFN) for layer 60
[DEBUG] Creating transformer layer 61
[DEBUG] Adding ln_multiout1 for layer 61
[DEBUG] Adding ln1 for layer 61
[DEBUG] Adding multi_out1 (Q,K,V) for layer 61
[DEBUG] Adding multi_head_attention for layer 61
[DEBUG] Adding add1 (residual after attention) for layer 61
[DEBUG] Adding ln_multiout2 for layer 61
[DEBUG] Adding ln2 for layer 61
[DEBUG] Adding multi_out3 for layer 61
[DEBUG] Adding FFN fc1 for layer 61
[DEBUG] Adding FFN fc2 for layer 61
[DEBUG] Adding add2 (residual after FFN) for layer 61
[DEBUG] Creating transformer layer 62
[DEBUG] Adding ln_multiout1 for layer 62
[DEBUG] Adding ln1 for layer 62
[DEBUG] Adding multi_out1 (Q,K,V) for layer 62
[DEBUG] Adding multi_head_attention for layer 62
[DEBUG] Adding add1 (residual after attention) for layer 62
[DEBUG] Adding ln_multiout2 for layer 62
[DEBUG] Adding ln2 for layer 62
[DEBUG] Adding multi_out3 for layer 62
[DEBUG] Adding FFN fc1 for layer 62
[DEBUG] Adding FFN fc2 for layer 62
[DEBUG] Adding add2 (residual after FFN) for layer 62
[DEBUG] Creating transformer layer 63
[DEBUG] Adding ln_multiout1 for layer 63
[DEBUG] Adding ln1 for layer 63
[DEBUG] Adding multi_out1 (Q,K,V) for layer 63
[DEBUG] Adding multi_head_attention for layer 63
[DEBUG] Adding add1 (residual after attention) for layer 63
[DEBUG] Adding ln_multiout2 for layer 63
[DEBUG] Adding ln2 for layer 63
[DEBUG] Adding multi_out3 for layer 63
[DEBUG] Adding FFN fc1 for layer 63
[DEBUG] Adding FFN fc2 for layer 63
[DEBUG] Adding add2 (residual after FFN) for layer 63
[DEBUG] Adding final layer normalization...
[DEBUG] Final layer normalization added successfully
[DEBUG] Skipping pooling2d layer for debugging...
[DEBUG] Adding simple output projection...
[DEBUG] Output projection added successfully

[CHECKPOINT] Setting up gradient checkpointing for transformer blocks...
[CHECKPOINT] Added checkpoint block for transformer layer 0 (11 layers)
[CHECKPOINT] Added checkpoint block for transformer layer 1 (11 layers)
[CHECKPOINT] Added checkpoint block for transformer layer 2 (11 layers)
[CHECKPOINT] Added checkpoint block for transformer layer 3 (11 layers)
[CHECKPOINT] Added checkpoint block for transformer layer 4 (11 layers)
[CHECKPOINT] Added checkpoint block for transformer layer 5 (11 layers)
[CHECKPOINT] Added checkpoint block for transformer layer 6 (11 layers)
[CHECKPOINT] Added checkpoint block for transformer layer 7 (11 layers)
[CHECKPOINT] Added checkpoint block for transformer layer 8 (11 layers)
[CHECKPOINT] Added checkpoint block for transformer layer 9 (11 layers)
[CHECKPOINT] Added checkpoint block for transformer layer 10 (11 layers)
[CHECKPOINT] Added checkpoint block for transformer layer 11 (11 layers)
[CHECKPOINT] Added checkpoint block for transformer layer 12 (11 layers)
[CHECKPOINT] Added checkpoint block for transformer layer 13 (11 layers)
[CHECKPOINT] Added checkpoint block for transformer layer 14 (11 layers)
[CHECKPOINT] Added checkpoint block for transformer layer 15 (11 layers)
[CHECKPOINT] Added checkpoint block for transformer layer 16 (11 layers)
[CHECKPOINT] Added checkpoint block for transformer layer 17 (11 layers)
[CHECKPOINT] Added checkpoint block for transformer layer 18 (11 layers)
[CHECKPOINT] Added checkpoint block for transformer layer 19 (11 layers)
[CHECKPOINT] Added checkpoint block for transformer layer 20 (11 layers)
[CHECKPOINT] Added checkpoint block for transformer layer 21 (11 layers)
[CHECKPOINT] Added checkpoint block for transformer layer 22 (11 layers)
[CHECKPOINT] Added checkpoint block for transformer layer 23 (11 layers)
[CHECKPOINT] Added checkpoint block for transformer layer 24 (11 layers)
[CHECKPOINT] Added checkpoint block for transformer layer 25 (11 layers)
[CHECKPOINT] Added checkpoint block for transformer layer 26 (11 layers)
[CHECKPOINT] Added checkpoint block for transformer layer 27 (11 layers)
[CHECKPOINT] Added checkpoint block for transformer layer 28 (11 layers)
[CHECKPOINT] Added checkpoint block for transformer layer 29 (11 layers)
[CHECKPOINT] Added checkpoint block for transformer layer 30 (11 layers)
[CHECKPOINT] Added checkpoint block for transformer layer 31 (11 layers)
[CHECKPOINT] Added checkpoint block for transformer layer 32 (11 layers)
[CHECKPOINT] Added checkpoint block for transformer layer 33 (11 layers)
[CHECKPOINT] Added checkpoint block for transformer layer 34 (11 layers)
[CHECKPOINT] Added checkpoint block for transformer layer 35 (11 layers)
[CHECKPOINT] Added checkpoint block for transformer layer 36 (11 layers)
[CHECKPOINT] Added checkpoint block for transformer layer 37 (11 layers)
[CHECKPOINT] Added checkpoint block for transformer layer 38 (11 layers)
[CHECKPOINT] Added checkpoint block for transformer layer 39 (11 layers)
[CHECKPOINT] Added checkpoint block for transformer layer 40 (11 layers)
[CHECKPOINT] Added checkpoint block for transformer layer 41 (11 layers)
[CHECKPOINT] Added checkpoint block for transformer layer 42 (11 layers)
[CHECKPOINT] Added checkpoint block for transformer layer 43 (11 layers)
[CHECKPOINT] Added checkpoint block for transformer layer 44 (11 layers)
[CHECKPOINT] Added checkpoint block for transformer layer 45 (11 layers)
[CHECKPOINT] Added checkpoint block for transformer layer 46 (11 layers)
[CHECKPOINT] Added checkpoint block for transformer layer 47 (11 layers)
[CHECKPOINT] Added checkpoint block for transformer layer 48 (11 layers)
[CHECKPOINT] Added checkpoint block for transformer layer 49 (11 layers)
[CHECKPOINT] Added checkpoint block for transformer layer 50 (11 layers)
[CHECKPOINT] Added checkpoint block for transformer layer 51 (11 layers)
[CHECKPOINT] Added checkpoint block for transformer layer 52 (11 layers)
[CHECKPOINT] Added checkpoint block for transformer layer 53 (11 layers)
[CHECKPOINT] Added checkpoint block for transformer layer 54 (11 layers)
[CHECKPOINT] Added checkpoint block for transformer layer 55 (11 layers)
[CHECKPOINT] Added checkpoint block for transformer layer 56 (11 layers)
[CHECKPOINT] Added checkpoint block for transformer layer 57 (11 layers)
[CHECKPOINT] Added checkpoint block for transformer layer 58 (11 layers)
[CHECKPOINT] Added checkpoint block for transformer layer 59 (11 layers)
[CHECKPOINT] Added checkpoint block for transformer layer 60 (11 layers)
[CHECKPOINT] Added checkpoint block for transformer layer 61 (11 layers)
[CHECKPOINT] Added checkpoint block for transformer layer 62 (11 layers)
[CHECKPOINT] Added checkpoint block for transformer layer 63 (11 layers)
[CHECKPOINT] Gradient checkpointing setup complete!
[CHECKPOINT] Total checkpoint blocks: 64
[CHECKPOINT] Expected memory savings: ~98%
[DEBUG] Model creation completed successfully!
[DEBUG] Model created successfully!
[TIMING] Model Creation took: 28 ms
[MEMORY] After Model Creation - Peak: 4276 MB, Current: 4276 MB, RSS: 15 MB
[DEBUG] Setting model properties...
[DEBUG] Model properties set successfully
[DEBUG] Creating optimizer...
[DEBUG] Optimizer set successfully
[TIMING] Model Configuration took: 0 ms
[DEBUG] Compiling model...
[DEBUG] Model compiled with status: 0
[TIMING] Model Compilation took: 57 ms
[MEMORY] After Compilation - Peak: 4276 MB, Current: 4276 MB, RSS: 16 MB
[DEBUG] Initializing model...
[DEBUG] Model initialized with status: 0
[TIMING] Model Initialization took: 244 ms
[MEMORY] After Initialization - Peak: 4432 MB, Current: 4432 MB, RSS: 171 MB
[DEBUG] Creating data generator...
[DEBUG] Data generator created successfully
[DEBUG] Setting dataset...
[DEBUG] Dataset set successfully
[TIMING] Data Setup took: 0 ms
[DEBUG] Starting training...
[INFO] Iteration stats are printed from neuralnet.cpp (once per batch)
#1/3 [          0           ]  ( Training Loss: 9.73031 )
 [ITER] #1 - Total: 6983563 μs, Forward: 1221651 μs, Backward: 5761911 μs, Memory: 283 MB
#1/3 [          1           ]  ( Training Loss: 14.4745 )
 [ITER] #2 - Total: 5960943 μs, Forward: 643600 μs, Backward: 5317342 μs, Memory: 284 MB
#1/3 [          2           ]  ( Training Loss: 4.76887 )
 [ITER] #3 - Total: 5786633 μs, Forward: 658929 μs, Backward: 5127703 μs, Memory: 284 MB
#1/3 [          3           ]  ( Training Loss: 0.126847 )
 [ITER] #4 - Total: 5982457 μs, Forward: 718734 μs, Backward: 5263722 μs, Memory: 284 MB
#1/3 [          4           ]  ( Training Loss: 0.976778 )
 [ITER] #5 - Total: 5928664 μs, Forward: 662154 μs, Backward: 5266509 μs, Memory: 284 MB
#1/3 [          5           ]  ( Training Loss: 2.39738 )
 [ITER] #6 - Total: 5814273 μs, Forward: 661194 μs, Backward: 5153078 μs, Memory: 284 MB
#1/3 [          6           ]  ( Training Loss: 2.23032 )
 [ITER] #7 - Total: 5885709 μs, Forward: 619159 μs, Backward: 5266549 μs, Memory: 284 MB
#1/3 [          7           ]  ( Training Loss: 1.23688 )
 [ITER] #8 - Total: 6005827 μs, Forward: 659186 μs, Backward: 5346641 μs, Memory: 284 MB
#1/3 - Training Loss: 4.49273
#2/3 [          0           ]  ( Training Loss: 0.367069 )
 [ITER] #9 - Total: 5869841 μs, Forward: 645928 μs, Backward: 5223912 μs, Memory: 284 MB
#2/3 [          1           ]  ( Training Loss: 0.0099732 )
 [ITER] #10 - Total: 5909280 μs, Forward: 641531 μs, Backward: 5267749 μs, Memory: 284 MB
#2/3 [          2           ]  ( Training Loss: 0.108491 )
 [ITER] #11 - Total: 5972707 μs, Forward: 799421 μs, Backward: 5173285 μs, Memory: 284 MB
#2/3 [          3           ]  ( Training Loss: 0.407321 )
 [ITER] #12 - Total: 6202267 μs, Forward: 701763 μs, Backward: 5500503 μs, Memory: 284 MB
#2/3 [          4           ]  ( Training Loss: 0.656168 )
 [ITER] #13 - Total: 5915641 μs, Forward: 658201 μs, Backward: 5257439 μs, Memory: 284 MB
#2/3 [          5           ]  ( Training Loss: 0.72491 )
 [ITER] #14 - Total: 5853190 μs, Forward: 631370 μs, Backward: 5221820 μs, Memory: 284 MB
#2/3 [          6           ]  ( Training Loss: 0.615101 )
 [ITER] #15 - Total: 5841944 μs, Forward: 686193 μs, Backward: 5155750 μs, Memory: 284 MB
#2/3 [          7           ]  ( Training Loss: 0.406625 )
 [ITER] #16 - Total: 5747561 μs, Forward: 648355 μs, Backward: 5099205 μs, Memory: 284 MB
#2/3 - Training Loss: 0.411957
#3/3 [          0           ]  ( Training Loss: 0.195311 )
 [ITER] #17 - Total: 5747294 μs, Forward: 625212 μs, Backward: 5122081 μs, Memory: 284 MB
#3/3 [          1           ]  ( Training Loss: 0.0508526 )
 [ITER] #18 - Total: 5685565 μs, Forward: 612484 μs, Backward: 5073081 μs, Memory: 284 MB
#3/3 [          2           ]  ( Training Loss: 0.00017044 )
 [ITER] #19 - Total: 5843325 μs, Forward: 609374 μs, Backward: 5233950 μs, Memory: 284 MB
#3/3 [          3           ]  ( Training Loss: 0.0307847 )
 [ITER] #20 - Total: 5772717 μs, Forward: 636007 μs, Backward: 5136710 μs, Memory: 284 MB
#3/3 [          4           ]  ( Training Loss: 0.105895 )
 [ITER] #21 - Total: 5706461 μs, Forward: 655246 μs, Backward: 5051214 μs, Memory: 284 MB
#3/3 [          5           ]  ( Training Loss: 0.183047 )
 [ITER] #22 - Total: 5790958 μs, Forward: 654878 μs, Backward: 5136080 μs, Memory: 284 MB
#3/3 [          6           ]  ( Training Loss: 0.229699 )
 [ITER] #23 - Total: 5850626 μs, Forward: 639985 μs, Backward: 5210640 μs, Memory: 284 MB
#3/3 [          7           ]  ( Training Loss: 0.231599 )
 [ITER] #24 - Total: 5814725 μs, Forward: 622472 μs, Backward: 5192252 μs, Memory: 284 MB
#3/3 - Training Loss: 0.12842
[DEBUG] Training completed successfully
[TIMING] Training took: 141946 ms
[MEMORY] After Training - Peak: 4807 MB, Current: 4730 MB, RSS: 271 MB

=== PERFORMANCE SUMMARY ===
Model Configuration:
  - Sequence Length: 64
  - Vocab Size: 1000
  - Model Dimension: 128
  - Number of Heads: 4
  - Number of Layers: 64
  - FFN Dimension: 512
  - Batch Size: 4
  - Epochs: 3

Approximate Model Parameters (GELU FFN):
  - Embedding: 8192
  - Attention: 4194304
  - GELU FFN: 8388608 (2 projections: fc1+fc2)
  - Total: 12591104 (~48 MB)

=== STDERR ===
