Command: nntrainer/build/Applications/GC_Test/jni/gelu_gc_test --seq_len 64 --model_dim 1024 --num_heads 8 --ffn_dim 4096 --epochs 3 --learning_rate 0.0001 --num_layers 4 --batch_size 4
Timestamp: 20251215_082327
Return code: 0

=== STDOUT ===
[CONFIG] Parsed arguments:
  seq_len=64, vocab_size=1000, model_dim=1024
  num_heads=8, num_layers=4, ffn_dim=4096
  batch_size=4, epochs=3, learning_rate=0.0001
[DEBUG] Starting main function...
[MEMORY] Program Start - Peak: 4274 MB, Current: 4274 MB, RSS: 12 MB
[DEBUG] Creating model...
[DEBUG] Starting model creation...
[DEBUG] Model created successfully
[DEBUG] Adding input layer...
[DEBUG] Input layer added successfully
[DEBUG] Adding simple embedding layer...
[DEBUG] Embedding layer (FC) added successfully
[DEBUG] Creating transformer layer 0
[DEBUG] Adding ln_multiout1 for layer 0
[DEBUG] Adding ln1 for layer 0
[DEBUG] Adding multi_out1 (Q,K,V) for layer 0
[DEBUG] Adding multi_head_attention for layer 0
[DEBUG] Adding add1 (residual after attention) for layer 0
[DEBUG] Adding ln_multiout2 for layer 0
[DEBUG] Adding ln2 for layer 0
[DEBUG] Adding multi_out3 for layer 0
[DEBUG] Adding FFN fc1 for layer 0
[DEBUG] Adding FFN fc2 for layer 0
[DEBUG] Adding add2 (residual after FFN) for layer 0
[DEBUG] Creating transformer layer 1
[DEBUG] Adding ln_multiout1 for layer 1
[DEBUG] Adding ln1 for layer 1
[DEBUG] Adding multi_out1 (Q,K,V) for layer 1
[DEBUG] Adding multi_head_attention for layer 1
[DEBUG] Adding add1 (residual after attention) for layer 1
[DEBUG] Adding ln_multiout2 for layer 1
[DEBUG] Adding ln2 for layer 1
[DEBUG] Adding multi_out3 for layer 1
[DEBUG] Adding FFN fc1 for layer 1
[DEBUG] Adding FFN fc2 for layer 1
[DEBUG] Adding add2 (residual after FFN) for layer 1
[DEBUG] Creating transformer layer 2
[DEBUG] Adding ln_multiout1 for layer 2
[DEBUG] Adding ln1 for layer 2
[DEBUG] Adding multi_out1 (Q,K,V) for layer 2
[DEBUG] Adding multi_head_attention for layer 2
[DEBUG] Adding add1 (residual after attention) for layer 2
[DEBUG] Adding ln_multiout2 for layer 2
[DEBUG] Adding ln2 for layer 2
[DEBUG] Adding multi_out3 for layer 2
[DEBUG] Adding FFN fc1 for layer 2
[DEBUG] Adding FFN fc2 for layer 2
[DEBUG] Adding add2 (residual after FFN) for layer 2
[DEBUG] Creating transformer layer 3
[DEBUG] Adding ln_multiout1 for layer 3
[DEBUG] Adding ln1 for layer 3
[DEBUG] Adding multi_out1 (Q,K,V) for layer 3
[DEBUG] Adding multi_head_attention for layer 3
[DEBUG] Adding add1 (residual after attention) for layer 3
[DEBUG] Adding ln_multiout2 for layer 3
[DEBUG] Adding ln2 for layer 3
[DEBUG] Adding multi_out3 for layer 3
[DEBUG] Adding FFN fc1 for layer 3
[DEBUG] Adding FFN fc2 for layer 3
[DEBUG] Adding add2 (residual after FFN) for layer 3
[DEBUG] Adding final layer normalization...
[DEBUG] Final layer normalization added successfully
[DEBUG] Skipping pooling2d layer for debugging...
[DEBUG] Adding simple output projection...
[DEBUG] Output projection added successfully

[INFO] Gradient checkpointing is DISABLED
[DEBUG] Model creation completed successfully!
[DEBUG] Model created successfully!
[TIMING] Model Creation took: 8 ms
[MEMORY] After Model Creation - Peak: 4275 MB, Current: 4275 MB, RSS: 15 MB
[DEBUG] Setting model properties...
[DEBUG] Model properties set successfully
[DEBUG] Creating optimizer...
[DEBUG] Optimizer set successfully
[TIMING] Model Configuration took: 0 ms
[DEBUG] Compiling model...
[DEBUG] Model compiled with status: 0
[TIMING] Model Compilation took: 4 ms
[MEMORY] After Compilation - Peak: 4275 MB, Current: 4275 MB, RSS: 15 MB
[DEBUG] Initializing model...
[DEBUG] Model initialized with status: 0
[TIMING] Model Initialization took: 892 ms
[MEMORY] After Initialization - Peak: 4852 MB, Current: 4852 MB, RSS: 592 MB
[DEBUG] Creating data generator...
[DEBUG] Data generator created successfully
[DEBUG] Setting dataset...
[DEBUG] Dataset set successfully
[TIMING] Data Setup took: 0 ms
[DEBUG] Starting training...
[INFO] Iteration stats are printed from neuralnet.cpp (once per batch)
#1/3 [          0           ]  ( Training Loss: 0.333835 )
 [ITER] #1 - Total: 2937582 μs, Forward: 439648 μs, Backward: 2497933 μs, Memory: 760 MB
#1/3 [          1           ]  ( Training Loss: 559.053 )
 [ITER] #2 - Total: 2724641 μs, Forward: 328002 μs, Backward: 2396638 μs, Memory: 765 MB
#1/3 [          2           ]  ( Training Loss: 79.3097 )
 [ITER] #3 - Total: 2684088 μs, Forward: 294810 μs, Backward: 2389277 μs, Memory: 765 MB
#1/3 [          3           ]  ( Training Loss: 6.15277 )
 [ITER] #4 - Total: 2619119 μs, Forward: 288090 μs, Backward: 2331028 μs, Memory: 765 MB
#1/3 [          4           ]  ( Training Loss: 52.8625 )
 [ITER] #5 - Total: 2727373 μs, Forward: 296170 μs, Backward: 2431202 μs, Memory: 765 MB
#1/3 [          5           ]  ( Training Loss: 49.526 )
 [ITER] #6 - Total: 2692753 μs, Forward: 306996 μs, Backward: 2385757 μs, Memory: 765 MB
#1/3 [          6           ]  ( Training Loss: 24.8302 )
 [ITER] #7 - Total: 2693582 μs, Forward: 306520 μs, Backward: 2387061 μs, Memory: 765 MB
#1/3 [          7           ]  ( Training Loss: 6.03685 )
 [ITER] #8 - Total: 2719269 μs, Forward: 302375 μs, Backward: 2416894 μs, Memory: 765 MB
#1/3 - Training Loss: 97.2632
#2/3 [          0           ]  ( Training Loss: 0.00569681 )
 [ITER] #9 - Total: 2799076 μs, Forward: 315154 μs, Backward: 2483921 μs, Memory: 765 MB
#2/3 [          1           ]  ( Training Loss: 3.33069 )
 [ITER] #10 - Total: 2660880 μs, Forward: 294172 μs, Backward: 2366708 μs, Memory: 765 MB
#2/3 [          2           ]  ( Training Loss: 9.29138 )
 [ITER] #11 - Total: 2687139 μs, Forward: 292050 μs, Backward: 2395088 μs, Memory: 765 MB
#2/3 [          3           ]  ( Training Loss: 12.6802 )
 [ITER] #12 - Total: 2713162 μs, Forward: 316463 μs, Backward: 2396699 μs, Memory: 765 MB
#2/3 [          4           ]  ( Training Loss: 12.0775 )
 [ITER] #13 - Total: 2692744 μs, Forward: 318707 μs, Backward: 2374036 μs, Memory: 765 MB
#2/3 [          5           ]  ( Training Loss: 8.75702 )
 [ITER] #14 - Total: 2668974 μs, Forward: 295644 μs, Backward: 2373330 μs, Memory: 765 MB
#2/3 [          6           ]  ( Training Loss: 4.74895 )
 [ITER] #15 - Total: 2805826 μs, Forward: 436939 μs, Backward: 2368886 μs, Memory: 765 MB
#2/3 [          7           ]  ( Training Loss: 1.63518 )
 [ITER] #16 - Total: 2666242 μs, Forward: 293263 μs, Backward: 2372979 μs, Memory: 765 MB
#2/3 - Training Loss: 6.56582
#3/3 [          0           ]  ( Training Loss: 0.139536 )
 [ITER] #17 - Total: 2689518 μs, Forward: 291229 μs, Backward: 2398288 μs, Memory: 765 MB
#3/3 [          1           ]  ( Training Loss: 0.200492 )
 [ITER] #18 - Total: 2719149 μs, Forward: 313003 μs, Backward: 2406146 μs, Memory: 765 MB
#3/3 [          2           ]  ( Training Loss: 1.25842 )
 [ITER] #19 - Total: 2710055 μs, Forward: 342539 μs, Backward: 2367515 μs, Memory: 765 MB
#3/3 [          3           ]  ( Training Loss: 2.58882 )
 [ITER] #20 - Total: 2762752 μs, Forward: 251298 μs, Backward: 2511453 μs, Memory: 765 MB
#3/3 [          4           ]  ( Training Loss: 3.58151 )
 [ITER] #21 - Total: 2758515 μs, Forward: 312227 μs, Backward: 2446287 μs, Memory: 765 MB
#3/3 [          5           ]  ( Training Loss: 3.90435 )
 [ITER] #22 - Total: 2744032 μs, Forward: 350358 μs, Backward: 2393674 μs, Memory: 765 MB
#3/3 [          6           ]  ( Training Loss: 3.53235 )
 [ITER] #23 - Total: 2816786 μs, Forward: 330934 μs, Backward: 2485851 μs, Memory: 765 MB
#3/3 [          7           ]  ( Training Loss: 2.67266 )
 [ITER] #24 - Total: 2711318 μs, Forward: 306178 μs, Backward: 2405139 μs, Memory: 765 MB
#3/3 - Training Loss: 2.23477
[DEBUG] Training completed successfully
[TIMING] Training took: 65636 ms
[MEMORY] After Training - Peak: 5287 MB, Current: 5067 MB, RSS: 617 MB

=== PERFORMANCE SUMMARY ===
Model Configuration:
  - Sequence Length: 64
  - Vocab Size: 1000
  - Model Dimension: 1024
  - Number of Heads: 8
  - Number of Layers: 4
  - FFN Dimension: 4096
  - Batch Size: 4
  - Epochs: 3

Approximate Model Parameters (GELU FFN):
  - Embedding: 65536
  - Attention: 16777216
  - GELU FFN: 33554432 (2 projections: fc1+fc2)
  - Total: 50397184 (~192 MB)

=== STDERR ===
