Command: nntrainer/build/Applications/GC_Test/jni/gelu_gc_test --seq_len 64 --model_dim 128 --num_heads 4 --ffn_dim 512 --epochs 3 --learning_rate 0.0001 --num_layers 8 --batch_size 1 --enable-checkpoint
Timestamp: 20251215_072949
Return code: 0

=== STDOUT ===
[CONFIG] Parsed arguments:
  seq_len=64, vocab_size=1000, model_dim=128
  num_heads=4, num_layers=8, ffn_dim=512
  batch_size=1, epochs=3, learning_rate=0.0001
[DEBUG] Starting main function...
[MEMORY] Program Start - Peak: 4274 MB, Current: 4274 MB, RSS: 12 MB
[DEBUG] Creating model...
[DEBUG] Starting model creation...
[DEBUG] Model created successfully
[DEBUG] Adding input layer...
[DEBUG] Input layer added successfully
[DEBUG] Adding simple embedding layer...
[DEBUG] Embedding layer (FC) added successfully
[DEBUG] Creating transformer layer 0
[DEBUG] Adding ln_multiout1 for layer 0
[DEBUG] Adding ln1 for layer 0
[DEBUG] Adding multi_out1 (Q,K,V) for layer 0
[DEBUG] Adding multi_head_attention for layer 0
[DEBUG] Adding add1 (residual after attention) for layer 0
[DEBUG] Adding ln_multiout2 for layer 0
[DEBUG] Adding ln2 for layer 0
[DEBUG] Adding multi_out3 for layer 0
[DEBUG] Adding FFN fc1 for layer 0
[DEBUG] Adding FFN fc2 for layer 0
[DEBUG] Adding add2 (residual after FFN) for layer 0
[DEBUG] Creating transformer layer 1
[DEBUG] Adding ln_multiout1 for layer 1
[DEBUG] Adding ln1 for layer 1
[DEBUG] Adding multi_out1 (Q,K,V) for layer 1
[DEBUG] Adding multi_head_attention for layer 1
[DEBUG] Adding add1 (residual after attention) for layer 1
[DEBUG] Adding ln_multiout2 for layer 1
[DEBUG] Adding ln2 for layer 1
[DEBUG] Adding multi_out3 for layer 1
[DEBUG] Adding FFN fc1 for layer 1
[DEBUG] Adding FFN fc2 for layer 1
[DEBUG] Adding add2 (residual after FFN) for layer 1
[DEBUG] Creating transformer layer 2
[DEBUG] Adding ln_multiout1 for layer 2
[DEBUG] Adding ln1 for layer 2
[DEBUG] Adding multi_out1 (Q,K,V) for layer 2
[DEBUG] Adding multi_head_attention for layer 2
[DEBUG] Adding add1 (residual after attention) for layer 2
[DEBUG] Adding ln_multiout2 for layer 2
[DEBUG] Adding ln2 for layer 2
[DEBUG] Adding multi_out3 for layer 2
[DEBUG] Adding FFN fc1 for layer 2
[DEBUG] Adding FFN fc2 for layer 2
[DEBUG] Adding add2 (residual after FFN) for layer 2
[DEBUG] Creating transformer layer 3
[DEBUG] Adding ln_multiout1 for layer 3
[DEBUG] Adding ln1 for layer 3
[DEBUG] Adding multi_out1 (Q,K,V) for layer 3
[DEBUG] Adding multi_head_attention for layer 3
[DEBUG] Adding add1 (residual after attention) for layer 3
[DEBUG] Adding ln_multiout2 for layer 3
[DEBUG] Adding ln2 for layer 3
[DEBUG] Adding multi_out3 for layer 3
[DEBUG] Adding FFN fc1 for layer 3
[DEBUG] Adding FFN fc2 for layer 3
[DEBUG] Adding add2 (residual after FFN) for layer 3
[DEBUG] Creating transformer layer 4
[DEBUG] Adding ln_multiout1 for layer 4
[DEBUG] Adding ln1 for layer 4
[DEBUG] Adding multi_out1 (Q,K,V) for layer 4
[DEBUG] Adding multi_head_attention for layer 4
[DEBUG] Adding add1 (residual after attention) for layer 4
[DEBUG] Adding ln_multiout2 for layer 4
[DEBUG] Adding ln2 for layer 4
[DEBUG] Adding multi_out3 for layer 4
[DEBUG] Adding FFN fc1 for layer 4
[DEBUG] Adding FFN fc2 for layer 4
[DEBUG] Adding add2 (residual after FFN) for layer 4
[DEBUG] Creating transformer layer 5
[DEBUG] Adding ln_multiout1 for layer 5
[DEBUG] Adding ln1 for layer 5
[DEBUG] Adding multi_out1 (Q,K,V) for layer 5
[DEBUG] Adding multi_head_attention for layer 5
[DEBUG] Adding add1 (residual after attention) for layer 5
[DEBUG] Adding ln_multiout2 for layer 5
[DEBUG] Adding ln2 for layer 5
[DEBUG] Adding multi_out3 for layer 5
[DEBUG] Adding FFN fc1 for layer 5
[DEBUG] Adding FFN fc2 for layer 5
[DEBUG] Adding add2 (residual after FFN) for layer 5
[DEBUG] Creating transformer layer 6
[DEBUG] Adding ln_multiout1 for layer 6
[DEBUG] Adding ln1 for layer 6
[DEBUG] Adding multi_out1 (Q,K,V) for layer 6
[DEBUG] Adding multi_head_attention for layer 6
[DEBUG] Adding add1 (residual after attention) for layer 6
[DEBUG] Adding ln_multiout2 for layer 6
[DEBUG] Adding ln2 for layer 6
[DEBUG] Adding multi_out3 for layer 6
[DEBUG] Adding FFN fc1 for layer 6
[DEBUG] Adding FFN fc2 for layer 6
[DEBUG] Adding add2 (residual after FFN) for layer 6
[DEBUG] Creating transformer layer 7
[DEBUG] Adding ln_multiout1 for layer 7
[DEBUG] Adding ln1 for layer 7
[DEBUG] Adding multi_out1 (Q,K,V) for layer 7
[DEBUG] Adding multi_head_attention for layer 7
[DEBUG] Adding add1 (residual after attention) for layer 7
[DEBUG] Adding ln_multiout2 for layer 7
[DEBUG] Adding ln2 for layer 7
[DEBUG] Adding multi_out3 for layer 7
[DEBUG] Adding FFN fc1 for layer 7
[DEBUG] Adding FFN fc2 for layer 7
[DEBUG] Adding add2 (residual after FFN) for layer 7
[DEBUG] Adding final layer normalization...
[DEBUG] Final layer normalization added successfully
[DEBUG] Skipping pooling2d layer for debugging...
[DEBUG] Adding simple output projection...
[DEBUG] Output projection added successfully

[CHECKPOINT] Setting up gradient checkpointing for transformer blocks...
[CHECKPOINT] Added checkpoint block for transformer layer 0 (11 layers)
[CHECKPOINT] Added checkpoint block for transformer layer 1 (11 layers)
[CHECKPOINT] Added checkpoint block for transformer layer 2 (11 layers)
[CHECKPOINT] Added checkpoint block for transformer layer 3 (11 layers)
[CHECKPOINT] Added checkpoint block for transformer layer 4 (11 layers)
[CHECKPOINT] Added checkpoint block for transformer layer 5 (11 layers)
[CHECKPOINT] Added checkpoint block for transformer layer 6 (11 layers)
[CHECKPOINT] Added checkpoint block for transformer layer 7 (11 layers)
[CHECKPOINT] Gradient checkpointing setup complete!
[CHECKPOINT] Total checkpoint blocks: 8
[CHECKPOINT] Expected memory savings: ~87%
[DEBUG] Model creation completed successfully!
[DEBUG] Model created successfully!
[TIMING] Model Creation took: 18 ms
[MEMORY] After Model Creation - Peak: 4275 MB, Current: 4275 MB, RSS: 15 MB
[DEBUG] Setting model properties...
[DEBUG] Model properties set successfully
[DEBUG] Creating optimizer...
[DEBUG] Optimizer set successfully
[TIMING] Model Configuration took: 0 ms
[DEBUG] Compiling model...
[DEBUG] Model compiled with status: 0
[TIMING] Model Compilation took: 7 ms
[MEMORY] After Compilation - Peak: 4275 MB, Current: 4275 MB, RSS: 15 MB
[DEBUG] Initializing model...
[DEBUG] Model initialized with status: 0
[TIMING] Model Initialization took: 51 ms
[MEMORY] After Initialization - Peak: 4294 MB, Current: 4294 MB, RSS: 34 MB
[DEBUG] Creating data generator...
[DEBUG] Data generator created successfully
[DEBUG] Setting dataset...
[DEBUG] Dataset set successfully
[TIMING] Data Setup took: 0 ms
[DEBUG] Starting training...
[INFO] Iteration stats are printed from neuralnet.cpp (once per batch)
#1/3 [          0           ]  ( Training Loss: 0.268125 )
 [ITER] #1 - Total: 240531 μs, Forward: 25952 μs, Backward: 214578 μs, Memory: 41 MB
#1/3 [          1           ]  ( Training Loss: 8.20738 )
 [ITER] #2 - Total: 253307 μs, Forward: 26043 μs, Backward: 227263 μs, Memory: 41 MB
#1/3 [          2           ]  ( Training Loss: 1.25715 )
 [ITER] #3 - Total: 255902 μs, Forward: 29252 μs, Backward: 226649 μs, Memory: 41 MB
#1/3 [          3           ]  ( Training Loss: 0.306418 )
 [ITER] #4 - Total: 259883 μs, Forward: 36388 μs, Backward: 223494 μs, Memory: 41 MB
#1/3 [          4           ]  ( Training Loss: 1.91367 )
 [ITER] #5 - Total: 233731 μs, Forward: 25905 μs, Backward: 207825 μs, Memory: 41 MB
#1/3 [          5           ]  ( Training Loss: 1.94194 )
 [ITER] #6 - Total: 231009 μs, Forward: 26622 μs, Backward: 204386 μs, Memory: 41 MB
#1/3 [          6           ]  ( Training Loss: 1.02643 )
 [ITER] #7 - Total: 248970 μs, Forward: 21641 μs, Backward: 227328 μs, Memory: 41 MB
#1/3 [          7           ]  ( Training Loss: 0.248138 )
 [ITER] #8 - Total: 278970 μs, Forward: 30792 μs, Backward: 248177 μs, Memory: 41 MB
#1/3 [          8           ]  ( Training Loss: 7.60315e-05 )
 [ITER] #9 - Total: 230766 μs, Forward: 22981 μs, Backward: 207784 μs, Memory: 41 MB
#1/3 [          9           ]  ( Training Loss: 0.177567 )
 [ITER] #10 - Total: 240530 μs, Forward: 25159 μs, Backward: 215370 μs, Memory: 41 MB
#1/3 [          10          ]  ( Training Loss: 0.477494 )
 [ITER] #11 - Total: 232228 μs, Forward: 24492 μs, Backward: 207735 μs, Memory: 41 MB
#1/3 [          11          ]  ( Training Loss: 0.650325 )
 [ITER] #12 - Total: 234896 μs, Forward: 23129 μs, Backward: 211766 μs, Memory: 41 MB
#1/3 [          12          ]  ( Training Loss: 0.618299 )
 [ITER] #13 - Total: 224716 μs, Forward: 21136 μs, Backward: 203579 μs, Memory: 41 MB
#1/3 [          13          ]  ( Training Loss: 0.43901 )
 [ITER] #14 - Total: 240486 μs, Forward: 25028 μs, Backward: 215457 μs, Memory: 41 MB
#1/3 [          14          ]  ( Training Loss: 0.220917 )
 [ITER] #15 - Total: 227137 μs, Forward: 25727 μs, Backward: 201409 μs, Memory: 41 MB
#1/3 [          15          ]  ( Training Loss: 0.0588087 )
 [ITER] #16 - Total: 225759 μs, Forward: 21295 μs, Backward: 204463 μs, Memory: 41 MB
#1/3 [          16          ]  ( Training Loss: 0.000132088 )
 [ITER] #17 - Total: 226250 μs, Forward: 21519 μs, Backward: 204731 μs, Memory: 41 MB
#1/3 [          17          ]  ( Training Loss: 0.0381603 )
 [ITER] #18 - Total: 223886 μs, Forward: 21495 μs, Backward: 202390 μs, Memory: 41 MB
#1/3 [          18          ]  ( Training Loss: 0.126844 )
 [ITER] #19 - Total: 218636 μs, Forward: 21119 μs, Backward: 197516 μs, Memory: 41 MB
#1/3 [          19          ]  ( Training Loss: 0.208903 )
 [ITER] #20 - Total: 219467 μs, Forward: 21687 μs, Backward: 197780 μs, Memory: 41 MB
#1/3 [          20          ]  ( Training Loss: 0.243404 )
 [ITER] #21 - Total: 251455 μs, Forward: 20683 μs, Backward: 230771 μs, Memory: 41 MB
#1/3 [          21          ]  ( Training Loss: 0.219814 )
 [ITER] #22 - Total: 219819 μs, Forward: 21419 μs, Backward: 198400 μs, Memory: 41 MB
#1/3 [          22          ]  ( Training Loss: 0.155054 )
 [ITER] #23 - Total: 225527 μs, Forward: 20728 μs, Backward: 204798 μs, Memory: 41 MB
#1/3 [          23          ]  ( Training Loss: 0.0797995 )
 [ITER] #24 - Total: 228597 μs, Forward: 24284 μs, Backward: 204312 μs, Memory: 41 MB
#1/3 [          24          ]  ( Training Loss: 0.0228967 )
 [ITER] #25 - Total: 221198 μs, Forward: 20213 μs, Backward: 200985 μs, Memory: 41 MB
#1/3 [          25          ]  ( Training Loss: 0.000280176 )
 [ITER] #26 - Total: 266675 μs, Forward: 22452 μs, Backward: 244222 μs, Memory: 41 MB
#1/3 [          26          ]  ( Training Loss: 0.0112659 )
 [ITER] #27 - Total: 243826 μs, Forward: 29475 μs, Backward: 214351 μs, Memory: 41 MB
#1/3 [          27          ]  ( Training Loss: 0.0420098 )
 [ITER] #28 - Total: 228072 μs, Forward: 25537 μs, Backward: 202534 μs, Memory: 41 MB
#1/3 [          28          ]  ( Training Loss: 0.0735468 )
 [ITER] #29 - Total: 226690 μs, Forward: 21105 μs, Backward: 205584 μs, Memory: 41 MB
#1/3 [          29          ]  ( Training Loss: 0.0904444 )
 [ITER] #30 - Total: 233782 μs, Forward: 23420 μs, Backward: 210361 μs, Memory: 41 MB
#1/3 [          30          ]  ( Training Loss: 0.0863988 )
 [ITER] #31 - Total: 289065 μs, Forward: 23339 μs, Backward: 265726 μs, Memory: 41 MB
#1/3 [          31          ]  ( Training Loss: 0.0650486 )
 [ITER] #32 - Total: 231800 μs, Forward: 23139 μs, Backward: 208660 μs, Memory: 41 MB
#1/3 - Training Loss: 0.602367
#2/3 [          0           ]  ( Training Loss: 0.0366252 )
 [ITER] #33 - Total: 222135 μs, Forward: 21423 μs, Backward: 200711 μs, Memory: 41 MB
#2/3 [          1           ]  ( Training Loss: 0.0125964 )
 [ITER] #34 - Total: 226571 μs, Forward: 21793 μs, Backward: 204776 μs, Memory: 41 MB
#2/3 [          2           ]  ( Training Loss: 0.000773848 )
 [ITER] #35 - Total: 224524 μs, Forward: 20087 μs, Backward: 204436 μs, Memory: 41 MB
#2/3 [          3           ]  ( Training Loss: 0.00269243 )
 [ITER] #36 - Total: 225457 μs, Forward: 22936 μs, Backward: 202520 μs, Memory: 41 MB
#2/3 [          4           ]  ( Training Loss: 0.0139675 )
 [ITER] #37 - Total: 225557 μs, Forward: 21313 μs, Backward: 204244 μs, Memory: 41 MB
#2/3 [          5           ]  ( Training Loss: 0.0270811 )
 [ITER] #38 - Total: 223085 μs, Forward: 20263 μs, Backward: 202820 μs, Memory: 41 MB
#2/3 [          6           ]  ( Training Loss: 0.0350985 )
 [ITER] #39 - Total: 225804 μs, Forward: 22044 μs, Backward: 203760 μs, Memory: 41 MB
#2/3 [          7           ]  ( Training Loss: 0.0345692 )
 [ITER] #40 - Total: 235208 μs, Forward: 21109 μs, Backward: 214098 μs, Memory: 41 MB
#2/3 [          8           ]  ( Training Loss: 0.0264438 )
 [ITER] #41 - Total: 233917 μs, Forward: 21653 μs, Backward: 212263 μs, Memory: 41 MB
#2/3 [          9           ]  ( Training Loss: 0.0149115 )
 [ITER] #42 - Total: 227413 μs, Forward: 22912 μs, Backward: 204500 μs, Memory: 41 MB
#2/3 [          10          ]  ( Training Loss: 0.00500757 )
 [ITER] #43 - Total: 228033 μs, Forward: 20718 μs, Backward: 207314 μs, Memory: 41 MB
#2/3 [          11          ]  ( Training Loss: 0.000245855 )
 [ITER] #44 - Total: 302222 μs, Forward: 21650 μs, Backward: 280572 μs, Memory: 41 MB
#2/3 [          12          ]  ( Training Loss: 0.00130786 )
 [ITER] #45 - Total: 262724 μs, Forward: 23880 μs, Backward: 238844 μs, Memory: 41 MB
#2/3 [          13          ]  ( Training Loss: 0.00620064 )
 [ITER] #46 - Total: 252466 μs, Forward: 27432 μs, Backward: 225033 μs, Memory: 41 MB
#2/3 [          14          ]  ( Training Loss: 0.0115882 )
 [ITER] #47 - Total: 254898 μs, Forward: 28375 μs, Backward: 226522 μs, Memory: 41 MB
#2/3 [          15          ]  ( Training Loss: 0.0145197 )
 [ITER] #48 - Total: 256251 μs, Forward: 23109 μs, Backward: 233141 μs, Memory: 41 MB
#2/3 [          16          ]  ( Training Loss: 0.0137078 )
 [ITER] #49 - Total: 234413 μs, Forward: 21825 μs, Backward: 212588 μs, Memory: 41 MB
#2/3 [          17          ]  ( Training Loss: 0.00984501 )
 [ITER] #50 - Total: 233636 μs, Forward: 20071 μs, Backward: 213564 μs, Memory: 41 MB
#2/3 [          18          ]  ( Training Loss: 0.00495763 )
 [ITER] #51 - Total: 285355 μs, Forward: 25940 μs, Backward: 259414 μs, Memory: 41 MB
#2/3 [          19          ]  ( Training Loss: 0.00124182 )
 [ITER] #52 - Total: 229961 μs, Forward: 22112 μs, Backward: 207849 μs, Memory: 41 MB
#2/3 [          20          ]  ( Training Loss: 1.53496e-06 )
 [ITER] #53 - Total: 228241 μs, Forward: 21152 μs, Backward: 207087 μs, Memory: 41 MB
#2/3 [          21          ]  ( Training Loss: 0.00116855 )
 [ITER] #54 - Total: 230238 μs, Forward: 21357 μs, Backward: 208880 μs, Memory: 41 MB
#2/3 [          22          ]  ( Training Loss: 0.00355028 )
 [ITER] #55 - Total: 231371 μs, Forward: 23224 μs, Backward: 208146 μs, Memory: 41 MB
#2/3 [          23          ]  ( Training Loss: 0.00558366 )
 [ITER] #56 - Total: 235990 μs, Forward: 21827 μs, Backward: 214162 μs, Memory: 41 MB
#2/3 [          24          ]  ( Training Loss: 0.00615616 )
 [ITER] #57 - Total: 225301 μs, Forward: 21298 μs, Backward: 204003 μs, Memory: 41 MB
#2/3 [          25          ]  ( Training Loss: 0.00508012 )
 [ITER] #58 - Total: 228229 μs, Forward: 24452 μs, Backward: 203776 μs, Memory: 41 MB
#2/3 [          26          ]  ( Training Loss: 0.00303362 )
 [ITER] #59 - Total: 236147 μs, Forward: 21986 μs, Backward: 214160 μs, Memory: 41 MB
#2/3 [          27          ]  ( Training Loss: 0.00107968 )
 [ITER] #60 - Total: 227693 μs, Forward: 21256 μs, Backward: 206436 μs, Memory: 41 MB
#2/3 [          28          ]  ( Training Loss: 6.69931e-05 )
 [ITER] #61 - Total: 234086 μs, Forward: 23922 μs, Backward: 210163 μs, Memory: 41 MB
#2/3 [          29          ]  ( Training Loss: 0.000234737 )
 [ITER] #62 - Total: 283359 μs, Forward: 20822 μs, Backward: 262536 μs, Memory: 41 MB
#2/3 [          30          ]  ( Training Loss: 0.00118969 )
 [ITER] #63 - Total: 222384 μs, Forward: 20635 μs, Backward: 201748 μs, Memory: 41 MB
#2/3 [          31          ]  ( Training Loss: 0.00221061 )
 [ITER] #64 - Total: 222897 μs, Forward: 21268 μs, Backward: 201628 μs, Memory: 41 MB
#2/3 - Training Loss: 0.00946053
#3/3 [          0           ]  ( Training Loss: 0.00267381 )
 [ITER] #65 - Total: 240130 μs, Forward: 22435 μs, Backward: 217694 μs, Memory: 41 MB
#3/3 [          1           ]  ( Training Loss: 0.0023599 )
 [ITER] #66 - Total: 229845 μs, Forward: 23249 μs, Backward: 206595 μs, Memory: 41 MB
#3/3 [          2           ]  ( Training Loss: 0.00150182 )
 [ITER] #67 - Total: 233878 μs, Forward: 21425 μs, Backward: 212452 μs, Memory: 41 MB
#3/3 [          3           ]  ( Training Loss: 0.00058706 )
 [ITER] #68 - Total: 230059 μs, Forward: 25394 μs, Backward: 204665 μs, Memory: 41 MB
#3/3 [          4           ]  ( Training Loss: 5.66086e-05 )
 [ITER] #69 - Total: 230310 μs, Forward: 20639 μs, Backward: 209670 μs, Memory: 41 MB
#3/3 [          5           ]  ( Training Loss: 7.61793e-05 )
 [ITER] #70 - Total: 234305 μs, Forward: 22340 μs, Backward: 211965 μs, Memory: 41 MB
#3/3 [          6           ]  ( Training Loss: 0.000491379 )
 [ITER] #71 - Total: 227384 μs, Forward: 23010 μs, Backward: 204373 μs, Memory: 41 MB
#3/3 [          7           ]  ( Training Loss: 0.00096341 )
 [ITER] #72 - Total: 227259 μs, Forward: 20213 μs, Backward: 207046 μs, Memory: 41 MB
#3/3 [          8           ]  ( Training Loss: 0.00118436 )
 [ITER] #73 - Total: 235403 μs, Forward: 22198 μs, Backward: 213204 μs, Memory: 41 MB
#3/3 [          9           ]  ( Training Loss: 0.00104096 )
 [ITER] #74 - Total: 226437 μs, Forward: 20604 μs, Backward: 205832 μs, Memory: 41 MB
#3/3 [          10          ]  ( Training Loss: 0.000645102 )
 [ITER] #75 - Total: 230928 μs, Forward: 28014 μs, Backward: 202914 μs, Memory: 41 MB
#3/3 [          11          ]  ( Training Loss: 0.00023361 )
 [ITER] #76 - Total: 225197 μs, Forward: 21708 μs, Backward: 203488 μs, Memory: 41 MB
#3/3 [          12          ]  ( Training Loss: 1.41531e-05 )
 [ITER] #77 - Total: 222887 μs, Forward: 22063 μs, Backward: 200824 μs, Memory: 41 MB
#3/3 [          13          ]  ( Training Loss: 5.26913e-05 )
 [ITER] #78 - Total: 227086 μs, Forward: 22780 μs, Backward: 204306 μs, Memory: 41 MB
#3/3 [          14          ]  ( Training Loss: 0.000259426 )
 [ITER] #79 - Total: 240102 μs, Forward: 25705 μs, Backward: 214397 μs, Memory: 41 MB
#3/3 [          15          ]  ( Training Loss: 0.000466017 )
 [ITER] #80 - Total: 279250 μs, Forward: 29826 μs, Backward: 249424 μs, Memory: 41 MB
#3/3 [          16          ]  ( Training Loss: 0.00053521 )
 [ITER] #81 - Total: 270447 μs, Forward: 52408 μs, Backward: 218038 μs, Memory: 41 MB
#3/3 [          17          ]  ( Training Loss: 0.000434758 )
 [ITER] #82 - Total: 279900 μs, Forward: 29679 μs, Backward: 250220 μs, Memory: 41 MB
#3/3 [          18          ]  ( Training Loss: 0.000238407 )
 [ITER] #83 - Total: 241317 μs, Forward: 24214 μs, Backward: 217102 μs, Memory: 41 MB
#3/3 [          19          ]  ( Training Loss: 6.47943e-05 )
 [ITER] #84 - Total: 247799 μs, Forward: 25950 μs, Backward: 221848 μs, Memory: 41 MB
#3/3 [          20          ]  ( Training Loss: 2.52077e-09 )
 [ITER] #85 - Total: 258413 μs, Forward: 27909 μs, Backward: 230504 μs, Memory: 41 MB
#3/3 [          21          ]  ( Training Loss: 5.18767e-05 )
 [ITER] #86 - Total: 231920 μs, Forward: 24114 μs, Backward: 207805 μs, Memory: 41 MB
#3/3 [          22          ]  ( Training Loss: 0.000158406 )
 [ITER] #87 - Total: 251070 μs, Forward: 25713 μs, Backward: 225356 μs, Memory: 41 MB
#3/3 [          23          ]  ( Training Loss: 0.000236496 )
 [ITER] #88 - Total: 225870 μs, Forward: 24595 μs, Backward: 201275 μs, Memory: 41 MB
#3/3 [          24          ]  ( Training Loss: 0.000235598 )
 [ITER] #89 - Total: 227460 μs, Forward: 23681 μs, Backward: 203779 μs, Memory: 41 MB
#3/3 [          25          ]  ( Training Loss: 0.000162684 )
 [ITER] #90 - Total: 237441 μs, Forward: 23579 μs, Backward: 213861 μs, Memory: 41 MB
#3/3 [          26          ]  ( Training Loss: 6.82293e-05 )
 [ITER] #91 - Total: 230778 μs, Forward: 20903 μs, Backward: 209874 μs, Memory: 41 MB
#3/3 [          27          ]  ( Training Loss: 7.81037e-06 )
 [ITER] #92 - Total: 271451 μs, Forward: 26585 μs, Backward: 244865 μs, Memory: 41 MB
#3/3 [          28          ]  ( Training Loss: 6.90743e-06 )
 [ITER] #93 - Total: 260078 μs, Forward: 34733 μs, Backward: 225344 μs, Memory: 41 MB
#3/3 [          29          ]  ( Training Loss: 5.01955e-05 )
 [ITER] #94 - Total: 282159 μs, Forward: 37477 μs, Backward: 244681 μs, Memory: 41 MB
#3/3 [          30          ]  ( Training Loss: 9.80202e-05 )
 [ITER] #95 - Total: 278661 μs, Forward: 34552 μs, Backward: 244108 μs, Memory: 41 MB
#3/3 [          31          ]  ( Training Loss: 0.000115257 )
 [ITER] #96 - Total: 239851 μs, Forward: 24255 μs, Backward: 215594 μs, Memory: 41 MB
#3/3 - Training Loss: 0.000470973
[DEBUG] Training completed successfully
[TIMING] Training took: 23058 ms
[MEMORY] After Training - Peak: 4564 MB, Current: 4498 MB, RSS: 39 MB

=== PERFORMANCE SUMMARY ===
Model Configuration:
  - Sequence Length: 64
  - Vocab Size: 1000
  - Model Dimension: 128
  - Number of Heads: 4
  - Number of Layers: 8
  - FFN Dimension: 512
  - Batch Size: 1
  - Epochs: 3

Approximate Model Parameters (GELU FFN):
  - Embedding: 8192
  - Attention: 524288
  - GELU FFN: 1048576 (2 projections: fc1+fc2)
  - Total: 1581056 (~6 MB)

=== STDERR ===
