Command: nntrainer/build/Applications/GC_Test/jni/gelu_gc_test --seq_len 64 --model_dim 128 --num_heads 4 --ffn_dim 512 --epochs 3 --learning_rate 0.0001 --num_layers 8 --batch_size 4
Timestamp: 20251215_073323
Return code: 0

=== STDOUT ===
[CONFIG] Parsed arguments:
  seq_len=64, vocab_size=1000, model_dim=128
  num_heads=4, num_layers=8, ffn_dim=512
  batch_size=4, epochs=3, learning_rate=0.0001
[DEBUG] Starting main function...
[MEMORY] Program Start - Peak: 4274 MB, Current: 4274 MB, RSS: 12 MB
[DEBUG] Creating model...
[DEBUG] Starting model creation...
[DEBUG] Model created successfully
[DEBUG] Adding input layer...
[DEBUG] Input layer added successfully
[DEBUG] Adding simple embedding layer...
[DEBUG] Embedding layer (FC) added successfully
[DEBUG] Creating transformer layer 0
[DEBUG] Adding ln_multiout1 for layer 0
[DEBUG] Adding ln1 for layer 0
[DEBUG] Adding multi_out1 (Q,K,V) for layer 0
[DEBUG] Adding multi_head_attention for layer 0
[DEBUG] Adding add1 (residual after attention) for layer 0
[DEBUG] Adding ln_multiout2 for layer 0
[DEBUG] Adding ln2 for layer 0
[DEBUG] Adding multi_out3 for layer 0
[DEBUG] Adding FFN fc1 for layer 0
[DEBUG] Adding FFN fc2 for layer 0
[DEBUG] Adding add2 (residual after FFN) for layer 0
[DEBUG] Creating transformer layer 1
[DEBUG] Adding ln_multiout1 for layer 1
[DEBUG] Adding ln1 for layer 1
[DEBUG] Adding multi_out1 (Q,K,V) for layer 1
[DEBUG] Adding multi_head_attention for layer 1
[DEBUG] Adding add1 (residual after attention) for layer 1
[DEBUG] Adding ln_multiout2 for layer 1
[DEBUG] Adding ln2 for layer 1
[DEBUG] Adding multi_out3 for layer 1
[DEBUG] Adding FFN fc1 for layer 1
[DEBUG] Adding FFN fc2 for layer 1
[DEBUG] Adding add2 (residual after FFN) for layer 1
[DEBUG] Creating transformer layer 2
[DEBUG] Adding ln_multiout1 for layer 2
[DEBUG] Adding ln1 for layer 2
[DEBUG] Adding multi_out1 (Q,K,V) for layer 2
[DEBUG] Adding multi_head_attention for layer 2
[DEBUG] Adding add1 (residual after attention) for layer 2
[DEBUG] Adding ln_multiout2 for layer 2
[DEBUG] Adding ln2 for layer 2
[DEBUG] Adding multi_out3 for layer 2
[DEBUG] Adding FFN fc1 for layer 2
[DEBUG] Adding FFN fc2 for layer 2
[DEBUG] Adding add2 (residual after FFN) for layer 2
[DEBUG] Creating transformer layer 3
[DEBUG] Adding ln_multiout1 for layer 3
[DEBUG] Adding ln1 for layer 3
[DEBUG] Adding multi_out1 (Q,K,V) for layer 3
[DEBUG] Adding multi_head_attention for layer 3
[DEBUG] Adding add1 (residual after attention) for layer 3
[DEBUG] Adding ln_multiout2 for layer 3
[DEBUG] Adding ln2 for layer 3
[DEBUG] Adding multi_out3 for layer 3
[DEBUG] Adding FFN fc1 for layer 3
[DEBUG] Adding FFN fc2 for layer 3
[DEBUG] Adding add2 (residual after FFN) for layer 3
[DEBUG] Creating transformer layer 4
[DEBUG] Adding ln_multiout1 for layer 4
[DEBUG] Adding ln1 for layer 4
[DEBUG] Adding multi_out1 (Q,K,V) for layer 4
[DEBUG] Adding multi_head_attention for layer 4
[DEBUG] Adding add1 (residual after attention) for layer 4
[DEBUG] Adding ln_multiout2 for layer 4
[DEBUG] Adding ln2 for layer 4
[DEBUG] Adding multi_out3 for layer 4
[DEBUG] Adding FFN fc1 for layer 4
[DEBUG] Adding FFN fc2 for layer 4
[DEBUG] Adding add2 (residual after FFN) for layer 4
[DEBUG] Creating transformer layer 5
[DEBUG] Adding ln_multiout1 for layer 5
[DEBUG] Adding ln1 for layer 5
[DEBUG] Adding multi_out1 (Q,K,V) for layer 5
[DEBUG] Adding multi_head_attention for layer 5
[DEBUG] Adding add1 (residual after attention) for layer 5
[DEBUG] Adding ln_multiout2 for layer 5
[DEBUG] Adding ln2 for layer 5
[DEBUG] Adding multi_out3 for layer 5
[DEBUG] Adding FFN fc1 for layer 5
[DEBUG] Adding FFN fc2 for layer 5
[DEBUG] Adding add2 (residual after FFN) for layer 5
[DEBUG] Creating transformer layer 6
[DEBUG] Adding ln_multiout1 for layer 6
[DEBUG] Adding ln1 for layer 6
[DEBUG] Adding multi_out1 (Q,K,V) for layer 6
[DEBUG] Adding multi_head_attention for layer 6
[DEBUG] Adding add1 (residual after attention) for layer 6
[DEBUG] Adding ln_multiout2 for layer 6
[DEBUG] Adding ln2 for layer 6
[DEBUG] Adding multi_out3 for layer 6
[DEBUG] Adding FFN fc1 for layer 6
[DEBUG] Adding FFN fc2 for layer 6
[DEBUG] Adding add2 (residual after FFN) for layer 6
[DEBUG] Creating transformer layer 7
[DEBUG] Adding ln_multiout1 for layer 7
[DEBUG] Adding ln1 for layer 7
[DEBUG] Adding multi_out1 (Q,K,V) for layer 7
[DEBUG] Adding multi_head_attention for layer 7
[DEBUG] Adding add1 (residual after attention) for layer 7
[DEBUG] Adding ln_multiout2 for layer 7
[DEBUG] Adding ln2 for layer 7
[DEBUG] Adding multi_out3 for layer 7
[DEBUG] Adding FFN fc1 for layer 7
[DEBUG] Adding FFN fc2 for layer 7
[DEBUG] Adding add2 (residual after FFN) for layer 7
[DEBUG] Adding final layer normalization...
[DEBUG] Final layer normalization added successfully
[DEBUG] Skipping pooling2d layer for debugging...
[DEBUG] Adding simple output projection...
[DEBUG] Output projection added successfully

[INFO] Gradient checkpointing is DISABLED
[DEBUG] Model creation completed successfully!
[DEBUG] Model created successfully!
[TIMING] Model Creation took: 19 ms
[MEMORY] After Model Creation - Peak: 4275 MB, Current: 4275 MB, RSS: 15 MB
[DEBUG] Setting model properties...
[DEBUG] Model properties set successfully
[DEBUG] Creating optimizer...
[DEBUG] Optimizer set successfully
[TIMING] Model Configuration took: 0 ms
[DEBUG] Compiling model...
[DEBUG] Model compiled with status: 0
[TIMING] Model Compilation took: 6 ms
[MEMORY] After Compilation - Peak: 4275 MB, Current: 4275 MB, RSS: 15 MB
[DEBUG] Initializing model...
[DEBUG] Model initialized with status: 0
[TIMING] Model Initialization took: 51 ms
[MEMORY] After Initialization - Peak: 4294 MB, Current: 4294 MB, RSS: 34 MB
[DEBUG] Creating data generator...
[DEBUG] Data generator created successfully
[DEBUG] Setting dataset...
[DEBUG] Dataset set successfully
[TIMING] Data Setup took: 0 ms
[DEBUG] Starting training...
[INFO] Iteration stats are printed from neuralnet.cpp (once per batch)
#1/3 [          0           ]  ( Training Loss: 0.268125 )
 [ITER] #1 - Total: 722860 μs, Forward: 123227 μs, Backward: 599633 μs, Memory: 70 MB
#1/3 [          1           ]  ( Training Loss: 8.20738 )
 [ITER] #2 - Total: 637560 μs, Forward: 87314 μs, Backward: 550245 μs, Memory: 70 MB
#1/3 [          2           ]  ( Training Loss: 1.25716 )
 [ITER] #3 - Total: 658416 μs, Forward: 80550 μs, Backward: 577865 μs, Memory: 70 MB
#1/3 [          3           ]  ( Training Loss: 0.306419 )
 [ITER] #4 - Total: 628798 μs, Forward: 79974 μs, Backward: 548823 μs, Memory: 70 MB
#1/3 [          4           ]  ( Training Loss: 1.91366 )
 [ITER] #5 - Total: 647268 μs, Forward: 84661 μs, Backward: 562606 μs, Memory: 70 MB
#1/3 [          5           ]  ( Training Loss: 1.94194 )
 [ITER] #6 - Total: 648185 μs, Forward: 85485 μs, Backward: 562699 μs, Memory: 70 MB
#1/3 [          6           ]  ( Training Loss: 1.02643 )
 [ITER] #7 - Total: 623029 μs, Forward: 83031 μs, Backward: 539997 μs, Memory: 70 MB
#1/3 [          7           ]  ( Training Loss: 0.248141 )
 [ITER] #8 - Total: 636874 μs, Forward: 80219 μs, Backward: 556653 μs, Memory: 70 MB
#1/3 - Training Loss: 1.89616
#2/3 [          0           ]  ( Training Loss: 7.60193e-05 )
 [ITER] #9 - Total: 665384 μs, Forward: 102238 μs, Backward: 563145 μs, Memory: 70 MB
#2/3 [          1           ]  ( Training Loss: 0.177567 )
 [ITER] #10 - Total: 680826 μs, Forward: 91310 μs, Backward: 589515 μs, Memory: 70 MB
#2/3 [          2           ]  ( Training Loss: 0.477494 )
 [ITER] #11 - Total: 627263 μs, Forward: 79781 μs, Backward: 547482 μs, Memory: 70 MB
#2/3 [          3           ]  ( Training Loss: 0.650326 )
 [ITER] #12 - Total: 641004 μs, Forward: 79827 μs, Backward: 561176 μs, Memory: 70 MB
#2/3 [          4           ]  ( Training Loss: 0.618299 )
 [ITER] #13 - Total: 634018 μs, Forward: 78211 μs, Backward: 555805 μs, Memory: 70 MB
#2/3 [          5           ]  ( Training Loss: 0.439009 )
 [ITER] #14 - Total: 633747 μs, Forward: 82129 μs, Backward: 551616 μs, Memory: 70 MB
#2/3 [          6           ]  ( Training Loss: 0.220918 )
 [ITER] #15 - Total: 615569 μs, Forward: 76693 μs, Backward: 538874 μs, Memory: 70 MB
#2/3 [          7           ]  ( Training Loss: 0.0588089 )
 [ITER] #16 - Total: 652220 μs, Forward: 82253 μs, Backward: 569966 μs, Memory: 70 MB
#2/3 - Training Loss: 0.330312
#3/3 [          0           ]  ( Training Loss: 0.000132097 )
 [ITER] #17 - Total: 698261 μs, Forward: 160278 μs, Backward: 537983 μs, Memory: 70 MB
#3/3 [          1           ]  ( Training Loss: 0.0381602 )
 [ITER] #18 - Total: 613596 μs, Forward: 78307 μs, Backward: 535288 μs, Memory: 70 MB
#3/3 [          2           ]  ( Training Loss: 0.126844 )
 [ITER] #19 - Total: 613851 μs, Forward: 79054 μs, Backward: 534795 μs, Memory: 70 MB
#3/3 [          3           ]  ( Training Loss: 0.208903 )
 [ITER] #20 - Total: 612204 μs, Forward: 77726 μs, Backward: 534478 μs, Memory: 70 MB
#3/3 [          4           ]  ( Training Loss: 0.243404 )
 [ITER] #21 - Total: 620243 μs, Forward: 82676 μs, Backward: 537567 μs, Memory: 70 MB
#3/3 [          5           ]  ( Training Loss: 0.219814 )
 [ITER] #22 - Total: 611024 μs, Forward: 73980 μs, Backward: 537043 μs, Memory: 70 MB
#3/3 [          6           ]  ( Training Loss: 0.155054 )
 [ITER] #23 - Total: 687053 μs, Forward: 75685 μs, Backward: 611367 μs, Memory: 70 MB
#3/3 [          7           ]  ( Training Loss: 0.0797996 )
 [ITER] #24 - Total: 617819 μs, Forward: 76809 μs, Backward: 541010 μs, Memory: 70 MB
#3/3 - Training Loss: 0.134014
[DEBUG] Training completed successfully
[TIMING] Training took: 15458 ms
[MEMORY] After Training - Peak: 4595 MB, Current: 4503 MB, RSS: 45 MB

=== PERFORMANCE SUMMARY ===
Model Configuration:
  - Sequence Length: 64
  - Vocab Size: 1000
  - Model Dimension: 128
  - Number of Heads: 4
  - Number of Layers: 8
  - FFN Dimension: 512
  - Batch Size: 4
  - Epochs: 3

Approximate Model Parameters (GELU FFN):
  - Embedding: 8192
  - Attention: 524288
  - GELU FFN: 1048576 (2 projections: fc1+fc2)
  - Total: 1581056 (~6 MB)

=== STDERR ===
