Command: nntrainer/build/Applications/GC_Test/jni/gelu_gc_test --seq_len 64 --model_dim 512 --num_heads 8 --ffn_dim 2048 --epochs 3 --learning_rate 0.0001 --num_layers 4 --batch_size 4
Timestamp: 20251215_082106
Return code: 0

=== STDOUT ===
[CONFIG] Parsed arguments:
  seq_len=64, vocab_size=1000, model_dim=512
  num_heads=8, num_layers=4, ffn_dim=2048
  batch_size=4, epochs=3, learning_rate=0.0001
[DEBUG] Starting main function...
[MEMORY] Program Start - Peak: 4274 MB, Current: 4274 MB, RSS: 12 MB
[DEBUG] Creating model...
[DEBUG] Starting model creation...
[DEBUG] Model created successfully
[DEBUG] Adding input layer...
[DEBUG] Input layer added successfully
[DEBUG] Adding simple embedding layer...
[DEBUG] Embedding layer (FC) added successfully
[DEBUG] Creating transformer layer 0
[DEBUG] Adding ln_multiout1 for layer 0
[DEBUG] Adding ln1 for layer 0
[DEBUG] Adding multi_out1 (Q,K,V) for layer 0
[DEBUG] Adding multi_head_attention for layer 0
[DEBUG] Adding add1 (residual after attention) for layer 0
[DEBUG] Adding ln_multiout2 for layer 0
[DEBUG] Adding ln2 for layer 0
[DEBUG] Adding multi_out3 for layer 0
[DEBUG] Adding FFN fc1 for layer 0
[DEBUG] Adding FFN fc2 for layer 0
[DEBUG] Adding add2 (residual after FFN) for layer 0
[DEBUG] Creating transformer layer 1
[DEBUG] Adding ln_multiout1 for layer 1
[DEBUG] Adding ln1 for layer 1
[DEBUG] Adding multi_out1 (Q,K,V) for layer 1
[DEBUG] Adding multi_head_attention for layer 1
[DEBUG] Adding add1 (residual after attention) for layer 1
[DEBUG] Adding ln_multiout2 for layer 1
[DEBUG] Adding ln2 for layer 1
[DEBUG] Adding multi_out3 for layer 1
[DEBUG] Adding FFN fc1 for layer 1
[DEBUG] Adding FFN fc2 for layer 1
[DEBUG] Adding add2 (residual after FFN) for layer 1
[DEBUG] Creating transformer layer 2
[DEBUG] Adding ln_multiout1 for layer 2
[DEBUG] Adding ln1 for layer 2
[DEBUG] Adding multi_out1 (Q,K,V) for layer 2
[DEBUG] Adding multi_head_attention for layer 2
[DEBUG] Adding add1 (residual after attention) for layer 2
[DEBUG] Adding ln_multiout2 for layer 2
[DEBUG] Adding ln2 for layer 2
[DEBUG] Adding multi_out3 for layer 2
[DEBUG] Adding FFN fc1 for layer 2
[DEBUG] Adding FFN fc2 for layer 2
[DEBUG] Adding add2 (residual after FFN) for layer 2
[DEBUG] Creating transformer layer 3
[DEBUG] Adding ln_multiout1 for layer 3
[DEBUG] Adding ln1 for layer 3
[DEBUG] Adding multi_out1 (Q,K,V) for layer 3
[DEBUG] Adding multi_head_attention for layer 3
[DEBUG] Adding add1 (residual after attention) for layer 3
[DEBUG] Adding ln_multiout2 for layer 3
[DEBUG] Adding ln2 for layer 3
[DEBUG] Adding multi_out3 for layer 3
[DEBUG] Adding FFN fc1 for layer 3
[DEBUG] Adding FFN fc2 for layer 3
[DEBUG] Adding add2 (residual after FFN) for layer 3
[DEBUG] Adding final layer normalization...
[DEBUG] Final layer normalization added successfully
[DEBUG] Skipping pooling2d layer for debugging...
[DEBUG] Adding simple output projection...
[DEBUG] Output projection added successfully

[INFO] Gradient checkpointing is DISABLED
[DEBUG] Model creation completed successfully!
[DEBUG] Model created successfully!
[TIMING] Model Creation took: 9 ms
[MEMORY] After Model Creation - Peak: 4275 MB, Current: 4275 MB, RSS: 14 MB
[DEBUG] Setting model properties...
[DEBUG] Model properties set successfully
[DEBUG] Creating optimizer...
[DEBUG] Optimizer set successfully
[TIMING] Model Configuration took: 0 ms
[DEBUG] Compiling model...
[DEBUG] Model compiled with status: 0
[TIMING] Model Compilation took: 3 ms
[MEMORY] After Compilation - Peak: 4275 MB, Current: 4275 MB, RSS: 15 MB
[DEBUG] Initializing model...
[DEBUG] Model initialized with status: 0
[TIMING] Model Initialization took: 242 ms
[MEMORY] After Initialization - Peak: 4420 MB, Current: 4420 MB, RSS: 159 MB
[DEBUG] Creating data generator...
[DEBUG] Data generator created successfully
[DEBUG] Setting dataset...
[DEBUG] Dataset set successfully
[TIMING] Data Setup took: 0 ms
[DEBUG] Starting training...
[INFO] Iteration stats are printed from neuralnet.cpp (once per batch)
#1/3 [          0           ]  ( Training Loss: 0.912195 )
 [ITER] #1 - Total: 1360296 μs, Forward: 193990 μs, Backward: 1166305 μs, Memory: 237 MB
#1/3 [          1           ]  ( Training Loss: 145.031 )
 [ITER] #2 - Total: 1217751 μs, Forward: 176491 μs, Backward: 1041259 μs, Memory: 239 MB
#1/3 [          2           ]  ( Training Loss: 26.9089 )
 [ITER] #3 - Total: 1166050 μs, Forward: 145476 μs, Backward: 1020573 μs, Memory: 239 MB
#1/3 [          3           ]  ( Training Loss: 0.273869 )
 [ITER] #4 - Total: 1223362 μs, Forward: 149295 μs, Backward: 1074066 μs, Memory: 239 MB
#1/3 [          4           ]  ( Training Loss: 14.3127 )
 [ITER] #5 - Total: 1279564 μs, Forward: 232522 μs, Backward: 1047041 μs, Memory: 239 MB
#1/3 [          5           ]  ( Training Loss: 19.7593 )
 [ITER] #6 - Total: 1186235 μs, Forward: 143292 μs, Backward: 1042943 μs, Memory: 239 MB
#1/3 [          6           ]  ( Training Loss: 14.4522 )
 [ITER] #7 - Total: 1229332 μs, Forward: 150666 μs, Backward: 1078666 μs, Memory: 239 MB
#1/3 [          7           ]  ( Training Loss: 6.87801 )
 [ITER] #8 - Total: 1268812 μs, Forward: 162341 μs, Backward: 1106470 μs, Memory: 239 MB
#1/3 - Training Loss: 28.566
#2/3 [          0           ]  ( Training Loss: 1.70515 )
 [ITER] #9 - Total: 1209058 μs, Forward: 157096 μs, Backward: 1051960 μs, Memory: 239 MB
#2/3 [          1           ]  ( Training Loss: 0.00529856 )
 [ITER] #10 - Total: 1183699 μs, Forward: 150103 μs, Backward: 1033596 μs, Memory: 239 MB
#2/3 [          2           ]  ( Training Loss: 0.890281 )
 [ITER] #11 - Total: 1212786 μs, Forward: 143464 μs, Backward: 1069320 μs, Memory: 239 MB
#2/3 [          3           ]  ( Training Loss: 2.77432 )
 [ITER] #12 - Total: 1226768 μs, Forward: 144946 μs, Backward: 1081821 μs, Memory: 239 MB
#2/3 [          4           ]  ( Training Loss: 4.28077 )
 [ITER] #13 - Total: 1231467 μs, Forward: 155458 μs, Backward: 1076008 μs, Memory: 239 MB
#2/3 [          5           ]  ( Training Loss: 4.7444 )
 [ITER] #14 - Total: 1184996 μs, Forward: 155346 μs, Backward: 1029649 μs, Memory: 239 MB
#2/3 [          6           ]  ( Training Loss: 4.18636 )
 [ITER] #15 - Total: 1306917 μs, Forward: 225721 μs, Backward: 1081195 μs, Memory: 239 MB
#2/3 [          7           ]  ( Training Loss: 3.0108 )
 [ITER] #16 - Total: 1186760 μs, Forward: 147695 μs, Backward: 1039064 μs, Memory: 239 MB
#2/3 - Training Loss: 2.69967
#3/3 [          0           ]  ( Training Loss: 1.70906 )
 [ITER] #17 - Total: 1162962 μs, Forward: 147278 μs, Backward: 1015683 μs, Memory: 239 MB
#3/3 [          1           ]  ( Training Loss: 0.671227 )
 [ITER] #18 - Total: 1252992 μs, Forward: 139772 μs, Backward: 1113219 μs, Memory: 239 MB
#3/3 [          2           ]  ( Training Loss: 0.103035 )
 [ITER] #19 - Total: 1166720 μs, Forward: 148702 μs, Backward: 1018018 μs, Memory: 239 MB
#3/3 [          3           ]  ( Training Loss: 0.0211789 )
 [ITER] #20 - Total: 1161264 μs, Forward: 147450 μs, Backward: 1013813 μs, Memory: 239 MB
#3/3 [          4           ]  ( Training Loss: 0.299067 )
 [ITER] #21 - Total: 1233014 μs, Forward: 145419 μs, Backward: 1087594 μs, Memory: 239 MB
#3/3 [          5           ]  ( Training Loss: 0.73795 )
 [ITER] #22 - Total: 1161415 μs, Forward: 154239 μs, Backward: 1007176 μs, Memory: 239 MB
#3/3 [          6           ]  ( Training Loss: 1.14072 )
 [ITER] #23 - Total: 1152521 μs, Forward: 141218 μs, Backward: 1011302 μs, Memory: 239 MB
#3/3 [          7           ]  ( Training Loss: 1.36853 )
 [ITER] #24 - Total: 1176235 μs, Forward: 148806 μs, Backward: 1027428 μs, Memory: 239 MB
#3/3 - Training Loss: 0.756345
[DEBUG] Training completed successfully
[TIMING] Training took: 29221 ms
[MEMORY] After Training - Peak: 4763 MB, Current: 4621 MB, RSS: 166 MB

=== PERFORMANCE SUMMARY ===
Model Configuration:
  - Sequence Length: 64
  - Vocab Size: 1000
  - Model Dimension: 512
  - Number of Heads: 8
  - Number of Layers: 4
  - FFN Dimension: 2048
  - Batch Size: 4
  - Epochs: 3

Approximate Model Parameters (GELU FFN):
  - Embedding: 32768
  - Attention: 4194304
  - GELU FFN: 8388608 (2 projections: fc1+fc2)
  - Total: 12615680 (~48 MB)

=== STDERR ===
