Command: nntrainer/build/Applications/GC_Test/jni/gelu_gc_test --seq_len 64 --model_dim 128 --num_heads 4 --ffn_dim 512 --epochs 3 --learning_rate 0.0001 --num_layers 32 --batch_size 4
Timestamp: 20251215_074114
Return code: 0

=== STDOUT ===
[CONFIG] Parsed arguments:
  seq_len=64, vocab_size=1000, model_dim=128
  num_heads=4, num_layers=32, ffn_dim=512
  batch_size=4, epochs=3, learning_rate=0.0001
[DEBUG] Starting main function...
[MEMORY] Program Start - Peak: 4274 MB, Current: 4274 MB, RSS: 12 MB
[DEBUG] Creating model...
[DEBUG] Starting model creation...
[DEBUG] Model created successfully
[DEBUG] Adding input layer...
[DEBUG] Input layer added successfully
[DEBUG] Adding simple embedding layer...
[DEBUG] Embedding layer (FC) added successfully
[DEBUG] Creating transformer layer 0
[DEBUG] Adding ln_multiout1 for layer 0
[DEBUG] Adding ln1 for layer 0
[DEBUG] Adding multi_out1 (Q,K,V) for layer 0
[DEBUG] Adding multi_head_attention for layer 0
[DEBUG] Adding add1 (residual after attention) for layer 0
[DEBUG] Adding ln_multiout2 for layer 0
[DEBUG] Adding ln2 for layer 0
[DEBUG] Adding multi_out3 for layer 0
[DEBUG] Adding FFN fc1 for layer 0
[DEBUG] Adding FFN fc2 for layer 0
[DEBUG] Adding add2 (residual after FFN) for layer 0
[DEBUG] Creating transformer layer 1
[DEBUG] Adding ln_multiout1 for layer 1
[DEBUG] Adding ln1 for layer 1
[DEBUG] Adding multi_out1 (Q,K,V) for layer 1
[DEBUG] Adding multi_head_attention for layer 1
[DEBUG] Adding add1 (residual after attention) for layer 1
[DEBUG] Adding ln_multiout2 for layer 1
[DEBUG] Adding ln2 for layer 1
[DEBUG] Adding multi_out3 for layer 1
[DEBUG] Adding FFN fc1 for layer 1
[DEBUG] Adding FFN fc2 for layer 1
[DEBUG] Adding add2 (residual after FFN) for layer 1
[DEBUG] Creating transformer layer 2
[DEBUG] Adding ln_multiout1 for layer 2
[DEBUG] Adding ln1 for layer 2
[DEBUG] Adding multi_out1 (Q,K,V) for layer 2
[DEBUG] Adding multi_head_attention for layer 2
[DEBUG] Adding add1 (residual after attention) for layer 2
[DEBUG] Adding ln_multiout2 for layer 2
[DEBUG] Adding ln2 for layer 2
[DEBUG] Adding multi_out3 for layer 2
[DEBUG] Adding FFN fc1 for layer 2
[DEBUG] Adding FFN fc2 for layer 2
[DEBUG] Adding add2 (residual after FFN) for layer 2
[DEBUG] Creating transformer layer 3
[DEBUG] Adding ln_multiout1 for layer 3
[DEBUG] Adding ln1 for layer 3
[DEBUG] Adding multi_out1 (Q,K,V) for layer 3
[DEBUG] Adding multi_head_attention for layer 3
[DEBUG] Adding add1 (residual after attention) for layer 3
[DEBUG] Adding ln_multiout2 for layer 3
[DEBUG] Adding ln2 for layer 3
[DEBUG] Adding multi_out3 for layer 3
[DEBUG] Adding FFN fc1 for layer 3
[DEBUG] Adding FFN fc2 for layer 3
[DEBUG] Adding add2 (residual after FFN) for layer 3
[DEBUG] Creating transformer layer 4
[DEBUG] Adding ln_multiout1 for layer 4
[DEBUG] Adding ln1 for layer 4
[DEBUG] Adding multi_out1 (Q,K,V) for layer 4
[DEBUG] Adding multi_head_attention for layer 4
[DEBUG] Adding add1 (residual after attention) for layer 4
[DEBUG] Adding ln_multiout2 for layer 4
[DEBUG] Adding ln2 for layer 4
[DEBUG] Adding multi_out3 for layer 4
[DEBUG] Adding FFN fc1 for layer 4
[DEBUG] Adding FFN fc2 for layer 4
[DEBUG] Adding add2 (residual after FFN) for layer 4
[DEBUG] Creating transformer layer 5
[DEBUG] Adding ln_multiout1 for layer 5
[DEBUG] Adding ln1 for layer 5
[DEBUG] Adding multi_out1 (Q,K,V) for layer 5
[DEBUG] Adding multi_head_attention for layer 5
[DEBUG] Adding add1 (residual after attention) for layer 5
[DEBUG] Adding ln_multiout2 for layer 5
[DEBUG] Adding ln2 for layer 5
[DEBUG] Adding multi_out3 for layer 5
[DEBUG] Adding FFN fc1 for layer 5
[DEBUG] Adding FFN fc2 for layer 5
[DEBUG] Adding add2 (residual after FFN) for layer 5
[DEBUG] Creating transformer layer 6
[DEBUG] Adding ln_multiout1 for layer 6
[DEBUG] Adding ln1 for layer 6
[DEBUG] Adding multi_out1 (Q,K,V) for layer 6
[DEBUG] Adding multi_head_attention for layer 6
[DEBUG] Adding add1 (residual after attention) for layer 6
[DEBUG] Adding ln_multiout2 for layer 6
[DEBUG] Adding ln2 for layer 6
[DEBUG] Adding multi_out3 for layer 6
[DEBUG] Adding FFN fc1 for layer 6
[DEBUG] Adding FFN fc2 for layer 6
[DEBUG] Adding add2 (residual after FFN) for layer 6
[DEBUG] Creating transformer layer 7
[DEBUG] Adding ln_multiout1 for layer 7
[DEBUG] Adding ln1 for layer 7
[DEBUG] Adding multi_out1 (Q,K,V) for layer 7
[DEBUG] Adding multi_head_attention for layer 7
[DEBUG] Adding add1 (residual after attention) for layer 7
[DEBUG] Adding ln_multiout2 for layer 7
[DEBUG] Adding ln2 for layer 7
[DEBUG] Adding multi_out3 for layer 7
[DEBUG] Adding FFN fc1 for layer 7
[DEBUG] Adding FFN fc2 for layer 7
[DEBUG] Adding add2 (residual after FFN) for layer 7
[DEBUG] Creating transformer layer 8
[DEBUG] Adding ln_multiout1 for layer 8
[DEBUG] Adding ln1 for layer 8
[DEBUG] Adding multi_out1 (Q,K,V) for layer 8
[DEBUG] Adding multi_head_attention for layer 8
[DEBUG] Adding add1 (residual after attention) for layer 8
[DEBUG] Adding ln_multiout2 for layer 8
[DEBUG] Adding ln2 for layer 8
[DEBUG] Adding multi_out3 for layer 8
[DEBUG] Adding FFN fc1 for layer 8
[DEBUG] Adding FFN fc2 for layer 8
[DEBUG] Adding add2 (residual after FFN) for layer 8
[DEBUG] Creating transformer layer 9
[DEBUG] Adding ln_multiout1 for layer 9
[DEBUG] Adding ln1 for layer 9
[DEBUG] Adding multi_out1 (Q,K,V) for layer 9
[DEBUG] Adding multi_head_attention for layer 9
[DEBUG] Adding add1 (residual after attention) for layer 9
[DEBUG] Adding ln_multiout2 for layer 9
[DEBUG] Adding ln2 for layer 9
[DEBUG] Adding multi_out3 for layer 9
[DEBUG] Adding FFN fc1 for layer 9
[DEBUG] Adding FFN fc2 for layer 9
[DEBUG] Adding add2 (residual after FFN) for layer 9
[DEBUG] Creating transformer layer 10
[DEBUG] Adding ln_multiout1 for layer 10
[DEBUG] Adding ln1 for layer 10
[DEBUG] Adding multi_out1 (Q,K,V) for layer 10
[DEBUG] Adding multi_head_attention for layer 10
[DEBUG] Adding add1 (residual after attention) for layer 10
[DEBUG] Adding ln_multiout2 for layer 10
[DEBUG] Adding ln2 for layer 10
[DEBUG] Adding multi_out3 for layer 10
[DEBUG] Adding FFN fc1 for layer 10
[DEBUG] Adding FFN fc2 for layer 10
[DEBUG] Adding add2 (residual after FFN) for layer 10
[DEBUG] Creating transformer layer 11
[DEBUG] Adding ln_multiout1 for layer 11
[DEBUG] Adding ln1 for layer 11
[DEBUG] Adding multi_out1 (Q,K,V) for layer 11
[DEBUG] Adding multi_head_attention for layer 11
[DEBUG] Adding add1 (residual after attention) for layer 11
[DEBUG] Adding ln_multiout2 for layer 11
[DEBUG] Adding ln2 for layer 11
[DEBUG] Adding multi_out3 for layer 11
[DEBUG] Adding FFN fc1 for layer 11
[DEBUG] Adding FFN fc2 for layer 11
[DEBUG] Adding add2 (residual after FFN) for layer 11
[DEBUG] Creating transformer layer 12
[DEBUG] Adding ln_multiout1 for layer 12
[DEBUG] Adding ln1 for layer 12
[DEBUG] Adding multi_out1 (Q,K,V) for layer 12
[DEBUG] Adding multi_head_attention for layer 12
[DEBUG] Adding add1 (residual after attention) for layer 12
[DEBUG] Adding ln_multiout2 for layer 12
[DEBUG] Adding ln2 for layer 12
[DEBUG] Adding multi_out3 for layer 12
[DEBUG] Adding FFN fc1 for layer 12
[DEBUG] Adding FFN fc2 for layer 12
[DEBUG] Adding add2 (residual after FFN) for layer 12
[DEBUG] Creating transformer layer 13
[DEBUG] Adding ln_multiout1 for layer 13
[DEBUG] Adding ln1 for layer 13
[DEBUG] Adding multi_out1 (Q,K,V) for layer 13
[DEBUG] Adding multi_head_attention for layer 13
[DEBUG] Adding add1 (residual after attention) for layer 13
[DEBUG] Adding ln_multiout2 for layer 13
[DEBUG] Adding ln2 for layer 13
[DEBUG] Adding multi_out3 for layer 13
[DEBUG] Adding FFN fc1 for layer 13
[DEBUG] Adding FFN fc2 for layer 13
[DEBUG] Adding add2 (residual after FFN) for layer 13
[DEBUG] Creating transformer layer 14
[DEBUG] Adding ln_multiout1 for layer 14
[DEBUG] Adding ln1 for layer 14
[DEBUG] Adding multi_out1 (Q,K,V) for layer 14
[DEBUG] Adding multi_head_attention for layer 14
[DEBUG] Adding add1 (residual after attention) for layer 14
[DEBUG] Adding ln_multiout2 for layer 14
[DEBUG] Adding ln2 for layer 14
[DEBUG] Adding multi_out3 for layer 14
[DEBUG] Adding FFN fc1 for layer 14
[DEBUG] Adding FFN fc2 for layer 14
[DEBUG] Adding add2 (residual after FFN) for layer 14
[DEBUG] Creating transformer layer 15
[DEBUG] Adding ln_multiout1 for layer 15
[DEBUG] Adding ln1 for layer 15
[DEBUG] Adding multi_out1 (Q,K,V) for layer 15
[DEBUG] Adding multi_head_attention for layer 15
[DEBUG] Adding add1 (residual after attention) for layer 15
[DEBUG] Adding ln_multiout2 for layer 15
[DEBUG] Adding ln2 for layer 15
[DEBUG] Adding multi_out3 for layer 15
[DEBUG] Adding FFN fc1 for layer 15
[DEBUG] Adding FFN fc2 for layer 15
[DEBUG] Adding add2 (residual after FFN) for layer 15
[DEBUG] Creating transformer layer 16
[DEBUG] Adding ln_multiout1 for layer 16
[DEBUG] Adding ln1 for layer 16
[DEBUG] Adding multi_out1 (Q,K,V) for layer 16
[DEBUG] Adding multi_head_attention for layer 16
[DEBUG] Adding add1 (residual after attention) for layer 16
[DEBUG] Adding ln_multiout2 for layer 16
[DEBUG] Adding ln2 for layer 16
[DEBUG] Adding multi_out3 for layer 16
[DEBUG] Adding FFN fc1 for layer 16
[DEBUG] Adding FFN fc2 for layer 16
[DEBUG] Adding add2 (residual after FFN) for layer 16
[DEBUG] Creating transformer layer 17
[DEBUG] Adding ln_multiout1 for layer 17
[DEBUG] Adding ln1 for layer 17
[DEBUG] Adding multi_out1 (Q,K,V) for layer 17
[DEBUG] Adding multi_head_attention for layer 17
[DEBUG] Adding add1 (residual after attention) for layer 17
[DEBUG] Adding ln_multiout2 for layer 17
[DEBUG] Adding ln2 for layer 17
[DEBUG] Adding multi_out3 for layer 17
[DEBUG] Adding FFN fc1 for layer 17
[DEBUG] Adding FFN fc2 for layer 17
[DEBUG] Adding add2 (residual after FFN) for layer 17
[DEBUG] Creating transformer layer 18
[DEBUG] Adding ln_multiout1 for layer 18
[DEBUG] Adding ln1 for layer 18
[DEBUG] Adding multi_out1 (Q,K,V) for layer 18
[DEBUG] Adding multi_head_attention for layer 18
[DEBUG] Adding add1 (residual after attention) for layer 18
[DEBUG] Adding ln_multiout2 for layer 18
[DEBUG] Adding ln2 for layer 18
[DEBUG] Adding multi_out3 for layer 18
[DEBUG] Adding FFN fc1 for layer 18
[DEBUG] Adding FFN fc2 for layer 18
[DEBUG] Adding add2 (residual after FFN) for layer 18
[DEBUG] Creating transformer layer 19
[DEBUG] Adding ln_multiout1 for layer 19
[DEBUG] Adding ln1 for layer 19
[DEBUG] Adding multi_out1 (Q,K,V) for layer 19
[DEBUG] Adding multi_head_attention for layer 19
[DEBUG] Adding add1 (residual after attention) for layer 19
[DEBUG] Adding ln_multiout2 for layer 19
[DEBUG] Adding ln2 for layer 19
[DEBUG] Adding multi_out3 for layer 19
[DEBUG] Adding FFN fc1 for layer 19
[DEBUG] Adding FFN fc2 for layer 19
[DEBUG] Adding add2 (residual after FFN) for layer 19
[DEBUG] Creating transformer layer 20
[DEBUG] Adding ln_multiout1 for layer 20
[DEBUG] Adding ln1 for layer 20
[DEBUG] Adding multi_out1 (Q,K,V) for layer 20
[DEBUG] Adding multi_head_attention for layer 20
[DEBUG] Adding add1 (residual after attention) for layer 20
[DEBUG] Adding ln_multiout2 for layer 20
[DEBUG] Adding ln2 for layer 20
[DEBUG] Adding multi_out3 for layer 20
[DEBUG] Adding FFN fc1 for layer 20
[DEBUG] Adding FFN fc2 for layer 20
[DEBUG] Adding add2 (residual after FFN) for layer 20
[DEBUG] Creating transformer layer 21
[DEBUG] Adding ln_multiout1 for layer 21
[DEBUG] Adding ln1 for layer 21
[DEBUG] Adding multi_out1 (Q,K,V) for layer 21
[DEBUG] Adding multi_head_attention for layer 21
[DEBUG] Adding add1 (residual after attention) for layer 21
[DEBUG] Adding ln_multiout2 for layer 21
[DEBUG] Adding ln2 for layer 21
[DEBUG] Adding multi_out3 for layer 21
[DEBUG] Adding FFN fc1 for layer 21
[DEBUG] Adding FFN fc2 for layer 21
[DEBUG] Adding add2 (residual after FFN) for layer 21
[DEBUG] Creating transformer layer 22
[DEBUG] Adding ln_multiout1 for layer 22
[DEBUG] Adding ln1 for layer 22
[DEBUG] Adding multi_out1 (Q,K,V) for layer 22
[DEBUG] Adding multi_head_attention for layer 22
[DEBUG] Adding add1 (residual after attention) for layer 22
[DEBUG] Adding ln_multiout2 for layer 22
[DEBUG] Adding ln2 for layer 22
[DEBUG] Adding multi_out3 for layer 22
[DEBUG] Adding FFN fc1 for layer 22
[DEBUG] Adding FFN fc2 for layer 22
[DEBUG] Adding add2 (residual after FFN) for layer 22
[DEBUG] Creating transformer layer 23
[DEBUG] Adding ln_multiout1 for layer 23
[DEBUG] Adding ln1 for layer 23
[DEBUG] Adding multi_out1 (Q,K,V) for layer 23
[DEBUG] Adding multi_head_attention for layer 23
[DEBUG] Adding add1 (residual after attention) for layer 23
[DEBUG] Adding ln_multiout2 for layer 23
[DEBUG] Adding ln2 for layer 23
[DEBUG] Adding multi_out3 for layer 23
[DEBUG] Adding FFN fc1 for layer 23
[DEBUG] Adding FFN fc2 for layer 23
[DEBUG] Adding add2 (residual after FFN) for layer 23
[DEBUG] Creating transformer layer 24
[DEBUG] Adding ln_multiout1 for layer 24
[DEBUG] Adding ln1 for layer 24
[DEBUG] Adding multi_out1 (Q,K,V) for layer 24
[DEBUG] Adding multi_head_attention for layer 24
[DEBUG] Adding add1 (residual after attention) for layer 24
[DEBUG] Adding ln_multiout2 for layer 24
[DEBUG] Adding ln2 for layer 24
[DEBUG] Adding multi_out3 for layer 24
[DEBUG] Adding FFN fc1 for layer 24
[DEBUG] Adding FFN fc2 for layer 24
[DEBUG] Adding add2 (residual after FFN) for layer 24
[DEBUG] Creating transformer layer 25
[DEBUG] Adding ln_multiout1 for layer 25
[DEBUG] Adding ln1 for layer 25
[DEBUG] Adding multi_out1 (Q,K,V) for layer 25
[DEBUG] Adding multi_head_attention for layer 25
[DEBUG] Adding add1 (residual after attention) for layer 25
[DEBUG] Adding ln_multiout2 for layer 25
[DEBUG] Adding ln2 for layer 25
[DEBUG] Adding multi_out3 for layer 25
[DEBUG] Adding FFN fc1 for layer 25
[DEBUG] Adding FFN fc2 for layer 25
[DEBUG] Adding add2 (residual after FFN) for layer 25
[DEBUG] Creating transformer layer 26
[DEBUG] Adding ln_multiout1 for layer 26
[DEBUG] Adding ln1 for layer 26
[DEBUG] Adding multi_out1 (Q,K,V) for layer 26
[DEBUG] Adding multi_head_attention for layer 26
[DEBUG] Adding add1 (residual after attention) for layer 26
[DEBUG] Adding ln_multiout2 for layer 26
[DEBUG] Adding ln2 for layer 26
[DEBUG] Adding multi_out3 for layer 26
[DEBUG] Adding FFN fc1 for layer 26
[DEBUG] Adding FFN fc2 for layer 26
[DEBUG] Adding add2 (residual after FFN) for layer 26
[DEBUG] Creating transformer layer 27
[DEBUG] Adding ln_multiout1 for layer 27
[DEBUG] Adding ln1 for layer 27
[DEBUG] Adding multi_out1 (Q,K,V) for layer 27
[DEBUG] Adding multi_head_attention for layer 27
[DEBUG] Adding add1 (residual after attention) for layer 27
[DEBUG] Adding ln_multiout2 for layer 27
[DEBUG] Adding ln2 for layer 27
[DEBUG] Adding multi_out3 for layer 27
[DEBUG] Adding FFN fc1 for layer 27
[DEBUG] Adding FFN fc2 for layer 27
[DEBUG] Adding add2 (residual after FFN) for layer 27
[DEBUG] Creating transformer layer 28
[DEBUG] Adding ln_multiout1 for layer 28
[DEBUG] Adding ln1 for layer 28
[DEBUG] Adding multi_out1 (Q,K,V) for layer 28
[DEBUG] Adding multi_head_attention for layer 28
[DEBUG] Adding add1 (residual after attention) for layer 28
[DEBUG] Adding ln_multiout2 for layer 28
[DEBUG] Adding ln2 for layer 28
[DEBUG] Adding multi_out3 for layer 28
[DEBUG] Adding FFN fc1 for layer 28
[DEBUG] Adding FFN fc2 for layer 28
[DEBUG] Adding add2 (residual after FFN) for layer 28
[DEBUG] Creating transformer layer 29
[DEBUG] Adding ln_multiout1 for layer 29
[DEBUG] Adding ln1 for layer 29
[DEBUG] Adding multi_out1 (Q,K,V) for layer 29
[DEBUG] Adding multi_head_attention for layer 29
[DEBUG] Adding add1 (residual after attention) for layer 29
[DEBUG] Adding ln_multiout2 for layer 29
[DEBUG] Adding ln2 for layer 29
[DEBUG] Adding multi_out3 for layer 29
[DEBUG] Adding FFN fc1 for layer 29
[DEBUG] Adding FFN fc2 for layer 29
[DEBUG] Adding add2 (residual after FFN) for layer 29
[DEBUG] Creating transformer layer 30
[DEBUG] Adding ln_multiout1 for layer 30
[DEBUG] Adding ln1 for layer 30
[DEBUG] Adding multi_out1 (Q,K,V) for layer 30
[DEBUG] Adding multi_head_attention for layer 30
[DEBUG] Adding add1 (residual after attention) for layer 30
[DEBUG] Adding ln_multiout2 for layer 30
[DEBUG] Adding ln2 for layer 30
[DEBUG] Adding multi_out3 for layer 30
[DEBUG] Adding FFN fc1 for layer 30
[DEBUG] Adding FFN fc2 for layer 30
[DEBUG] Adding add2 (residual after FFN) for layer 30
[DEBUG] Creating transformer layer 31
[DEBUG] Adding ln_multiout1 for layer 31
[DEBUG] Adding ln1 for layer 31
[DEBUG] Adding multi_out1 (Q,K,V) for layer 31
[DEBUG] Adding multi_head_attention for layer 31
[DEBUG] Adding add1 (residual after attention) for layer 31
[DEBUG] Adding ln_multiout2 for layer 31
[DEBUG] Adding ln2 for layer 31
[DEBUG] Adding multi_out3 for layer 31
[DEBUG] Adding FFN fc1 for layer 31
[DEBUG] Adding FFN fc2 for layer 31
[DEBUG] Adding add2 (residual after FFN) for layer 31
[DEBUG] Adding final layer normalization...
[DEBUG] Final layer normalization added successfully
[DEBUG] Skipping pooling2d layer for debugging...
[DEBUG] Adding simple output projection...
[DEBUG] Output projection added successfully

[INFO] Gradient checkpointing is DISABLED
[DEBUG] Model creation completed successfully!
[DEBUG] Model created successfully!
[TIMING] Model Creation took: 37 ms
[MEMORY] After Model Creation - Peak: 4275 MB, Current: 4275 MB, RSS: 15 MB
[DEBUG] Setting model properties...
[DEBUG] Model properties set successfully
[DEBUG] Creating optimizer...
[DEBUG] Optimizer set successfully
[TIMING] Model Configuration took: 0 ms
[DEBUG] Compiling model...
[DEBUG] Model compiled with status: 0
[TIMING] Model Compilation took: 22 ms
[MEMORY] After Compilation - Peak: 4275 MB, Current: 4275 MB, RSS: 15 MB
[DEBUG] Initializing model...
[DEBUG] Model initialized with status: 0
[TIMING] Model Initialization took: 131 ms
[MEMORY] After Initialization - Peak: 4352 MB, Current: 4352 MB, RSS: 92 MB
[DEBUG] Creating data generator...
[DEBUG] Data generator created successfully
[DEBUG] Setting dataset...
[DEBUG] Dataset set successfully
[TIMING] Data Setup took: 0 ms
[DEBUG] Starting training...
[INFO] Iteration stats are printed from neuralnet.cpp (once per batch)
#1/3 [          0           ]  ( Training Loss: 1.12599 )
 [ITER] #1 - Total: 2688696 μs, Forward: 487573 μs, Backward: 2201122 μs, Memory: 224 MB
#1/3 [          1           ]  ( Training Loss: 18.4577 )
 [ITER] #2 - Total: 2494105 μs, Forward: 324789 μs, Backward: 2169315 μs, Memory: 225 MB
#1/3 [          2           ]  ( Training Loss: 4.97151 )
 [ITER] #3 - Total: 2597108 μs, Forward: 335478 μs, Backward: 2261629 μs, Memory: 225 MB
#1/3 [          3           ]  ( Training Loss: 0.0652391 )
 [ITER] #4 - Total: 2476427 μs, Forward: 330150 μs, Backward: 2146276 μs, Memory: 225 MB
#1/3 [          4           ]  ( Training Loss: 1.20849 )
 [ITER] #5 - Total: 2545669 μs, Forward: 420813 μs, Backward: 2124855 μs, Memory: 225 MB
#1/3 [          5           ]  ( Training Loss: 2.66314 )
 [ITER] #6 - Total: 2518427 μs, Forward: 314577 μs, Backward: 2203849 μs, Memory: 225 MB
#1/3 [          6           ]  ( Training Loss: 2.5048 )
 [ITER] #7 - Total: 2437199 μs, Forward: 307542 μs, Backward: 2129656 μs, Memory: 225 MB
#1/3 [          7           ]  ( Training Loss: 1.50543 )
 [ITER] #8 - Total: 2471412 μs, Forward: 331660 μs, Backward: 2139752 μs, Memory: 225 MB
#1/3 - Training Loss: 4.06278
#2/3 [          0           ]  ( Training Loss: 0.550193 )
 [ITER] #9 - Total: 2471623 μs, Forward: 340101 μs, Backward: 2131521 μs, Memory: 225 MB
#2/3 [          1           ]  ( Training Loss: 0.0570666 )
 [ITER] #10 - Total: 2458689 μs, Forward: 314848 μs, Backward: 2143841 μs, Memory: 225 MB
#2/3 [          2           ]  ( Training Loss: 0.0436183 )
 [ITER] #11 - Total: 2445186 μs, Forward: 325201 μs, Backward: 2119984 μs, Memory: 225 MB
#2/3 [          3           ]  ( Training Loss: 0.308654 )
 [ITER] #12 - Total: 2471828 μs, Forward: 336291 μs, Backward: 2135536 μs, Memory: 225 MB
#2/3 [          4           ]  ( Training Loss: 0.60635 )
 [ITER] #13 - Total: 2438899 μs, Forward: 304469 μs, Backward: 2134429 μs, Memory: 225 MB
#2/3 [          5           ]  ( Training Loss: 0.770161 )
 [ITER] #14 - Total: 2414123 μs, Forward: 319379 μs, Backward: 2094743 μs, Memory: 225 MB
#2/3 [          6           ]  ( Training Loss: 0.752653 )
 [ITER] #15 - Total: 2533177 μs, Forward: 331978 μs, Backward: 2201199 μs, Memory: 225 MB
#2/3 [          7           ]  ( Training Loss: 0.595489 )
 [ITER] #16 - Total: 2608476 μs, Forward: 333618 μs, Backward: 2274857 μs, Memory: 225 MB
#2/3 - Training Loss: 0.460523
#3/3 [          0           ]  ( Training Loss: 0.378532 )
 [ITER] #17 - Total: 3338570 μs, Forward: 557794 μs, Backward: 2780775 μs, Memory: 225 MB
#3/3 [          1           ]  ( Training Loss: 0.178796 )
 [ITER] #18 - Total: 2965663 μs, Forward: 410641 μs, Backward: 2555022 μs, Memory: 225 MB
#3/3 [          2           ]  ( Training Loss: 0.0470453 )
 [ITER] #19 - Total: 2469469 μs, Forward: 327794 μs, Backward: 2141674 μs, Memory: 225 MB
#3/3 [          3           ]  ( Training Loss: 0.000285716 )
 [ITER] #20 - Total: 2459560 μs, Forward: 331989 μs, Backward: 2127570 μs, Memory: 225 MB
#3/3 [          4           ]  ( Training Loss: 0.0259878 )
 [ITER] #21 - Total: 2512936 μs, Forward: 312352 μs, Backward: 2200584 μs, Memory: 225 MB
#3/3 [          5           ]  ( Training Loss: 0.0933363 )
 [ITER] #22 - Total: 2418790 μs, Forward: 311549 μs, Backward: 2107240 μs, Memory: 225 MB
#3/3 [          6           ]  ( Training Loss: 0.166789 )
 [ITER] #23 - Total: 2591373 μs, Forward: 316659 μs, Backward: 2274713 μs, Memory: 225 MB
#3/3 [          7           ]  ( Training Loss: 0.217705 )
 [ITER] #24 - Total: 2528985 μs, Forward: 336771 μs, Backward: 2192213 μs, Memory: 225 MB
#3/3 - Training Loss: 0.13856
[DEBUG] Training completed successfully
[TIMING] Training took: 61445 ms
[MEMORY] After Training - Peak: 4755 MB, Current: 4585 MB, RSS: 127 MB

=== PERFORMANCE SUMMARY ===
Model Configuration:
  - Sequence Length: 64
  - Vocab Size: 1000
  - Model Dimension: 128
  - Number of Heads: 4
  - Number of Layers: 32
  - FFN Dimension: 512
  - Batch Size: 4
  - Epochs: 3

Approximate Model Parameters (GELU FFN):
  - Embedding: 8192
  - Attention: 2097152
  - GELU FFN: 4194304 (2 projections: fc1+fc2)
  - Total: 6299648 (~24 MB)

=== STDERR ===
