Command: nntrainer/build/Applications/GC_Test/jni/gelu_gc_test --seq_len 64 --model_dim 128 --num_heads 4 --ffn_dim 512 --epochs 3 --learning_rate 0.0001 --num_layers 4 --batch_size 2
Timestamp: 20251215_082940
Return code: 0

=== STDOUT ===
[CONFIG] Parsed arguments:
  seq_len=64, vocab_size=1000, model_dim=128
  num_heads=4, num_layers=4, ffn_dim=512
  batch_size=2, epochs=3, learning_rate=0.0001
[DEBUG] Starting main function...
[MEMORY] Program Start - Peak: 4274 MB, Current: 4274 MB, RSS: 12 MB
[DEBUG] Creating model...
[DEBUG] Starting model creation...
[DEBUG] Model created successfully
[DEBUG] Adding input layer...
[DEBUG] Input layer added successfully
[DEBUG] Adding simple embedding layer...
[DEBUG] Embedding layer (FC) added successfully
[DEBUG] Creating transformer layer 0
[DEBUG] Adding ln_multiout1 for layer 0
[DEBUG] Adding ln1 for layer 0
[DEBUG] Adding multi_out1 (Q,K,V) for layer 0
[DEBUG] Adding multi_head_attention for layer 0
[DEBUG] Adding add1 (residual after attention) for layer 0
[DEBUG] Adding ln_multiout2 for layer 0
[DEBUG] Adding ln2 for layer 0
[DEBUG] Adding multi_out3 for layer 0
[DEBUG] Adding FFN fc1 for layer 0
[DEBUG] Adding FFN fc2 for layer 0
[DEBUG] Adding add2 (residual after FFN) for layer 0
[DEBUG] Creating transformer layer 1
[DEBUG] Adding ln_multiout1 for layer 1
[DEBUG] Adding ln1 for layer 1
[DEBUG] Adding multi_out1 (Q,K,V) for layer 1
[DEBUG] Adding multi_head_attention for layer 1
[DEBUG] Adding add1 (residual after attention) for layer 1
[DEBUG] Adding ln_multiout2 for layer 1
[DEBUG] Adding ln2 for layer 1
[DEBUG] Adding multi_out3 for layer 1
[DEBUG] Adding FFN fc1 for layer 1
[DEBUG] Adding FFN fc2 for layer 1
[DEBUG] Adding add2 (residual after FFN) for layer 1
[DEBUG] Creating transformer layer 2
[DEBUG] Adding ln_multiout1 for layer 2
[DEBUG] Adding ln1 for layer 2
[DEBUG] Adding multi_out1 (Q,K,V) for layer 2
[DEBUG] Adding multi_head_attention for layer 2
[DEBUG] Adding add1 (residual after attention) for layer 2
[DEBUG] Adding ln_multiout2 for layer 2
[DEBUG] Adding ln2 for layer 2
[DEBUG] Adding multi_out3 for layer 2
[DEBUG] Adding FFN fc1 for layer 2
[DEBUG] Adding FFN fc2 for layer 2
[DEBUG] Adding add2 (residual after FFN) for layer 2
[DEBUG] Creating transformer layer 3
[DEBUG] Adding ln_multiout1 for layer 3
[DEBUG] Adding ln1 for layer 3
[DEBUG] Adding multi_out1 (Q,K,V) for layer 3
[DEBUG] Adding multi_head_attention for layer 3
[DEBUG] Adding add1 (residual after attention) for layer 3
[DEBUG] Adding ln_multiout2 for layer 3
[DEBUG] Adding ln2 for layer 3
[DEBUG] Adding multi_out3 for layer 3
[DEBUG] Adding FFN fc1 for layer 3
[DEBUG] Adding FFN fc2 for layer 3
[DEBUG] Adding add2 (residual after FFN) for layer 3
[DEBUG] Adding final layer normalization...
[DEBUG] Final layer normalization added successfully
[DEBUG] Skipping pooling2d layer for debugging...
[DEBUG] Adding simple output projection...
[DEBUG] Output projection added successfully

[INFO] Gradient checkpointing is DISABLED
[DEBUG] Model creation completed successfully!
[DEBUG] Model created successfully!
[TIMING] Model Creation took: 8 ms
[MEMORY] After Model Creation - Peak: 4275 MB, Current: 4275 MB, RSS: 14 MB
[DEBUG] Setting model properties...
[DEBUG] Model properties set successfully
[DEBUG] Creating optimizer...
[DEBUG] Optimizer set successfully
[TIMING] Model Configuration took: 0 ms
[DEBUG] Compiling model...
[DEBUG] Model compiled with status: 0
[TIMING] Model Compilation took: 3 ms
[MEMORY] After Compilation - Peak: 4275 MB, Current: 4275 MB, RSS: 15 MB
[DEBUG] Initializing model...
[DEBUG] Model initialized with status: 0
[TIMING] Model Initialization took: 24 ms
[MEMORY] After Initialization - Peak: 4285 MB, Current: 4285 MB, RSS: 24 MB
[DEBUG] Creating data generator...
[DEBUG] Data generator created successfully
[DEBUG] Setting dataset...
[DEBUG] Dataset set successfully
[TIMING] Data Setup took: 0 ms
[DEBUG] Starting training...
[INFO] Iteration stats are printed from neuralnet.cpp (once per batch)
#1/3 [          0           ]  ( Training Loss: 1.50921 )
 [ITER] #1 - Total: 182707 μs, Forward: 28176 μs, Backward: 154530 μs, Memory: 35 MB
#1/3 [          1           ]  ( Training Loss: 2.26365 )
 [ITER] #2 - Total: 179689 μs, Forward: 22861 μs, Backward: 156826 μs, Memory: 35 MB
#1/3 [          2           ]  ( Training Loss: 1.13733 )
 [ITER] #3 - Total: 199082 μs, Forward: 39777 μs, Backward: 159304 μs, Memory: 35 MB
#1/3 [          3           ]  ( Training Loss: 0.0275585 )
 [ITER] #4 - Total: 173989 μs, Forward: 21339 μs, Backward: 152649 μs, Memory: 35 MB
#1/3 [          4           ]  ( Training Loss: 0.312556 )
 [ITER] #5 - Total: 184409 μs, Forward: 20824 μs, Backward: 163584 μs, Memory: 35 MB
#1/3 [          5           ]  ( Training Loss: 0.757118 )
 [ITER] #6 - Total: 183772 μs, Forward: 23252 μs, Backward: 160520 μs, Memory: 35 MB
#1/3 [          6           ]  ( Training Loss: 0.666286 )
 [ITER] #7 - Total: 199771 μs, Forward: 28473 μs, Backward: 171297 μs, Memory: 35 MB
#1/3 [          7           ]  ( Training Loss: 0.297178 )
 [ITER] #8 - Total: 183023 μs, Forward: 27262 μs, Backward: 155760 μs, Memory: 35 MB
#1/3 [          8           ]  ( Training Loss: 0.0351834 )
 [ITER] #9 - Total: 177352 μs, Forward: 21980 μs, Backward: 155371 μs, Memory: 35 MB
#1/3 [          9           ]  ( Training Loss: 0.0240923 )
 [ITER] #10 - Total: 189330 μs, Forward: 26261 μs, Backward: 163068 μs, Memory: 35 MB
#1/3 [          10          ]  ( Training Loss: 0.169255 )
 [ITER] #11 - Total: 183091 μs, Forward: 28868 μs, Backward: 154222 μs, Memory: 35 MB
#1/3 [          11          ]  ( Training Loss: 0.295493 )
 [ITER] #12 - Total: 172898 μs, Forward: 21248 μs, Backward: 151648 μs, Memory: 35 MB
#1/3 [          12          ]  ( Training Loss: 0.302089 )
 [ITER] #13 - Total: 176541 μs, Forward: 21051 μs, Backward: 155490 μs, Memory: 35 MB
#1/3 [          13          ]  ( Training Loss: 0.204818 )
 [ITER] #14 - Total: 178869 μs, Forward: 23804 μs, Backward: 155064 μs, Memory: 35 MB
#1/3 [          14          ]  ( Training Loss: 0.0827589 )
 [ITER] #15 - Total: 171922 μs, Forward: 20660 μs, Backward: 151262 μs, Memory: 35 MB
#1/3 [          15          ]  ( Training Loss: 0.00874087 )
 [ITER] #16 - Total: 180782 μs, Forward: 22204 μs, Backward: 158577 μs, Memory: 35 MB
#1/3 - Training Loss: 0.505832
#2/3 [          0           ]  ( Training Loss: 0.00876031 )
 [ITER] #17 - Total: 172501 μs, Forward: 22148 μs, Backward: 150352 μs, Memory: 35 MB
#2/3 [          1           ]  ( Training Loss: 0.0593137 )
 [ITER] #18 - Total: 183989 μs, Forward: 24813 μs, Backward: 159176 μs, Memory: 35 MB
#2/3 [          2           ]  ( Training Loss: 0.113127 )
 [ITER] #19 - Total: 188769 μs, Forward: 22523 μs, Backward: 166246 μs, Memory: 35 MB
#2/3 [          3           ]  ( Training Loss: 0.132602 )
 [ITER] #20 - Total: 238371 μs, Forward: 23501 μs, Backward: 214869 μs, Memory: 35 MB
#2/3 [          4           ]  ( Training Loss: 0.10937 )
 [ITER] #21 - Total: 181853 μs, Forward: 23810 μs, Backward: 158042 μs, Memory: 35 MB
#2/3 [          5           ]  ( Training Loss: 0.0618661 )
 [ITER] #22 - Total: 183064 μs, Forward: 30018 μs, Backward: 153046 μs, Memory: 35 MB
#2/3 [          6           ]  ( Training Loss: 0.0186129 )
 [ITER] #23 - Total: 179178 μs, Forward: 20765 μs, Backward: 158412 μs, Memory: 35 MB
#2/3 [          7           ]  ( Training Loss: 0.000205621 )
 [ITER] #24 - Total: 177465 μs, Forward: 22381 μs, Backward: 155083 μs, Memory: 35 MB
#2/3 [          8           ]  ( Training Loss: 0.00954633 )
 [ITER] #25 - Total: 182443 μs, Forward: 22634 μs, Backward: 159808 μs, Memory: 35 MB
#2/3 [          9           ]  ( Training Loss: 0.0335981 )
 [ITER] #26 - Total: 183137 μs, Forward: 22409 μs, Backward: 160727 μs, Memory: 35 MB
#2/3 [          10          ]  ( Training Loss: 0.0536855 )
 [ITER] #27 - Total: 194080 μs, Forward: 23327 μs, Backward: 170752 μs, Memory: 35 MB
#2/3 [          11          ]  ( Training Loss: 0.0571503 )
 [ITER] #28 - Total: 176664 μs, Forward: 22835 μs, Backward: 153828 μs, Memory: 35 MB
#2/3 [          12          ]  ( Training Loss: 0.0433946 )
 [ITER] #29 - Total: 177973 μs, Forward: 21997 μs, Backward: 155975 μs, Memory: 35 MB
#2/3 [          13          ]  ( Training Loss: 0.0218948 )
 [ITER] #30 - Total: 179978 μs, Forward: 22865 μs, Backward: 157112 μs, Memory: 35 MB
#2/3 [          14          ]  ( Training Loss: 0.0049324 )
 [ITER] #31 - Total: 188876 μs, Forward: 26360 μs, Backward: 162515 μs, Memory: 35 MB
#2/3 [          15          ]  ( Training Loss: 0.000124152 )
 [ITER] #32 - Total: 185193 μs, Forward: 23789 μs, Backward: 161403 μs, Memory: 35 MB
#2/3 - Training Loss: 0.0455115
#3/3 [          0           ]  ( Training Loss: 0.00689118 )
 [ITER] #33 - Total: 180856 μs, Forward: 26723 μs, Backward: 154132 μs, Memory: 35 MB
#3/3 [          1           ]  ( Training Loss: 0.0181762 )
 [ITER] #34 - Total: 175441 μs, Forward: 22278 μs, Backward: 153162 μs, Memory: 35 MB
#3/3 [          2           ]  ( Training Loss: 0.0256264 )
 [ITER] #35 - Total: 180341 μs, Forward: 22769 μs, Backward: 157571 μs, Memory: 35 MB
#3/3 [          3           ]  ( Training Loss: 0.0246895 )
 [ITER] #36 - Total: 188856 μs, Forward: 21741 μs, Backward: 167115 μs, Memory: 35 MB
#3/3 [          4           ]  ( Training Loss: 0.0166307 )
 [ITER] #37 - Total: 179830 μs, Forward: 23036 μs, Backward: 156793 μs, Memory: 35 MB
#3/3 [          5           ]  ( Training Loss: 0.00678632 )
 [ITER] #38 - Total: 176662 μs, Forward: 20892 μs, Backward: 155769 μs, Memory: 35 MB
#3/3 [          6           ]  ( Training Loss: 0.000707536 )
 [ITER] #39 - Total: 174586 μs, Forward: 22095 μs, Backward: 152491 μs, Memory: 35 MB
#3/3 [          7           ]  ( Training Loss: 0.000806655 )
 [ITER] #40 - Total: 176366 μs, Forward: 23157 μs, Backward: 153209 μs, Memory: 35 MB
#3/3 [          8           ]  ( Training Loss: 0.00540934 )
 [ITER] #41 - Total: 173095 μs, Forward: 20101 μs, Backward: 152993 μs, Memory: 35 MB
#3/3 [          9           ]  ( Training Loss: 0.0104266 )
 [ITER] #42 - Total: 202455 μs, Forward: 23026 μs, Backward: 179429 μs, Memory: 35 MB
#3/3 [          10          ]  ( Training Loss: 0.0122501 )
 [ITER] #43 - Total: 229993 μs, Forward: 43888 μs, Backward: 186104 μs, Memory: 35 MB
#3/3 [          11          ]  ( Training Loss: 0.00990449 )
 [ITER] #44 - Total: 176378 μs, Forward: 21393 μs, Backward: 154984 μs, Memory: 35 MB
#3/3 [          12          ]  ( Training Loss: 0.00521987 )
 [ITER] #45 - Total: 176229 μs, Forward: 21029 μs, Backward: 155199 μs, Memory: 35 MB
#3/3 [          13          ]  ( Training Loss: 0.0012221 )
 [ITER] #46 - Total: 183569 μs, Forward: 26394 μs, Backward: 157174 μs, Memory: 35 MB
#3/3 [          14          ]  ( Training Loss: 2.49873e-05 )
 [ITER] #47 - Total: 181654 μs, Forward: 22800 μs, Backward: 158853 μs, Memory: 35 MB
#3/3 [          15          ]  ( Training Loss: 0.00163005 )
 [ITER] #48 - Total: 179672 μs, Forward: 24966 μs, Backward: 154705 μs, Memory: 35 MB
#3/3 - Training Loss: 0.00915013
[DEBUG] Training completed successfully
[TIMING] Training took: 8859 ms
[MEMORY] After Training - Peak: 4558 MB, Current: 4487 MB, RSS: 29 MB

=== PERFORMANCE SUMMARY ===
Model Configuration:
  - Sequence Length: 64
  - Vocab Size: 1000
  - Model Dimension: 128
  - Number of Heads: 4
  - Number of Layers: 4
  - FFN Dimension: 512
  - Batch Size: 2
  - Epochs: 3

Approximate Model Parameters (GELU FFN):
  - Embedding: 8192
  - Attention: 262144
  - GELU FFN: 524288 (2 projections: fc1+fc2)
  - Total: 794624 (~3 MB)

=== STDERR ===
