Command: nntrainer/build/Applications/GC_Test/jni/gelu_gc_test --seq_len 128 --model_dim 128 --num_heads 4 --ffn_dim 512 --epochs 3 --learning_rate 0.0001 --num_layers 4 --batch_size 4 --enable-checkpoint
Timestamp: 20251215_074650
Return code: 0

=== STDOUT ===
[CONFIG] Parsed arguments:
  seq_len=128, vocab_size=1000, model_dim=128
  num_heads=4, num_layers=4, ffn_dim=512
  batch_size=4, epochs=3, learning_rate=0.0001
[DEBUG] Starting main function...
[MEMORY] Program Start - Peak: 4274 MB, Current: 4274 MB, RSS: 12 MB
[DEBUG] Creating model...
[DEBUG] Starting model creation...
[DEBUG] Model created successfully
[DEBUG] Adding input layer...
[DEBUG] Input layer added successfully
[DEBUG] Adding simple embedding layer...
[DEBUG] Embedding layer (FC) added successfully
[DEBUG] Creating transformer layer 0
[DEBUG] Adding ln_multiout1 for layer 0
[DEBUG] Adding ln1 for layer 0
[DEBUG] Adding multi_out1 (Q,K,V) for layer 0
[DEBUG] Adding multi_head_attention for layer 0
[DEBUG] Adding add1 (residual after attention) for layer 0
[DEBUG] Adding ln_multiout2 for layer 0
[DEBUG] Adding ln2 for layer 0
[DEBUG] Adding multi_out3 for layer 0
[DEBUG] Adding FFN fc1 for layer 0
[DEBUG] Adding FFN fc2 for layer 0
[DEBUG] Adding add2 (residual after FFN) for layer 0
[DEBUG] Creating transformer layer 1
[DEBUG] Adding ln_multiout1 for layer 1
[DEBUG] Adding ln1 for layer 1
[DEBUG] Adding multi_out1 (Q,K,V) for layer 1
[DEBUG] Adding multi_head_attention for layer 1
[DEBUG] Adding add1 (residual after attention) for layer 1
[DEBUG] Adding ln_multiout2 for layer 1
[DEBUG] Adding ln2 for layer 1
[DEBUG] Adding multi_out3 for layer 1
[DEBUG] Adding FFN fc1 for layer 1
[DEBUG] Adding FFN fc2 for layer 1
[DEBUG] Adding add2 (residual after FFN) for layer 1
[DEBUG] Creating transformer layer 2
[DEBUG] Adding ln_multiout1 for layer 2
[DEBUG] Adding ln1 for layer 2
[DEBUG] Adding multi_out1 (Q,K,V) for layer 2
[DEBUG] Adding multi_head_attention for layer 2
[DEBUG] Adding add1 (residual after attention) for layer 2
[DEBUG] Adding ln_multiout2 for layer 2
[DEBUG] Adding ln2 for layer 2
[DEBUG] Adding multi_out3 for layer 2
[DEBUG] Adding FFN fc1 for layer 2
[DEBUG] Adding FFN fc2 for layer 2
[DEBUG] Adding add2 (residual after FFN) for layer 2
[DEBUG] Creating transformer layer 3
[DEBUG] Adding ln_multiout1 for layer 3
[DEBUG] Adding ln1 for layer 3
[DEBUG] Adding multi_out1 (Q,K,V) for layer 3
[DEBUG] Adding multi_head_attention for layer 3
[DEBUG] Adding add1 (residual after attention) for layer 3
[DEBUG] Adding ln_multiout2 for layer 3
[DEBUG] Adding ln2 for layer 3
[DEBUG] Adding multi_out3 for layer 3
[DEBUG] Adding FFN fc1 for layer 3
[DEBUG] Adding FFN fc2 for layer 3
[DEBUG] Adding add2 (residual after FFN) for layer 3
[DEBUG] Adding final layer normalization...
[DEBUG] Final layer normalization added successfully
[DEBUG] Skipping pooling2d layer for debugging...
[DEBUG] Adding simple output projection...
[DEBUG] Output projection added successfully

[CHECKPOINT] Setting up gradient checkpointing for transformer blocks...
[CHECKPOINT] Added checkpoint block for transformer layer 0 (11 layers)
[CHECKPOINT] Added checkpoint block for transformer layer 1 (11 layers)
[CHECKPOINT] Added checkpoint block for transformer layer 2 (11 layers)
[CHECKPOINT] Added checkpoint block for transformer layer 3 (11 layers)
[CHECKPOINT] Gradient checkpointing setup complete!
[CHECKPOINT] Total checkpoint blocks: 4
[CHECKPOINT] Expected memory savings: ~75%
[DEBUG] Model creation completed successfully!
[DEBUG] Model created successfully!
[TIMING] Model Creation took: 9 ms
[MEMORY] After Model Creation - Peak: 4275 MB, Current: 4275 MB, RSS: 15 MB
[DEBUG] Setting model properties...
[DEBUG] Model properties set successfully
[DEBUG] Creating optimizer...
[DEBUG] Optimizer set successfully
[TIMING] Model Configuration took: 0 ms
[DEBUG] Compiling model...
[DEBUG] Model compiled with status: 0
[TIMING] Model Compilation took: 4 ms
[MEMORY] After Compilation - Peak: 4275 MB, Current: 4275 MB, RSS: 15 MB
[DEBUG] Initializing model...
[DEBUG] Model initialized with status: 0
[TIMING] Model Initialization took: 26 ms
[MEMORY] After Initialization - Peak: 4285 MB, Current: 4285 MB, RSS: 24 MB
[DEBUG] Creating data generator...
[DEBUG] Data generator created successfully
[DEBUG] Setting dataset...
[DEBUG] Dataset set successfully
[TIMING] Data Setup took: 0 ms
[DEBUG] Starting training...
[INFO] Iteration stats are printed from neuralnet.cpp (once per batch)
#1/3 [          0           ]  ( Training Loss: 1.50921 )
 [ITER] #1 - Total: 1326231 μs, Forward: 105128 μs, Backward: 1221102 μs, Memory: 48 MB
#1/3 [          1           ]  ( Training Loss: 2.26365 )
 [ITER] #2 - Total: 1309878 μs, Forward: 97085 μs, Backward: 1212792 μs, Memory: 49 MB
#1/3 [          2           ]  ( Training Loss: 1.13733 )
 [ITER] #3 - Total: 1285279 μs, Forward: 90726 μs, Backward: 1194552 μs, Memory: 49 MB
#1/3 [          3           ]  ( Training Loss: 0.027557 )
 [ITER] #4 - Total: 1318722 μs, Forward: 94131 μs, Backward: 1224590 μs, Memory: 49 MB
#1/3 [          4           ]  ( Training Loss: 0.312559 )
 [ITER] #5 - Total: 1309383 μs, Forward: 92488 μs, Backward: 1216895 μs, Memory: 49 MB
#1/3 [          5           ]  ( Training Loss: 0.75712 )
 [ITER] #6 - Total: 1313022 μs, Forward: 102199 μs, Backward: 1210822 μs, Memory: 49 MB
#1/3 [          6           ]  ( Training Loss: 0.666287 )
 [ITER] #7 - Total: 1334598 μs, Forward: 116792 μs, Backward: 1217806 μs, Memory: 49 MB
#1/3 [          7           ]  ( Training Loss: 0.297174 )
 [ITER] #8 - Total: 1302518 μs, Forward: 100301 μs, Backward: 1202216 μs, Memory: 50 MB
#1/3 - Training Loss: 0.871361
#2/3 [          0           ]  ( Training Loss: 0.0351824 )
 [ITER] #9 - Total: 1300657 μs, Forward: 93686 μs, Backward: 1206970 μs, Memory: 50 MB
#2/3 [          1           ]  ( Training Loss: 0.0240931 )
 [ITER] #10 - Total: 1295805 μs, Forward: 95248 μs, Backward: 1200557 μs, Memory: 50 MB
#2/3 [          2           ]  ( Training Loss: 0.169258 )
 [ITER] #11 - Total: 1340666 μs, Forward: 121346 μs, Backward: 1219319 μs, Memory: 50 MB
#2/3 [          3           ]  ( Training Loss: 0.295493 )
 [ITER] #12 - Total: 1296554 μs, Forward: 94033 μs, Backward: 1202520 μs, Memory: 50 MB
#2/3 [          4           ]  ( Training Loss: 0.302089 )
 [ITER] #13 - Total: 1337820 μs, Forward: 90513 μs, Backward: 1247305 μs, Memory: 50 MB
#2/3 [          5           ]  ( Training Loss: 0.204816 )
 [ITER] #14 - Total: 1294654 μs, Forward: 93407 μs, Backward: 1201246 μs, Memory: 50 MB
#2/3 [          6           ]  ( Training Loss: 0.0827585 )
 [ITER] #15 - Total: 1287262 μs, Forward: 90637 μs, Backward: 1196624 μs, Memory: 50 MB
#2/3 [          7           ]  ( Training Loss: 0.00874056 )
 [ITER] #16 - Total: 1307288 μs, Forward: 92342 μs, Backward: 1214946 μs, Memory: 50 MB
#2/3 - Training Loss: 0.140304
#3/3 [          0           ]  ( Training Loss: 0.00876077 )
 [ITER] #17 - Total: 1307280 μs, Forward: 100859 μs, Backward: 1206421 μs, Memory: 50 MB
#3/3 [          1           ]  ( Training Loss: 0.0593141 )
 [ITER] #18 - Total: 1299211 μs, Forward: 98931 μs, Backward: 1200279 μs, Memory: 50 MB
#3/3 [          2           ]  ( Training Loss: 0.113128 )
 [ITER] #19 - Total: 1311191 μs, Forward: 94296 μs, Backward: 1216894 μs, Memory: 50 MB
#3/3 [          3           ]  ( Training Loss: 0.132602 )
 [ITER] #20 - Total: 1303867 μs, Forward: 90530 μs, Backward: 1213336 μs, Memory: 50 MB
#3/3 [          4           ]  ( Training Loss: 0.10937 )
 [ITER] #21 - Total: 1367295 μs, Forward: 125891 μs, Backward: 1241403 μs, Memory: 50 MB
#3/3 [          5           ]  ( Training Loss: 0.0618651 )
 [ITER] #22 - Total: 1277339 μs, Forward: 88864 μs, Backward: 1188475 μs, Memory: 50 MB
#3/3 [          6           ]  ( Training Loss: 0.0186125 )
 [ITER] #23 - Total: 1290809 μs, Forward: 93879 μs, Backward: 1196929 μs, Memory: 50 MB
#3/3 [          7           ]  ( Training Loss: 0.000205573 )
 [ITER] #24 - Total: 1298287 μs, Forward: 92502 μs, Backward: 1205785 μs, Memory: 50 MB
#3/3 - Training Loss: 0.0629822
[DEBUG] Training completed successfully
[TIMING] Training took: 31441 ms
[MEMORY] After Training - Peak: 4572 MB, Current: 4498 MB, RSS: 40 MB

=== PERFORMANCE SUMMARY ===
Model Configuration:
  - Sequence Length: 128
  - Vocab Size: 1000
  - Model Dimension: 128
  - Number of Heads: 4
  - Number of Layers: 4
  - FFN Dimension: 512
  - Batch Size: 4
  - Epochs: 3

Approximate Model Parameters (GELU FFN):
  - Embedding: 16384
  - Attention: 262144
  - GELU FFN: 524288 (2 projections: fc1+fc2)
  - Total: 802816 (~3 MB)

=== STDERR ===
