Command: nntrainer/build/Applications/GC_Test/jni/gelu_gc_test --seq_len 128 --model_dim 128 --num_heads 4 --ffn_dim 512 --epochs 3 --learning_rate 0.0001 --num_layers 4 --batch_size 4
Timestamp: 20251215_074620
Return code: 0

=== STDOUT ===
[CONFIG] Parsed arguments:
  seq_len=128, vocab_size=1000, model_dim=128
  num_heads=4, num_layers=4, ffn_dim=512
  batch_size=4, epochs=3, learning_rate=0.0001
[DEBUG] Starting main function...
[MEMORY] Program Start - Peak: 4274 MB, Current: 4274 MB, RSS: 12 MB
[DEBUG] Creating model...
[DEBUG] Starting model creation...
[DEBUG] Model created successfully
[DEBUG] Adding input layer...
[DEBUG] Input layer added successfully
[DEBUG] Adding simple embedding layer...
[DEBUG] Embedding layer (FC) added successfully
[DEBUG] Creating transformer layer 0
[DEBUG] Adding ln_multiout1 for layer 0
[DEBUG] Adding ln1 for layer 0
[DEBUG] Adding multi_out1 (Q,K,V) for layer 0
[DEBUG] Adding multi_head_attention for layer 0
[DEBUG] Adding add1 (residual after attention) for layer 0
[DEBUG] Adding ln_multiout2 for layer 0
[DEBUG] Adding ln2 for layer 0
[DEBUG] Adding multi_out3 for layer 0
[DEBUG] Adding FFN fc1 for layer 0
[DEBUG] Adding FFN fc2 for layer 0
[DEBUG] Adding add2 (residual after FFN) for layer 0
[DEBUG] Creating transformer layer 1
[DEBUG] Adding ln_multiout1 for layer 1
[DEBUG] Adding ln1 for layer 1
[DEBUG] Adding multi_out1 (Q,K,V) for layer 1
[DEBUG] Adding multi_head_attention for layer 1
[DEBUG] Adding add1 (residual after attention) for layer 1
[DEBUG] Adding ln_multiout2 for layer 1
[DEBUG] Adding ln2 for layer 1
[DEBUG] Adding multi_out3 for layer 1
[DEBUG] Adding FFN fc1 for layer 1
[DEBUG] Adding FFN fc2 for layer 1
[DEBUG] Adding add2 (residual after FFN) for layer 1
[DEBUG] Creating transformer layer 2
[DEBUG] Adding ln_multiout1 for layer 2
[DEBUG] Adding ln1 for layer 2
[DEBUG] Adding multi_out1 (Q,K,V) for layer 2
[DEBUG] Adding multi_head_attention for layer 2
[DEBUG] Adding add1 (residual after attention) for layer 2
[DEBUG] Adding ln_multiout2 for layer 2
[DEBUG] Adding ln2 for layer 2
[DEBUG] Adding multi_out3 for layer 2
[DEBUG] Adding FFN fc1 for layer 2
[DEBUG] Adding FFN fc2 for layer 2
[DEBUG] Adding add2 (residual after FFN) for layer 2
[DEBUG] Creating transformer layer 3
[DEBUG] Adding ln_multiout1 for layer 3
[DEBUG] Adding ln1 for layer 3
[DEBUG] Adding multi_out1 (Q,K,V) for layer 3
[DEBUG] Adding multi_head_attention for layer 3
[DEBUG] Adding add1 (residual after attention) for layer 3
[DEBUG] Adding ln_multiout2 for layer 3
[DEBUG] Adding ln2 for layer 3
[DEBUG] Adding multi_out3 for layer 3
[DEBUG] Adding FFN fc1 for layer 3
[DEBUG] Adding FFN fc2 for layer 3
[DEBUG] Adding add2 (residual after FFN) for layer 3
[DEBUG] Adding final layer normalization...
[DEBUG] Final layer normalization added successfully
[DEBUG] Skipping pooling2d layer for debugging...
[DEBUG] Adding simple output projection...
[DEBUG] Output projection added successfully

[INFO] Gradient checkpointing is DISABLED
[DEBUG] Model creation completed successfully!
[DEBUG] Model created successfully!
[TIMING] Model Creation took: 8 ms
[MEMORY] After Model Creation - Peak: 4275 MB, Current: 4275 MB, RSS: 15 MB
[DEBUG] Setting model properties...
[DEBUG] Model properties set successfully
[DEBUG] Creating optimizer...
[DEBUG] Optimizer set successfully
[TIMING] Model Configuration took: 0 ms
[DEBUG] Compiling model...
[DEBUG] Model compiled with status: 0
[TIMING] Model Compilation took: 4 ms
[MEMORY] After Compilation - Peak: 4275 MB, Current: 4275 MB, RSS: 15 MB
[DEBUG] Initializing model...
[DEBUG] Model initialized with status: 0
[TIMING] Model Initialization took: 25 ms
[MEMORY] After Initialization - Peak: 4285 MB, Current: 4285 MB, RSS: 24 MB
[DEBUG] Creating data generator...
[DEBUG] Data generator created successfully
[DEBUG] Setting dataset...
[DEBUG] Dataset set successfully
[TIMING] Data Setup took: 0 ms
[DEBUG] Starting training...
[INFO] Iteration stats are printed from neuralnet.cpp (once per batch)
#1/3 [          0           ]  ( Training Loss: 1.50921 )
 [ITER] #1 - Total: 1265800 μs, Forward: 133789 μs, Backward: 1132010 μs, Memory: 63 MB
#1/3 [          1           ]  ( Training Loss: 2.26365 )
 [ITER] #2 - Total: 1207916 μs, Forward: 98418 μs, Backward: 1109497 μs, Memory: 64 MB
#1/3 [          2           ]  ( Training Loss: 1.13733 )
 [ITER] #3 - Total: 1190236 μs, Forward: 89185 μs, Backward: 1101050 μs, Memory: 64 MB
#1/3 [          3           ]  ( Training Loss: 0.027557 )
 [ITER] #4 - Total: 1200731 μs, Forward: 97607 μs, Backward: 1103124 μs, Memory: 64 MB
#1/3 [          4           ]  ( Training Loss: 0.312559 )
 [ITER] #5 - Total: 1201238 μs, Forward: 91852 μs, Backward: 1109385 μs, Memory: 64 MB
#1/3 [          5           ]  ( Training Loss: 0.75712 )
 [ITER] #6 - Total: 1200114 μs, Forward: 90086 μs, Backward: 1110028 μs, Memory: 64 MB
#1/3 [          6           ]  ( Training Loss: 0.666287 )
 [ITER] #7 - Total: 1201271 μs, Forward: 93447 μs, Backward: 1107823 μs, Memory: 64 MB
#1/3 [          7           ]  ( Training Loss: 0.297174 )
 [ITER] #8 - Total: 1200881 μs, Forward: 92288 μs, Backward: 1108593 μs, Memory: 64 MB
#1/3 - Training Loss: 0.871361
#2/3 [          0           ]  ( Training Loss: 0.0351824 )
 [ITER] #9 - Total: 1204192 μs, Forward: 96468 μs, Backward: 1107723 μs, Memory: 64 MB
#2/3 [          1           ]  ( Training Loss: 0.0240931 )
 [ITER] #10 - Total: 1195630 μs, Forward: 90775 μs, Backward: 1104853 μs, Memory: 64 MB
#2/3 [          2           ]  ( Training Loss: 0.169258 )
 [ITER] #11 - Total: 1193636 μs, Forward: 91085 μs, Backward: 1102551 μs, Memory: 64 MB
#2/3 [          3           ]  ( Training Loss: 0.295493 )
 [ITER] #12 - Total: 1200816 μs, Forward: 91834 μs, Backward: 1108981 μs, Memory: 64 MB
#2/3 [          4           ]  ( Training Loss: 0.302089 )
 [ITER] #13 - Total: 1201155 μs, Forward: 91602 μs, Backward: 1109552 μs, Memory: 64 MB
#2/3 [          5           ]  ( Training Loss: 0.204816 )
 [ITER] #14 - Total: 1204508 μs, Forward: 96459 μs, Backward: 1108048 μs, Memory: 64 MB
#2/3 [          6           ]  ( Training Loss: 0.0827585 )
 [ITER] #15 - Total: 1239459 μs, Forward: 94410 μs, Backward: 1145048 μs, Memory: 64 MB
#2/3 [          7           ]  ( Training Loss: 0.00874056 )
 [ITER] #16 - Total: 1210151 μs, Forward: 95100 μs, Backward: 1115050 μs, Memory: 64 MB
#2/3 - Training Loss: 0.140304
#3/3 [          0           ]  ( Training Loss: 0.00876077 )
 [ITER] #17 - Total: 1232049 μs, Forward: 107578 μs, Backward: 1124470 μs, Memory: 64 MB
#3/3 [          1           ]  ( Training Loss: 0.0593141 )
 [ITER] #18 - Total: 1213809 μs, Forward: 98010 μs, Backward: 1115798 μs, Memory: 64 MB
#3/3 [          2           ]  ( Training Loss: 0.113128 )
 [ITER] #19 - Total: 1215369 μs, Forward: 95165 μs, Backward: 1120203 μs, Memory: 64 MB
#3/3 [          3           ]  ( Training Loss: 0.132602 )
 [ITER] #20 - Total: 1216936 μs, Forward: 95644 μs, Backward: 1121291 μs, Memory: 64 MB
#3/3 [          4           ]  ( Training Loss: 0.10937 )
 [ITER] #21 - Total: 1200098 μs, Forward: 93387 μs, Backward: 1106710 μs, Memory: 64 MB
#3/3 [          5           ]  ( Training Loss: 0.0618651 )
 [ITER] #22 - Total: 1204055 μs, Forward: 91656 μs, Backward: 1112399 μs, Memory: 64 MB
#3/3 [          6           ]  ( Training Loss: 0.0186125 )
 [ITER] #23 - Total: 1203561 μs, Forward: 93508 μs, Backward: 1110053 μs, Memory: 64 MB
#3/3 [          7           ]  ( Training Loss: 0.000205573 )
 [ITER] #24 - Total: 1211625 μs, Forward: 101844 μs, Backward: 1109780 μs, Memory: 64 MB
#3/3 - Training Loss: 0.0629822
[DEBUG] Training completed successfully
[TIMING] Training took: 29053 ms
[MEMORY] After Training - Peak: 4588 MB, Current: 4494 MB, RSS: 36 MB

=== PERFORMANCE SUMMARY ===
Model Configuration:
  - Sequence Length: 128
  - Vocab Size: 1000
  - Model Dimension: 128
  - Number of Heads: 4
  - Number of Layers: 4
  - FFN Dimension: 512
  - Batch Size: 4
  - Epochs: 3

Approximate Model Parameters (GELU FFN):
  - Embedding: 16384
  - Attention: 262144
  - GELU FFN: 524288 (2 projections: fc1+fc2)
  - Total: 802816 (~3 MB)

=== STDERR ===
