Command: nntrainer/build/Applications/GC_Test/jni/gelu_gc_test --seq_len 64 --model_dim 128 --num_heads 4 --ffn_dim 512 --epochs 3 --learning_rate 0.0001 --num_layers 8 --batch_size 4 --enable-checkpoint
Timestamp: 20251215_073339
Return code: 0

=== STDOUT ===
[CONFIG] Parsed arguments:
  seq_len=64, vocab_size=1000, model_dim=128
  num_heads=4, num_layers=8, ffn_dim=512
  batch_size=4, epochs=3, learning_rate=0.0001
[DEBUG] Starting main function...
[MEMORY] Program Start - Peak: 4274 MB, Current: 4274 MB, RSS: 12 MB
[DEBUG] Creating model...
[DEBUG] Starting model creation...
[DEBUG] Model created successfully
[DEBUG] Adding input layer...
[DEBUG] Input layer added successfully
[DEBUG] Adding simple embedding layer...
[DEBUG] Embedding layer (FC) added successfully
[DEBUG] Creating transformer layer 0
[DEBUG] Adding ln_multiout1 for layer 0
[DEBUG] Adding ln1 for layer 0
[DEBUG] Adding multi_out1 (Q,K,V) for layer 0
[DEBUG] Adding multi_head_attention for layer 0
[DEBUG] Adding add1 (residual after attention) for layer 0
[DEBUG] Adding ln_multiout2 for layer 0
[DEBUG] Adding ln2 for layer 0
[DEBUG] Adding multi_out3 for layer 0
[DEBUG] Adding FFN fc1 for layer 0
[DEBUG] Adding FFN fc2 for layer 0
[DEBUG] Adding add2 (residual after FFN) for layer 0
[DEBUG] Creating transformer layer 1
[DEBUG] Adding ln_multiout1 for layer 1
[DEBUG] Adding ln1 for layer 1
[DEBUG] Adding multi_out1 (Q,K,V) for layer 1
[DEBUG] Adding multi_head_attention for layer 1
[DEBUG] Adding add1 (residual after attention) for layer 1
[DEBUG] Adding ln_multiout2 for layer 1
[DEBUG] Adding ln2 for layer 1
[DEBUG] Adding multi_out3 for layer 1
[DEBUG] Adding FFN fc1 for layer 1
[DEBUG] Adding FFN fc2 for layer 1
[DEBUG] Adding add2 (residual after FFN) for layer 1
[DEBUG] Creating transformer layer 2
[DEBUG] Adding ln_multiout1 for layer 2
[DEBUG] Adding ln1 for layer 2
[DEBUG] Adding multi_out1 (Q,K,V) for layer 2
[DEBUG] Adding multi_head_attention for layer 2
[DEBUG] Adding add1 (residual after attention) for layer 2
[DEBUG] Adding ln_multiout2 for layer 2
[DEBUG] Adding ln2 for layer 2
[DEBUG] Adding multi_out3 for layer 2
[DEBUG] Adding FFN fc1 for layer 2
[DEBUG] Adding FFN fc2 for layer 2
[DEBUG] Adding add2 (residual after FFN) for layer 2
[DEBUG] Creating transformer layer 3
[DEBUG] Adding ln_multiout1 for layer 3
[DEBUG] Adding ln1 for layer 3
[DEBUG] Adding multi_out1 (Q,K,V) for layer 3
[DEBUG] Adding multi_head_attention for layer 3
[DEBUG] Adding add1 (residual after attention) for layer 3
[DEBUG] Adding ln_multiout2 for layer 3
[DEBUG] Adding ln2 for layer 3
[DEBUG] Adding multi_out3 for layer 3
[DEBUG] Adding FFN fc1 for layer 3
[DEBUG] Adding FFN fc2 for layer 3
[DEBUG] Adding add2 (residual after FFN) for layer 3
[DEBUG] Creating transformer layer 4
[DEBUG] Adding ln_multiout1 for layer 4
[DEBUG] Adding ln1 for layer 4
[DEBUG] Adding multi_out1 (Q,K,V) for layer 4
[DEBUG] Adding multi_head_attention for layer 4
[DEBUG] Adding add1 (residual after attention) for layer 4
[DEBUG] Adding ln_multiout2 for layer 4
[DEBUG] Adding ln2 for layer 4
[DEBUG] Adding multi_out3 for layer 4
[DEBUG] Adding FFN fc1 for layer 4
[DEBUG] Adding FFN fc2 for layer 4
[DEBUG] Adding add2 (residual after FFN) for layer 4
[DEBUG] Creating transformer layer 5
[DEBUG] Adding ln_multiout1 for layer 5
[DEBUG] Adding ln1 for layer 5
[DEBUG] Adding multi_out1 (Q,K,V) for layer 5
[DEBUG] Adding multi_head_attention for layer 5
[DEBUG] Adding add1 (residual after attention) for layer 5
[DEBUG] Adding ln_multiout2 for layer 5
[DEBUG] Adding ln2 for layer 5
[DEBUG] Adding multi_out3 for layer 5
[DEBUG] Adding FFN fc1 for layer 5
[DEBUG] Adding FFN fc2 for layer 5
[DEBUG] Adding add2 (residual after FFN) for layer 5
[DEBUG] Creating transformer layer 6
[DEBUG] Adding ln_multiout1 for layer 6
[DEBUG] Adding ln1 for layer 6
[DEBUG] Adding multi_out1 (Q,K,V) for layer 6
[DEBUG] Adding multi_head_attention for layer 6
[DEBUG] Adding add1 (residual after attention) for layer 6
[DEBUG] Adding ln_multiout2 for layer 6
[DEBUG] Adding ln2 for layer 6
[DEBUG] Adding multi_out3 for layer 6
[DEBUG] Adding FFN fc1 for layer 6
[DEBUG] Adding FFN fc2 for layer 6
[DEBUG] Adding add2 (residual after FFN) for layer 6
[DEBUG] Creating transformer layer 7
[DEBUG] Adding ln_multiout1 for layer 7
[DEBUG] Adding ln1 for layer 7
[DEBUG] Adding multi_out1 (Q,K,V) for layer 7
[DEBUG] Adding multi_head_attention for layer 7
[DEBUG] Adding add1 (residual after attention) for layer 7
[DEBUG] Adding ln_multiout2 for layer 7
[DEBUG] Adding ln2 for layer 7
[DEBUG] Adding multi_out3 for layer 7
[DEBUG] Adding FFN fc1 for layer 7
[DEBUG] Adding FFN fc2 for layer 7
[DEBUG] Adding add2 (residual after FFN) for layer 7
[DEBUG] Adding final layer normalization...
[DEBUG] Final layer normalization added successfully
[DEBUG] Skipping pooling2d layer for debugging...
[DEBUG] Adding simple output projection...
[DEBUG] Output projection added successfully

[CHECKPOINT] Setting up gradient checkpointing for transformer blocks...
[CHECKPOINT] Added checkpoint block for transformer layer 0 (11 layers)
[CHECKPOINT] Added checkpoint block for transformer layer 1 (11 layers)
[CHECKPOINT] Added checkpoint block for transformer layer 2 (11 layers)
[CHECKPOINT] Added checkpoint block for transformer layer 3 (11 layers)
[CHECKPOINT] Added checkpoint block for transformer layer 4 (11 layers)
[CHECKPOINT] Added checkpoint block for transformer layer 5 (11 layers)
[CHECKPOINT] Added checkpoint block for transformer layer 6 (11 layers)
[CHECKPOINT] Added checkpoint block for transformer layer 7 (11 layers)
[CHECKPOINT] Gradient checkpointing setup complete!
[CHECKPOINT] Total checkpoint blocks: 8
[CHECKPOINT] Expected memory savings: ~87%
[DEBUG] Model creation completed successfully!
[DEBUG] Model created successfully!
[TIMING] Model Creation took: 18 ms
[MEMORY] After Model Creation - Peak: 4275 MB, Current: 4275 MB, RSS: 15 MB
[DEBUG] Setting model properties...
[DEBUG] Model properties set successfully
[DEBUG] Creating optimizer...
[DEBUG] Optimizer set successfully
[TIMING] Model Configuration took: 0 ms
[DEBUG] Compiling model...
[DEBUG] Model compiled with status: 0
[TIMING] Model Compilation took: 8 ms
[MEMORY] After Compilation - Peak: 4275 MB, Current: 4275 MB, RSS: 15 MB
[DEBUG] Initializing model...
[DEBUG] Model initialized with status: 0
[TIMING] Model Initialization took: 52 ms
[MEMORY] After Initialization - Peak: 4294 MB, Current: 4294 MB, RSS: 34 MB
[DEBUG] Creating data generator...
[DEBUG] Data generator created successfully
[DEBUG] Setting dataset...
[DEBUG] Dataset set successfully
[TIMING] Data Setup took: 0 ms
[DEBUG] Starting training...
[INFO] Iteration stats are printed from neuralnet.cpp (once per batch)
#1/3 [          0           ]  ( Training Loss: 0.268125 )
 [ITER] #1 - Total: 727470 μs, Forward: 86816 μs, Backward: 640654 μs, Memory: 54 MB
#1/3 [          1           ]  ( Training Loss: 8.20738 )
 [ITER] #2 - Total: 716497 μs, Forward: 76501 μs, Backward: 639996 μs, Memory: 54 MB
#1/3 [          2           ]  ( Training Loss: 1.25716 )
 [ITER] #3 - Total: 697791 μs, Forward: 74329 μs, Backward: 623461 μs, Memory: 54 MB
#1/3 [          3           ]  ( Training Loss: 0.306419 )
 [ITER] #4 - Total: 802527 μs, Forward: 84799 μs, Backward: 717727 μs, Memory: 54 MB
#1/3 [          4           ]  ( Training Loss: 1.91366 )
 [ITER] #5 - Total: 723915 μs, Forward: 84845 μs, Backward: 639069 μs, Memory: 54 MB
#1/3 [          5           ]  ( Training Loss: 1.94194 )
 [ITER] #6 - Total: 717602 μs, Forward: 76911 μs, Backward: 640690 μs, Memory: 54 MB
#1/3 [          6           ]  ( Training Loss: 1.02643 )
 [ITER] #7 - Total: 710843 μs, Forward: 78479 μs, Backward: 632362 μs, Memory: 54 MB
#1/3 [          7           ]  ( Training Loss: 0.248141 )
 [ITER] #8 - Total: 686867 μs, Forward: 77650 μs, Backward: 609216 μs, Memory: 55 MB
#1/3 - Training Loss: 1.89616
#2/3 [          0           ]  ( Training Loss: 7.60193e-05 )
 [ITER] #9 - Total: 697226 μs, Forward: 83379 μs, Backward: 613846 μs, Memory: 55 MB
#2/3 [          1           ]  ( Training Loss: 0.177567 )
 [ITER] #10 - Total: 702487 μs, Forward: 75613 μs, Backward: 626873 μs, Memory: 55 MB
#2/3 [          2           ]  ( Training Loss: 0.477494 )
 [ITER] #11 - Total: 699574 μs, Forward: 81129 μs, Backward: 618444 μs, Memory: 55 MB
#2/3 [          3           ]  ( Training Loss: 0.650326 )
 [ITER] #12 - Total: 704779 μs, Forward: 79404 μs, Backward: 625374 μs, Memory: 55 MB
#2/3 [          4           ]  ( Training Loss: 0.618299 )
 [ITER] #13 - Total: 702290 μs, Forward: 78592 μs, Backward: 623698 μs, Memory: 55 MB
#2/3 [          5           ]  ( Training Loss: 0.439009 )
 [ITER] #14 - Total: 685053 μs, Forward: 78276 μs, Backward: 606776 μs, Memory: 55 MB
#2/3 [          6           ]  ( Training Loss: 0.220918 )
 [ITER] #15 - Total: 855130 μs, Forward: 78594 μs, Backward: 776535 μs, Memory: 55 MB
#2/3 [          7           ]  ( Training Loss: 0.0588089 )
 [ITER] #16 - Total: 824044 μs, Forward: 175365 μs, Backward: 648678 μs, Memory: 55 MB
#2/3 - Training Loss: 0.330312
#3/3 [          0           ]  ( Training Loss: 0.000132097 )
 [ITER] #17 - Total: 729588 μs, Forward: 87564 μs, Backward: 642023 μs, Memory: 55 MB
#3/3 [          1           ]  ( Training Loss: 0.0381602 )
 [ITER] #18 - Total: 737241 μs, Forward: 89142 μs, Backward: 648098 μs, Memory: 55 MB
#3/3 [          2           ]  ( Training Loss: 0.126844 )
 [ITER] #19 - Total: 725177 μs, Forward: 84690 μs, Backward: 640487 μs, Memory: 55 MB
#3/3 [          3           ]  ( Training Loss: 0.208903 )
 [ITER] #20 - Total: 686704 μs, Forward: 76547 μs, Backward: 610156 μs, Memory: 55 MB
#3/3 [          4           ]  ( Training Loss: 0.243404 )
 [ITER] #21 - Total: 748000 μs, Forward: 76551 μs, Backward: 671448 μs, Memory: 55 MB
#3/3 [          5           ]  ( Training Loss: 0.219814 )
 [ITER] #22 - Total: 740661 μs, Forward: 121213 μs, Backward: 619447 μs, Memory: 55 MB
#3/3 [          6           ]  ( Training Loss: 0.155054 )
 [ITER] #23 - Total: 691893 μs, Forward: 77313 μs, Backward: 614579 μs, Memory: 55 MB
#3/3 [          7           ]  ( Training Loss: 0.0797996 )
 [ITER] #24 - Total: 699749 μs, Forward: 76748 μs, Backward: 623000 μs, Memory: 55 MB
#3/3 - Training Loss: 0.134014
[DEBUG] Training completed successfully
[TIMING] Training took: 17435 ms
[MEMORY] After Training - Peak: 4577 MB, Current: 4508 MB, RSS: 49 MB

=== PERFORMANCE SUMMARY ===
Model Configuration:
  - Sequence Length: 64
  - Vocab Size: 1000
  - Model Dimension: 128
  - Number of Heads: 4
  - Number of Layers: 8
  - FFN Dimension: 512
  - Batch Size: 4
  - Epochs: 3

Approximate Model Parameters (GELU FFN):
  - Embedding: 8192
  - Attention: 524288
  - GELU FFN: 1048576 (2 projections: fc1+fc2)
  - Total: 1581056 (~6 MB)

=== STDERR ===
