Command: nntrainer/build/Applications/GC_Test/jni/gelu_gc_test --seq_len 64 --model_dim 512 --num_heads 8 --ffn_dim 2048 --epochs 3 --learning_rate 0.0001 --num_layers 4 --batch_size 4 --enable-checkpoint
Timestamp: 20251215_082137
Return code: 0

=== STDOUT ===
[CONFIG] Parsed arguments:
  seq_len=64, vocab_size=1000, model_dim=512
  num_heads=8, num_layers=4, ffn_dim=2048
  batch_size=4, epochs=3, learning_rate=0.0001
[DEBUG] Starting main function...
[MEMORY] Program Start - Peak: 4274 MB, Current: 4274 MB, RSS: 12 MB
[DEBUG] Creating model...
[DEBUG] Starting model creation...
[DEBUG] Model created successfully
[DEBUG] Adding input layer...
[DEBUG] Input layer added successfully
[DEBUG] Adding simple embedding layer...
[DEBUG] Embedding layer (FC) added successfully
[DEBUG] Creating transformer layer 0
[DEBUG] Adding ln_multiout1 for layer 0
[DEBUG] Adding ln1 for layer 0
[DEBUG] Adding multi_out1 (Q,K,V) for layer 0
[DEBUG] Adding multi_head_attention for layer 0
[DEBUG] Adding add1 (residual after attention) for layer 0
[DEBUG] Adding ln_multiout2 for layer 0
[DEBUG] Adding ln2 for layer 0
[DEBUG] Adding multi_out3 for layer 0
[DEBUG] Adding FFN fc1 for layer 0
[DEBUG] Adding FFN fc2 for layer 0
[DEBUG] Adding add2 (residual after FFN) for layer 0
[DEBUG] Creating transformer layer 1
[DEBUG] Adding ln_multiout1 for layer 1
[DEBUG] Adding ln1 for layer 1
[DEBUG] Adding multi_out1 (Q,K,V) for layer 1
[DEBUG] Adding multi_head_attention for layer 1
[DEBUG] Adding add1 (residual after attention) for layer 1
[DEBUG] Adding ln_multiout2 for layer 1
[DEBUG] Adding ln2 for layer 1
[DEBUG] Adding multi_out3 for layer 1
[DEBUG] Adding FFN fc1 for layer 1
[DEBUG] Adding FFN fc2 for layer 1
[DEBUG] Adding add2 (residual after FFN) for layer 1
[DEBUG] Creating transformer layer 2
[DEBUG] Adding ln_multiout1 for layer 2
[DEBUG] Adding ln1 for layer 2
[DEBUG] Adding multi_out1 (Q,K,V) for layer 2
[DEBUG] Adding multi_head_attention for layer 2
[DEBUG] Adding add1 (residual after attention) for layer 2
[DEBUG] Adding ln_multiout2 for layer 2
[DEBUG] Adding ln2 for layer 2
[DEBUG] Adding multi_out3 for layer 2
[DEBUG] Adding FFN fc1 for layer 2
[DEBUG] Adding FFN fc2 for layer 2
[DEBUG] Adding add2 (residual after FFN) for layer 2
[DEBUG] Creating transformer layer 3
[DEBUG] Adding ln_multiout1 for layer 3
[DEBUG] Adding ln1 for layer 3
[DEBUG] Adding multi_out1 (Q,K,V) for layer 3
[DEBUG] Adding multi_head_attention for layer 3
[DEBUG] Adding add1 (residual after attention) for layer 3
[DEBUG] Adding ln_multiout2 for layer 3
[DEBUG] Adding ln2 for layer 3
[DEBUG] Adding multi_out3 for layer 3
[DEBUG] Adding FFN fc1 for layer 3
[DEBUG] Adding FFN fc2 for layer 3
[DEBUG] Adding add2 (residual after FFN) for layer 3
[DEBUG] Adding final layer normalization...
[DEBUG] Final layer normalization added successfully
[DEBUG] Skipping pooling2d layer for debugging...
[DEBUG] Adding simple output projection...
[DEBUG] Output projection added successfully

[CHECKPOINT] Setting up gradient checkpointing for transformer blocks...
[CHECKPOINT] Added checkpoint block for transformer layer 0 (11 layers)
[CHECKPOINT] Added checkpoint block for transformer layer 1 (11 layers)
[CHECKPOINT] Added checkpoint block for transformer layer 2 (11 layers)
[CHECKPOINT] Added checkpoint block for transformer layer 3 (11 layers)
[CHECKPOINT] Gradient checkpointing setup complete!
[CHECKPOINT] Total checkpoint blocks: 4
[CHECKPOINT] Expected memory savings: ~75%
[DEBUG] Model creation completed successfully!
[DEBUG] Model created successfully!
[TIMING] Model Creation took: 8 ms
[MEMORY] After Model Creation - Peak: 4275 MB, Current: 4275 MB, RSS: 15 MB
[DEBUG] Setting model properties...
[DEBUG] Model properties set successfully
[DEBUG] Creating optimizer...
[DEBUG] Optimizer set successfully
[TIMING] Model Configuration took: 0 ms
[DEBUG] Compiling model...
[DEBUG] Model compiled with status: 0
[TIMING] Model Compilation took: 4 ms
[MEMORY] After Compilation - Peak: 4275 MB, Current: 4275 MB, RSS: 15 MB
[DEBUG] Initializing model...
[DEBUG] Model initialized with status: 0
[TIMING] Model Initialization took: 234 ms
[MEMORY] After Initialization - Peak: 4420 MB, Current: 4420 MB, RSS: 160 MB
[DEBUG] Creating data generator...
[DEBUG] Data generator created successfully
[DEBUG] Setting dataset...
[DEBUG] Dataset set successfully
[TIMING] Data Setup took: 0 ms
[DEBUG] Starting training...
[INFO] Iteration stats are printed from neuralnet.cpp (once per batch)
#1/3 [          0           ]  ( Training Loss: 0.912195 )
 [ITER] #1 - Total: 1379045 μs, Forward: 160642 μs, Backward: 1218402 μs, Memory: 215 MB
#1/3 [          1           ]  ( Training Loss: 145.031 )
 [ITER] #2 - Total: 1348074 μs, Forward: 142572 μs, Backward: 1205501 μs, Memory: 218 MB
#1/3 [          2           ]  ( Training Loss: 26.9089 )
 [ITER] #3 - Total: 1391612 μs, Forward: 135390 μs, Backward: 1256221 μs, Memory: 218 MB
#1/3 [          3           ]  ( Training Loss: 0.273869 )
 [ITER] #4 - Total: 1372175 μs, Forward: 161155 μs, Backward: 1211019 μs, Memory: 218 MB
#1/3 [          4           ]  ( Training Loss: 14.3127 )
 [ITER] #5 - Total: 1359290 μs, Forward: 153365 μs, Backward: 1205924 μs, Memory: 218 MB
#1/3 [          5           ]  ( Training Loss: 19.7593 )
 [ITER] #6 - Total: 1416103 μs, Forward: 147656 μs, Backward: 1268446 μs, Memory: 218 MB
#1/3 [          6           ]  ( Training Loss: 14.4522 )
 [ITER] #7 - Total: 1304659 μs, Forward: 147103 μs, Backward: 1157555 μs, Memory: 218 MB
#1/3 [          7           ]  ( Training Loss: 6.87801 )
 [ITER] #8 - Total: 1334309 μs, Forward: 147009 μs, Backward: 1187299 μs, Memory: 218 MB
#1/3 - Training Loss: 28.566
#2/3 [          0           ]  ( Training Loss: 1.70515 )
 [ITER] #9 - Total: 1465202 μs, Forward: 158684 μs, Backward: 1306517 μs, Memory: 218 MB
#2/3 [          1           ]  ( Training Loss: 0.00529856 )
 [ITER] #10 - Total: 1497745 μs, Forward: 218901 μs, Backward: 1278843 μs, Memory: 218 MB
#2/3 [          2           ]  ( Training Loss: 0.890281 )
 [ITER] #11 - Total: 1425688 μs, Forward: 157216 μs, Backward: 1268471 μs, Memory: 218 MB
#2/3 [          3           ]  ( Training Loss: 2.77432 )
 [ITER] #12 - Total: 1347276 μs, Forward: 157288 μs, Backward: 1189987 μs, Memory: 218 MB
#2/3 [          4           ]  ( Training Loss: 4.28077 )
 [ITER] #13 - Total: 1342235 μs, Forward: 160324 μs, Backward: 1181911 μs, Memory: 218 MB
#2/3 [          5           ]  ( Training Loss: 4.7444 )
 [ITER] #14 - Total: 1324838 μs, Forward: 155852 μs, Backward: 1168986 μs, Memory: 218 MB
#2/3 [          6           ]  ( Training Loss: 4.18636 )
 [ITER] #15 - Total: 1362783 μs, Forward: 154168 μs, Backward: 1208614 μs, Memory: 218 MB
#2/3 [          7           ]  ( Training Loss: 3.0108 )
 [ITER] #16 - Total: 1360623 μs, Forward: 156207 μs, Backward: 1204415 μs, Memory: 218 MB
#2/3 - Training Loss: 2.69967
#3/3 [          0           ]  ( Training Loss: 1.70906 )
 [ITER] #17 - Total: 1361097 μs, Forward: 149224 μs, Backward: 1211872 μs, Memory: 218 MB
#3/3 [          1           ]  ( Training Loss: 0.671227 )
 [ITER] #18 - Total: 1392221 μs, Forward: 141908 μs, Backward: 1250312 μs, Memory: 218 MB
#3/3 [          2           ]  ( Training Loss: 0.103035 )
 [ITER] #19 - Total: 1302742 μs, Forward: 172064 μs, Backward: 1130677 μs, Memory: 218 MB
#3/3 [          3           ]  ( Training Loss: 0.0211789 )
 [ITER] #20 - Total: 1294379 μs, Forward: 151802 μs, Backward: 1142576 μs, Memory: 218 MB
#3/3 [          4           ]  ( Training Loss: 0.299067 )
 [ITER] #21 - Total: 1383981 μs, Forward: 143483 μs, Backward: 1240497 μs, Memory: 218 MB
#3/3 [          5           ]  ( Training Loss: 0.73795 )
 [ITER] #22 - Total: 1284490 μs, Forward: 141228 μs, Backward: 1143261 μs, Memory: 218 MB
#3/3 [          6           ]  ( Training Loss: 1.14072 )
 [ITER] #23 - Total: 1304884 μs, Forward: 137593 μs, Backward: 1167289 μs, Memory: 218 MB
#3/3 [          7           ]  ( Training Loss: 1.36853 )
 [ITER] #24 - Total: 1363898 μs, Forward: 142280 μs, Backward: 1221617 μs, Memory: 218 MB
#3/3 - Training Loss: 0.756345
[DEBUG] Training completed successfully
[TIMING] Training took: 32774 ms
[MEMORY] After Training - Peak: 4737 MB, Current: 4649 MB, RSS: 193 MB

=== PERFORMANCE SUMMARY ===
Model Configuration:
  - Sequence Length: 64
  - Vocab Size: 1000
  - Model Dimension: 512
  - Number of Heads: 8
  - Number of Layers: 4
  - FFN Dimension: 2048
  - Batch Size: 4
  - Epochs: 3

Approximate Model Parameters (GELU FFN):
  - Embedding: 32768
  - Attention: 4194304
  - GELU FFN: 8388608 (2 projections: fc1+fc2)
  - Total: 12615680 (~48 MB)

=== STDERR ===
