Command: nntrainer/build/Applications/GC_Test/jni/swiglu_gc_test --seq_len 64 --model_dim 1024 --num_heads 8 --ffn_dim 4096 --epochs 3 --learning_rate 0.0001 --num_layers 4 --batch_size 4
Timestamp: 20251215_082551
Return code: 0

=== STDOUT ===
[CONFIG] Parsed arguments:
  seq_len=64, vocab_size=1000, model_dim=1024
  num_heads=8, num_layers=4, ffn_dim=4096
  batch_size=4, epochs=3, learning_rate=0.0001
[DEBUG] Starting main function...
[MEMORY] Program Start - Peak: 4274 MB, Current: 4274 MB, RSS: 12 MB
[DEBUG] Creating model...
[DEBUG] Starting model creation...
[DEBUG] Model created successfully
[DEBUG] Adding input layer...
[DEBUG] Input layer added successfully
[DEBUG] Adding simple embedding layer...
[DEBUG] Embedding layer (FC) added successfully
[DEBUG] Creating transformer layer 0
[DEBUG] Adding ln_multiout1 for layer 0
[DEBUG] Adding ln1 for layer 0
[DEBUG] Adding multi_out1 (Q,K,V) for layer 0
[DEBUG] Adding multi_head_attention for layer 0
[DEBUG] Adding add1 (residual after attention) for layer 0
[DEBUG] Adding ln_multiout2 for layer 0
[DEBUG] Adding ln2 for layer 0
[DEBUG] Adding multi_out3 for layer 0
[DEBUG] Adding SwiGLU gate projection for layer 0
[DEBUG] Adding SwiGLU up projection for layer 0
[DEBUG] Adding multiply (gating) for layer 0
[DEBUG] Adding SwiGLU down projection for layer 0
[DEBUG] Adding add2 (residual after SwiGLU FFN) for layer 0
[DEBUG] Creating transformer layer 1
[DEBUG] Adding ln_multiout1 for layer 1
[DEBUG] Adding ln1 for layer 1
[DEBUG] Adding multi_out1 (Q,K,V) for layer 1
[DEBUG] Adding multi_head_attention for layer 1
[DEBUG] Adding add1 (residual after attention) for layer 1
[DEBUG] Adding ln_multiout2 for layer 1
[DEBUG] Adding ln2 for layer 1
[DEBUG] Adding multi_out3 for layer 1
[DEBUG] Adding SwiGLU gate projection for layer 1
[DEBUG] Adding SwiGLU up projection for layer 1
[DEBUG] Adding multiply (gating) for layer 1
[DEBUG] Adding SwiGLU down projection for layer 1
[DEBUG] Adding add2 (residual after SwiGLU FFN) for layer 1
[DEBUG] Creating transformer layer 2
[DEBUG] Adding ln_multiout1 for layer 2
[DEBUG] Adding ln1 for layer 2
[DEBUG] Adding multi_out1 (Q,K,V) for layer 2
[DEBUG] Adding multi_head_attention for layer 2
[DEBUG] Adding add1 (residual after attention) for layer 2
[DEBUG] Adding ln_multiout2 for layer 2
[DEBUG] Adding ln2 for layer 2
[DEBUG] Adding multi_out3 for layer 2
[DEBUG] Adding SwiGLU gate projection for layer 2
[DEBUG] Adding SwiGLU up projection for layer 2
[DEBUG] Adding multiply (gating) for layer 2
[DEBUG] Adding SwiGLU down projection for layer 2
[DEBUG] Adding add2 (residual after SwiGLU FFN) for layer 2
[DEBUG] Creating transformer layer 3
[DEBUG] Adding ln_multiout1 for layer 3
[DEBUG] Adding ln1 for layer 3
[DEBUG] Adding multi_out1 (Q,K,V) for layer 3
[DEBUG] Adding multi_head_attention for layer 3
[DEBUG] Adding add1 (residual after attention) for layer 3
[DEBUG] Adding ln_multiout2 for layer 3
[DEBUG] Adding ln2 for layer 3
[DEBUG] Adding multi_out3 for layer 3
[DEBUG] Adding SwiGLU gate projection for layer 3
[DEBUG] Adding SwiGLU up projection for layer 3
[DEBUG] Adding multiply (gating) for layer 3
[DEBUG] Adding SwiGLU down projection for layer 3
[DEBUG] Adding add2 (residual after SwiGLU FFN) for layer 3
[DEBUG] Adding final layer normalization...
[DEBUG] Final layer normalization added successfully
[DEBUG] Skipping pooling2d layer for debugging...
[DEBUG] Adding simple output projection...
[DEBUG] Output projection added successfully

[INFO] Gradient checkpointing is DISABLED
[DEBUG] Model creation completed successfully!
[DEBUG] Model created successfully!
[TIMING] Model Creation took: 9 ms
[MEMORY] After Model Creation - Peak: 4275 MB, Current: 4275 MB, RSS: 15 MB
[DEBUG] Setting model properties...
[DEBUG] Model properties set successfully
[DEBUG] Creating optimizer...
[DEBUG] Optimizer set successfully
[TIMING] Model Configuration took: 0 ms
[DEBUG] Compiling model...
[DEBUG] Model compiled with status: 0
[TIMING] Model Compilation took: 3 ms
[MEMORY] After Compilation - Peak: 4275 MB, Current: 4275 MB, RSS: 15 MB
[DEBUG] Initializing model...
[DEBUG] Model initialized with status: 0
[TIMING] Model Initialization took: 1323 ms
[MEMORY] After Initialization - Peak: 5044 MB, Current: 5044 MB, RSS: 784 MB
[DEBUG] Creating fixed data generator...
[DEBUG] Data shapes - Input: [4, 1, 64, 1]
[DEBUG] Data shapes - Label: [4, 1, 64, 1]
[DEBUG] Using FixedDataGenerator for reproducibility...
[DEBUG] FixedDataGenerator created with 32 batches
[DEBUG] Input sample [0..2]: 0.5, 0.549917, 0.599335
[DEBUG] Label sample [0..2]: 0.549917, 0.599335, 0.64776
[DEBUG] Data generator created successfully
[DEBUG] Setting dataset...
[DEBUG] Dataset set successfully
[TIMING] Data Setup took: 0 ms
[DEBUG] Starting training...
[INFO] Iteration stats are printed from neuralnet.cpp (once per batch)
#1/3 [          0           ]  ( Training Loss: 0.00133987 )
 [ITER] #1 - Total: 3458939 μs, Forward: 452120 μs, Backward: 3006818 μs, Memory: 981 MB
#1/3 [          1           ]  ( Training Loss: 456.902 )
 [ITER] #2 - Total: 3407447 μs, Forward: 351552 μs, Backward: 3055894 μs, Memory: 986 MB
#1/3 [          2           ]  ( Training Loss: 21.159 )
 [ITER] #3 - Total: 3380991 μs, Forward: 358317 μs, Backward: 3022673 μs, Memory: 986 MB
#1/3 [          3           ]  ( Training Loss: 43.8428 )
 [ITER] #4 - Total: 3384251 μs, Forward: 347277 μs, Backward: 3036973 μs, Memory: 986 MB
#1/3 [          4           ]  ( Training Loss: 38.2261 )
 [ITER] #5 - Total: 3355334 μs, Forward: 339554 μs, Backward: 3015779 μs, Memory: 986 MB
#1/3 [          5           ]  ( Training Loss: 8.75953 )
 [ITER] #6 - Total: 3416566 μs, Forward: 346783 μs, Backward: 3069782 μs, Memory: 986 MB
#1/3 [          6           ]  ( Training Loss: 0.166524 )
 [ITER] #7 - Total: 3501076 μs, Forward: 459978 μs, Backward: 3041097 μs, Memory: 986 MB
#1/3 [          7           ]  ( Training Loss: 7.63807 )
 [ITER] #8 - Total: 3468280 μs, Forward: 366751 μs, Backward: 3101528 μs, Memory: 986 MB
#1/3 - Training Loss: 72.0869
#2/3 [          0           ]  ( Training Loss: 12.5668 )
 [ITER] #9 - Total: 3408995 μs, Forward: 346721 μs, Backward: 3062273 μs, Memory: 986 MB
#2/3 [          1           ]  ( Training Loss: 9.54834 )
 [ITER] #10 - Total: 3617227 μs, Forward: 334380 μs, Backward: 3282846 μs, Memory: 986 MB
#2/3 [          2           ]  ( Training Loss: 3.85878 )
 [ITER] #11 - Total: 3348439 μs, Forward: 335670 μs, Backward: 3012768 μs, Memory: 986 MB
#2/3 [          3           ]  ( Training Loss: 0.3882 )
 [ITER] #12 - Total: 3337114 μs, Forward: 322024 μs, Backward: 3015089 μs, Memory: 986 MB
#2/3 [          4           ]  ( Training Loss: 0.38148 )
 [ITER] #13 - Total: 3433723 μs, Forward: 441492 μs, Backward: 2992231 μs, Memory: 986 MB
#2/3 [          5           ]  ( Training Loss: 2.41752 )
 [ITER] #14 - Total: 3353531 μs, Forward: 338137 μs, Backward: 3015393 μs, Memory: 986 MB
#2/3 [          6           ]  ( Training Loss: 4.34716 )
 [ITER] #15 - Total: 3398100 μs, Forward: 332015 μs, Backward: 3066085 μs, Memory: 986 MB
#2/3 [          7           ]  ( Training Loss: 4.84754 )
 [ITER] #16 - Total: 3367382 μs, Forward: 349143 μs, Backward: 3018238 μs, Memory: 986 MB
#2/3 - Training Loss: 4.79448
#3/3 [          0           ]  ( Training Loss: 3.8737 )
 [ITER] #17 - Total: 3394510 μs, Forward: 334373 μs, Backward: 3060136 μs, Memory: 986 MB
#3/3 [          1           ]  ( Training Loss: 2.19564 )
 [ITER] #18 - Total: 3364117 μs, Forward: 334347 μs, Backward: 3029769 μs, Memory: 986 MB
#3/3 [          2           ]  ( Training Loss: 0.723196 )
 [ITER] #19 - Total: 3405831 μs, Forward: 331272 μs, Backward: 3074558 μs, Memory: 986 MB
#3/3 [          3           ]  ( Training Loss: 0.0319796 )
 [ITER] #20 - Total: 3470614 μs, Forward: 345154 μs, Backward: 3125459 μs, Memory: 986 MB
#3/3 [          4           ]  ( Training Loss: 0.193607 )
 [ITER] #21 - Total: 3380954 μs, Forward: 349441 μs, Backward: 3031511 μs, Memory: 986 MB
#3/3 [          5           ]  ( Training Loss: 0.867942 )
 [ITER] #22 - Total: 3400821 μs, Forward: 337668 μs, Backward: 3063152 μs, Memory: 986 MB
#3/3 [          6           ]  ( Training Loss: 1.55389 )
 [ITER] #23 - Total: 3307568 μs, Forward: 330192 μs, Backward: 2977376 μs, Memory: 986 MB
#3/3 [          7           ]  ( Training Loss: 1.86332 )
 [ITER] #24 - Total: 3568611 μs, Forward: 478461 μs, Backward: 3090149 μs, Memory: 986 MB
#3/3 - Training Loss: 1.41291
[DEBUG] Training completed successfully
[TIMING] Training took: 82208 ms
[MEMORY] After Training - Peak: 5509 MB, Current: 5260 MB, RSS: 810 MB
[INFO] Saving weights to swiglu_weights.bin

=== PERFORMANCE SUMMARY ===
Model Configuration:
  - Sequence Length: 64
  - Vocab Size: 1000
  - Model Dimension: 1024
  - Number of Heads: 8
  - Number of Layers: 4
  - FFN Dimension: 4096
  - Batch Size: 4
  - Epochs: 3

Approximate Model Parameters (SwiGLU FFN):
  - Embedding: 65536
  - Attention: 16777216
  - SwiGLU FFN: 50331648 (3 projections: gate+up+down)
  - Total: 67174400 (~256 MB)

=== STDERR ===
