Command: nntrainer/build/Applications/GC_Test/jni/swiglu_gc_test --seq_len 64 --model_dim 128 --num_heads 4 --ffn_dim 512 --epochs 3 --learning_rate 0.0001 --num_layers 4 --batch_size 1
Timestamp: 20251215_072901
Return code: 0

=== STDOUT ===
[CONFIG] Parsed arguments:
  seq_len=64, vocab_size=1000, model_dim=128
  num_heads=4, num_layers=4, ffn_dim=512
  batch_size=1, epochs=3, learning_rate=0.0001
[DEBUG] Starting main function...
[MEMORY] Program Start - Peak: 4274 MB, Current: 4274 MB, RSS: 12 MB
[DEBUG] Creating model...
[DEBUG] Starting model creation...
[DEBUG] Model created successfully
[DEBUG] Adding input layer...
[DEBUG] Input layer added successfully
[DEBUG] Adding simple embedding layer...
[DEBUG] Embedding layer (FC) added successfully
[DEBUG] Creating transformer layer 0
[DEBUG] Adding ln_multiout1 for layer 0
[DEBUG] Adding ln1 for layer 0
[DEBUG] Adding multi_out1 (Q,K,V) for layer 0
[DEBUG] Adding multi_head_attention for layer 0
[DEBUG] Adding add1 (residual after attention) for layer 0
[DEBUG] Adding ln_multiout2 for layer 0
[DEBUG] Adding ln2 for layer 0
[DEBUG] Adding multi_out3 for layer 0
[DEBUG] Adding SwiGLU gate projection for layer 0
[DEBUG] Adding SwiGLU up projection for layer 0
[DEBUG] Adding multiply (gating) for layer 0
[DEBUG] Adding SwiGLU down projection for layer 0
[DEBUG] Adding add2 (residual after SwiGLU FFN) for layer 0
[DEBUG] Creating transformer layer 1
[DEBUG] Adding ln_multiout1 for layer 1
[DEBUG] Adding ln1 for layer 1
[DEBUG] Adding multi_out1 (Q,K,V) for layer 1
[DEBUG] Adding multi_head_attention for layer 1
[DEBUG] Adding add1 (residual after attention) for layer 1
[DEBUG] Adding ln_multiout2 for layer 1
[DEBUG] Adding ln2 for layer 1
[DEBUG] Adding multi_out3 for layer 1
[DEBUG] Adding SwiGLU gate projection for layer 1
[DEBUG] Adding SwiGLU up projection for layer 1
[DEBUG] Adding multiply (gating) for layer 1
[DEBUG] Adding SwiGLU down projection for layer 1
[DEBUG] Adding add2 (residual after SwiGLU FFN) for layer 1
[DEBUG] Creating transformer layer 2
[DEBUG] Adding ln_multiout1 for layer 2
[DEBUG] Adding ln1 for layer 2
[DEBUG] Adding multi_out1 (Q,K,V) for layer 2
[DEBUG] Adding multi_head_attention for layer 2
[DEBUG] Adding add1 (residual after attention) for layer 2
[DEBUG] Adding ln_multiout2 for layer 2
[DEBUG] Adding ln2 for layer 2
[DEBUG] Adding multi_out3 for layer 2
[DEBUG] Adding SwiGLU gate projection for layer 2
[DEBUG] Adding SwiGLU up projection for layer 2
[DEBUG] Adding multiply (gating) for layer 2
[DEBUG] Adding SwiGLU down projection for layer 2
[DEBUG] Adding add2 (residual after SwiGLU FFN) for layer 2
[DEBUG] Creating transformer layer 3
[DEBUG] Adding ln_multiout1 for layer 3
[DEBUG] Adding ln1 for layer 3
[DEBUG] Adding multi_out1 (Q,K,V) for layer 3
[DEBUG] Adding multi_head_attention for layer 3
[DEBUG] Adding add1 (residual after attention) for layer 3
[DEBUG] Adding ln_multiout2 for layer 3
[DEBUG] Adding ln2 for layer 3
[DEBUG] Adding multi_out3 for layer 3
[DEBUG] Adding SwiGLU gate projection for layer 3
[DEBUG] Adding SwiGLU up projection for layer 3
[DEBUG] Adding multiply (gating) for layer 3
[DEBUG] Adding SwiGLU down projection for layer 3
[DEBUG] Adding add2 (residual after SwiGLU FFN) for layer 3
[DEBUG] Adding final layer normalization...
[DEBUG] Final layer normalization added successfully
[DEBUG] Skipping pooling2d layer for debugging...
[DEBUG] Adding simple output projection...
[DEBUG] Output projection added successfully

[INFO] Gradient checkpointing is DISABLED
[DEBUG] Model creation completed successfully!
[DEBUG] Model created successfully!
[TIMING] Model Creation took: 9 ms
[MEMORY] After Model Creation - Peak: 4275 MB, Current: 4275 MB, RSS: 14 MB
[DEBUG] Setting model properties...
[DEBUG] Model properties set successfully
[DEBUG] Creating optimizer...
[DEBUG] Optimizer set successfully
[TIMING] Model Configuration took: 0 ms
[DEBUG] Compiling model...
[DEBUG] Model compiled with status: 0
[TIMING] Model Compilation took: 3 ms
[MEMORY] After Compilation - Peak: 4275 MB, Current: 4275 MB, RSS: 15 MB
[DEBUG] Initializing model...
[DEBUG] Model initialized with status: 0
[TIMING] Model Initialization took: 31 ms
[MEMORY] After Initialization - Peak: 4288 MB, Current: 4288 MB, RSS: 27 MB
[DEBUG] Creating fixed data generator...
[DEBUG] Data shapes - Input: [1, 1, 64, 1]
[DEBUG] Data shapes - Label: [1, 1, 64, 1]
[DEBUG] Using FixedDataGenerator for reproducibility...
[DEBUG] FixedDataGenerator created with 32 batches
[DEBUG] Input sample [0..2]: 0.5, 0.549917, 0.599335
[DEBUG] Label sample [0..2]: 0.549917, 0.599335, 0.64776
[DEBUG] Data generator created successfully
[DEBUG] Setting dataset...
[DEBUG] Dataset set successfully
[TIMING] Data Setup took: 0 ms
[DEBUG] Starting training...
[INFO] Iteration stats are printed from neuralnet.cpp (once per batch)
#1/3 [          0           ]  ( Training Loss: 0.141038 )
 [ITER] #1 - Total: 128201 μs, Forward: 20224 μs, Backward: 107977 μs, Memory: 35 MB
#1/3 [          1           ]  ( Training Loss: 7.06637 )
 [ITER] #2 - Total: 119672 μs, Forward: 13648 μs, Backward: 106022 μs, Memory: 35 MB
#1/3 [          2           ]  ( Training Loss: 0.857234 )
 [ITER] #3 - Total: 113230 μs, Forward: 12170 μs, Backward: 101059 μs, Memory: 35 MB
#1/3 [          3           ]  ( Training Loss: 0.574223 )
 [ITER] #4 - Total: 111460 μs, Forward: 12056 μs, Backward: 99404 μs, Memory: 35 MB
#1/3 [          4           ]  ( Training Loss: 2.0838 )
 [ITER] #5 - Total: 122158 μs, Forward: 12007 μs, Backward: 110149 μs, Memory: 35 MB
#1/3 [          5           ]  ( Training Loss: 1.8154 )
 [ITER] #6 - Total: 121443 μs, Forward: 23535 μs, Backward: 97908 μs, Memory: 35 MB
#1/3 [          6           ]  ( Training Loss: 0.846085 )
 [ITER] #7 - Total: 110008 μs, Forward: 11220 μs, Backward: 98787 μs, Memory: 35 MB
#1/3 [          7           ]  ( Training Loss: 0.159155 )
 [ITER] #8 - Total: 110161 μs, Forward: 11190 μs, Backward: 98971 μs, Memory: 35 MB
#1/3 [          8           ]  ( Training Loss: 0.00748374 )
 [ITER] #9 - Total: 119294 μs, Forward: 11762 μs, Backward: 107531 μs, Memory: 35 MB
#1/3 [          9           ]  ( Training Loss: 0.214301 )
 [ITER] #10 - Total: 110173 μs, Forward: 11706 μs, Backward: 98467 μs, Memory: 35 MB
#1/3 [          10          ]  ( Training Loss: 0.481116 )
 [ITER] #11 - Total: 108319 μs, Forward: 11720 μs, Backward: 96599 μs, Memory: 35 MB
#1/3 [          11          ]  ( Training Loss: 0.605468 )
 [ITER] #12 - Total: 109886 μs, Forward: 11247 μs, Backward: 98638 μs, Memory: 35 MB
#1/3 [          12          ]  ( Training Loss: 0.548027 )
 [ITER] #13 - Total: 110230 μs, Forward: 10822 μs, Backward: 99407 μs, Memory: 35 MB
#1/3 [          13          ]  ( Training Loss: 0.375137 )
 [ITER] #14 - Total: 111566 μs, Forward: 11793 μs, Backward: 99772 μs, Memory: 35 MB
#1/3 [          14          ]  ( Training Loss: 0.182707 )
 [ITER] #15 - Total: 107590 μs, Forward: 11958 μs, Backward: 95631 μs, Memory: 35 MB
#1/3 [          15          ]  ( Training Loss: 0.0464706 )
 [ITER] #16 - Total: 132390 μs, Forward: 10760 μs, Backward: 121629 μs, Memory: 35 MB
#1/3 [          16          ]  ( Training Loss: 1.63072e-05 )
 [ITER] #17 - Total: 136920 μs, Forward: 18043 μs, Backward: 118876 μs, Memory: 35 MB
#1/3 [          17          ]  ( Training Loss: 0.0338403 )
 [ITER] #18 - Total: 114720 μs, Forward: 14739 μs, Backward: 99981 μs, Memory: 35 MB
#1/3 [          18          ]  ( Training Loss: 0.10918 )
 [ITER] #19 - Total: 109632 μs, Forward: 11677 μs, Backward: 97954 μs, Memory: 35 MB
#1/3 [          19          ]  ( Training Loss: 0.179865 )
 [ITER] #20 - Total: 105723 μs, Forward: 11344 μs, Backward: 94379 μs, Memory: 35 MB
#1/3 [          20          ]  ( Training Loss: 0.212887 )
 [ITER] #21 - Total: 108453 μs, Forward: 11088 μs, Backward: 97364 μs, Memory: 35 MB
#1/3 [          21          ]  ( Training Loss: 0.198598 )
 [ITER] #22 - Total: 107661 μs, Forward: 11315 μs, Backward: 96346 μs, Memory: 35 MB
#1/3 [          22          ]  ( Training Loss: 0.148471 )
 [ITER] #23 - Total: 106619 μs, Forward: 11375 μs, Backward: 95244 μs, Memory: 35 MB
#1/3 [          23          ]  ( Training Loss: 0.0853037 )
 [ITER] #24 - Total: 114223 μs, Forward: 11979 μs, Backward: 102243 μs, Memory: 35 MB
#1/3 [          24          ]  ( Training Loss: 0.0320604 )
 [ITER] #25 - Total: 108917 μs, Forward: 11505 μs, Backward: 97411 μs, Memory: 35 MB
#1/3 [          25          ]  ( Training Loss: 0.00356061 )
 [ITER] #26 - Total: 108035 μs, Forward: 11307 μs, Backward: 96728 μs, Memory: 35 MB
#1/3 [          26          ]  ( Training Loss: 0.00287005 )
 [ITER] #27 - Total: 108658 μs, Forward: 11022 μs, Backward: 97635 μs, Memory: 35 MB
#1/3 [          27          ]  ( Training Loss: 0.0225134 )
 [ITER] #28 - Total: 110287 μs, Forward: 11520 μs, Backward: 98766 μs, Memory: 35 MB
#1/3 [          28          ]  ( Training Loss: 0.0492004 )
 [ITER] #29 - Total: 105813 μs, Forward: 10987 μs, Backward: 94825 μs, Memory: 35 MB
#1/3 [          29          ]  ( Training Loss: 0.0697937 )
 [ITER] #30 - Total: 144506 μs, Forward: 43334 μs, Backward: 101172 μs, Memory: 35 MB
#1/3 [          30          ]  ( Training Loss: 0.0761073 )
 [ITER] #31 - Total: 115075 μs, Forward: 12918 μs, Backward: 102157 μs, Memory: 35 MB
#1/3 [          31          ]  ( Training Loss: 0.0669476 )
 [ITER] #32 - Total: 110004 μs, Forward: 13102 μs, Backward: 96901 μs, Memory: 35 MB
#1/3 - Training Loss: 0.540476
#2/3 [          0           ]  ( Training Loss: 0.0472015 )
 [ITER] #33 - Total: 111425 μs, Forward: 11639 μs, Backward: 99785 μs, Memory: 35 MB
#2/3 [          1           ]  ( Training Loss: 0.0249073 )
 [ITER] #34 - Total: 110734 μs, Forward: 10956 μs, Backward: 99777 μs, Memory: 35 MB
#2/3 [          2           ]  ( Training Loss: 0.00774064 )
 [ITER] #35 - Total: 109284 μs, Forward: 12054 μs, Backward: 97230 μs, Memory: 35 MB
#2/3 [          3           ]  ( Training Loss: 0.000246207 )
 [ITER] #36 - Total: 114581 μs, Forward: 14351 μs, Backward: 100229 μs, Memory: 35 MB
#2/3 [          4           ]  ( Training Loss: 0.00264865 )
 [ITER] #37 - Total: 119775 μs, Forward: 14367 μs, Backward: 105407 μs, Memory: 35 MB
#2/3 [          5           ]  ( Training Loss: 0.0114471 )
 [ITER] #38 - Total: 112478 μs, Forward: 11556 μs, Backward: 100922 μs, Memory: 35 MB
#2/3 [          6           ]  ( Training Loss: 0.0213397 )
 [ITER] #39 - Total: 113803 μs, Forward: 11955 μs, Backward: 101847 μs, Memory: 35 MB
#2/3 [          7           ]  ( Training Loss: 0.0275683 )
 [ITER] #40 - Total: 114734 μs, Forward: 13341 μs, Backward: 101392 μs, Memory: 35 MB
#2/3 [          8           ]  ( Training Loss: 0.0276956 )
 [ITER] #41 - Total: 114178 μs, Forward: 12792 μs, Backward: 101385 μs, Memory: 35 MB
#2/3 [          9           ]  ( Training Loss: 0.0221785 )
 [ITER] #42 - Total: 115412 μs, Forward: 11080 μs, Backward: 104332 μs, Memory: 35 MB
#2/3 [          10          ]  ( Training Loss: 0.0136941 )
 [ITER] #43 - Total: 166553 μs, Forward: 12675 μs, Backward: 153877 μs, Memory: 35 MB
#2/3 [          11          ]  ( Training Loss: 0.00568971 )
 [ITER] #44 - Total: 113006 μs, Forward: 11885 μs, Backward: 101120 μs, Memory: 35 MB
#2/3 [          12          ]  ( Training Loss: 0.000871073 )
 [ITER] #45 - Total: 111498 μs, Forward: 11249 μs, Backward: 100249 μs, Memory: 35 MB
#2/3 [          13          ]  ( Training Loss: 0.000235376 )
 [ITER] #46 - Total: 114161 μs, Forward: 13564 μs, Backward: 100596 μs, Memory: 35 MB
#2/3 [          14          ]  ( Training Loss: 0.0029491 )
 [ITER] #47 - Total: 116375 μs, Forward: 15410 μs, Backward: 100964 μs, Memory: 35 MB
#2/3 [          15          ]  ( Training Loss: 0.00698696 )
 [ITER] #48 - Total: 115633 μs, Forward: 11158 μs, Backward: 104475 μs, Memory: 35 MB
#2/3 [          16          ]  ( Training Loss: 0.0101558 )
 [ITER] #49 - Total: 113956 μs, Forward: 12059 μs, Backward: 101896 μs, Memory: 35 MB
#2/3 [          17          ]  ( Training Loss: 0.011024 )
 [ITER] #50 - Total: 108563 μs, Forward: 11729 μs, Backward: 96832 μs, Memory: 35 MB
#2/3 [          18          ]  ( Training Loss: 0.00938816 )
 [ITER] #51 - Total: 114350 μs, Forward: 13096 μs, Backward: 101253 μs, Memory: 35 MB
#2/3 [          19          ]  ( Training Loss: 0.00615383 )
 [ITER] #52 - Total: 114256 μs, Forward: 11392 μs, Backward: 102863 μs, Memory: 35 MB
#2/3 [          20          ]  ( Training Loss: 0.00277205 )
 [ITER] #53 - Total: 127463 μs, Forward: 12256 μs, Backward: 115207 μs, Memory: 35 MB
#2/3 [          21          ]  ( Training Loss: 0.000534009 )
 [ITER] #54 - Total: 152837 μs, Forward: 28487 μs, Backward: 124349 μs, Memory: 35 MB
#2/3 [          22          ]  ( Training Loss: 4.11775e-05 )
 [ITER] #55 - Total: 123808 μs, Forward: 17299 μs, Backward: 106509 μs, Memory: 35 MB
#2/3 [          23          ]  ( Training Loss: 0.00105314 )
 [ITER] #56 - Total: 114693 μs, Forward: 14186 μs, Backward: 100507 μs, Memory: 35 MB
#2/3 [          24          ]  ( Training Loss: 0.00272425 )
 [ITER] #57 - Total: 112327 μs, Forward: 12214 μs, Backward: 100112 μs, Memory: 35 MB
#2/3 [          25          ]  ( Training Loss: 0.00407179 )
 [ITER] #58 - Total: 116363 μs, Forward: 11344 μs, Backward: 105018 μs, Memory: 35 MB
#2/3 [          26          ]  ( Training Loss: 0.00443431 )
 [ITER] #59 - Total: 108114 μs, Forward: 11069 μs, Backward: 97044 μs, Memory: 35 MB
#2/3 [          27          ]  ( Training Loss: 0.00371571 )
 [ITER] #60 - Total: 113176 μs, Forward: 14737 μs, Backward: 98439 μs, Memory: 35 MB
#2/3 [          28          ]  ( Training Loss: 0.00233566 )
 [ITER] #61 - Total: 108582 μs, Forward: 11228 μs, Backward: 97353 μs, Memory: 35 MB
#2/3 [          29          ]  ( Training Loss: 0.000953445 )
 [ITER] #62 - Total: 110240 μs, Forward: 11348 μs, Backward: 98892 μs, Memory: 35 MB
#2/3 [          30          ]  ( Training Loss: 0.000125349 )
 [ITER] #63 - Total: 110798 μs, Forward: 12228 μs, Backward: 98569 μs, Memory: 35 MB
#2/3 [          31          ]  ( Training Loss: 6.48545e-05 )
 [ITER] #64 - Total: 111565 μs, Forward: 11456 μs, Backward: 100108 μs, Memory: 35 MB
#2/3 - Training Loss: 0.00884211
#3/3 [          0           ]  ( Training Loss: 0.000599364 )
 [ITER] #65 - Total: 109873 μs, Forward: 11115 μs, Backward: 98757 μs, Memory: 35 MB
#3/3 [          1           ]  ( Training Loss: 0.00131371 )
 [ITER] #66 - Total: 109135 μs, Forward: 12899 μs, Backward: 96235 μs, Memory: 35 MB
#3/3 [          2           ]  ( Training Loss: 0.00178509 )
 [ITER] #67 - Total: 114070 μs, Forward: 11420 μs, Backward: 102649 μs, Memory: 35 MB
#3/3 [          3           ]  ( Training Loss: 0.0017828 )
 [ITER] #68 - Total: 107951 μs, Forward: 11683 μs, Backward: 96267 μs, Memory: 35 MB
#3/3 [          4           ]  ( Training Loss: 0.00134648 )
 [ITER] #69 - Total: 116374 μs, Forward: 17357 μs, Backward: 99016 μs, Memory: 35 MB
#3/3 [          5           ]  ( Training Loss: 0.000721675 )
 [ITER] #70 - Total: 111028 μs, Forward: 12153 μs, Backward: 98875 μs, Memory: 35 MB
#3/3 [          6           ]  ( Training Loss: 0.000207335 )
 [ITER] #71 - Total: 111491 μs, Forward: 11395 μs, Backward: 100095 μs, Memory: 35 MB
#3/3 [          7           ]  ( Training Loss: 1.39329e-06 )
 [ITER] #72 - Total: 116302 μs, Forward: 13028 μs, Backward: 103273 μs, Memory: 35 MB
#3/3 [          8           ]  ( Training Loss: 0.0001201 )
 [ITER] #73 - Total: 110434 μs, Forward: 11812 μs, Backward: 98621 μs, Memory: 35 MB
#3/3 [          9           ]  ( Training Loss: 0.000419388 )
 [ITER] #74 - Total: 110667 μs, Forward: 11005 μs, Backward: 99661 μs, Memory: 35 MB
#3/3 [          10          ]  ( Training Loss: 0.000692672 )
 [ITER] #75 - Total: 106151 μs, Forward: 11184 μs, Backward: 94966 μs, Memory: 35 MB
#3/3 [          11          ]  ( Training Loss: 0.000784065 )
 [ITER] #76 - Total: 115161 μs, Forward: 11326 μs, Backward: 103834 μs, Memory: 35 MB
#3/3 [          12          ]  ( Training Loss: 0.000658431 )
 [ITER] #77 - Total: 114107 μs, Forward: 12523 μs, Backward: 101583 μs, Memory: 35 MB
#3/3 [          13          ]  ( Training Loss: 0.000399001 )
 [ITER] #78 - Total: 113225 μs, Forward: 11485 μs, Backward: 101740 μs, Memory: 35 MB
#3/3 [          14          ]  ( Training Loss: 0.000144824 )
 [ITER] #79 - Total: 114755 μs, Forward: 11724 μs, Backward: 103031 μs, Memory: 35 MB
#3/3 [          15          ]  ( Training Loss: 9.92062e-06 )
 [ITER] #80 - Total: 119027 μs, Forward: 14129 μs, Backward: 104897 μs, Memory: 35 MB
#3/3 [          16          ]  ( Training Loss: 2.85328e-05 )
 [ITER] #81 - Total: 115525 μs, Forward: 13920 μs, Backward: 101604 μs, Memory: 35 MB
#3/3 [          17          ]  ( Training Loss: 0.000150573 )
 [ITER] #82 - Total: 113525 μs, Forward: 12015 μs, Backward: 101509 μs, Memory: 35 MB
#3/3 [          18          ]  ( Training Loss: 0.000281852 )
 [ITER] #83 - Total: 118698 μs, Forward: 13607 μs, Backward: 105090 μs, Memory: 35 MB
#3/3 [          19          ]  ( Training Loss: 0.000340783 )
 [ITER] #84 - Total: 116749 μs, Forward: 13156 μs, Backward: 103592 μs, Memory: 35 MB
#3/3 [          20          ]  ( Training Loss: 0.000299207 )
 [ITER] #85 - Total: 123824 μs, Forward: 12729 μs, Backward: 111094 μs, Memory: 35 MB
#3/3 [          21          ]  ( Training Loss: 0.00018832 )
 [ITER] #86 - Total: 366647 μs, Forward: 82044 μs, Backward: 284602 μs, Memory: 35 MB
#3/3 [          22          ]  ( Training Loss: 7.17712e-05 )
 [ITER] #87 - Total: 270740 μs, Forward: 71524 μs, Backward: 199215 μs, Memory: 35 MB
#3/3 [          23          ]  ( Training Loss: 6.07641e-06 )
 [ITER] #88 - Total: 192670 μs, Forward: 21425 μs, Backward: 171244 μs, Memory: 35 MB
#3/3 [          24          ]  ( Training Loss: 1.11407e-05 )
 [ITER] #89 - Total: 117820 μs, Forward: 12963 μs, Backward: 104856 μs, Memory: 35 MB
#3/3 [          25          ]  ( Training Loss: 6.54916e-05 )
 [ITER] #90 - Total: 120042 μs, Forward: 11640 μs, Backward: 108401 μs, Memory: 35 MB
#3/3 [          26          ]  ( Training Loss: 0.000125032 )
 [ITER] #91 - Total: 133707 μs, Forward: 12818 μs, Backward: 120887 μs, Memory: 35 MB
#3/3 [          27          ]  ( Training Loss: 0.000150944 )
 [ITER] #92 - Total: 111831 μs, Forward: 12881 μs, Backward: 98948 μs, Memory: 35 MB
#3/3 [          28          ]  ( Training Loss: 0.000130347 )
 [ITER] #93 - Total: 114775 μs, Forward: 11591 μs, Backward: 103184 μs, Memory: 35 MB
#3/3 [          29          ]  ( Training Loss: 7.89684e-05 )
 [ITER] #94 - Total: 123189 μs, Forward: 12557 μs, Backward: 110631 μs, Memory: 35 MB
#3/3 [          30          ]  ( Training Loss: 2.7331e-05 )
 [ITER] #95 - Total: 130735 μs, Forward: 20251 μs, Backward: 110484 μs, Memory: 35 MB
#3/3 [          31          ]  ( Training Loss: 1.23354e-06 )
 [ITER] #96 - Total: 120947 μs, Forward: 12629 μs, Backward: 108316 μs, Memory: 35 MB
#3/3 - Training Loss: 0.000404495
[DEBUG] Training completed successfully
[TIMING] Training took: 11640 ms
[MEMORY] After Training - Peak: 4558 MB, Current: 4489 MB, RSS: 30 MB
[INFO] Saving weights to swiglu_weights.bin

=== PERFORMANCE SUMMARY ===
Model Configuration:
  - Sequence Length: 64
  - Vocab Size: 1000
  - Model Dimension: 128
  - Number of Heads: 4
  - Number of Layers: 4
  - FFN Dimension: 512
  - Batch Size: 1
  - Epochs: 3

Approximate Model Parameters (SwiGLU FFN):
  - Embedding: 8192
  - Attention: 262144
  - SwiGLU FFN: 786432 (3 projections: gate+up+down)
  - Total: 1056768 (~4 MB)

=== STDERR ===
