Command: nntrainer/build/Applications/GC_Test/jni/swiglu_gc_test --seq_len 128 --model_dim 128 --num_heads 4 --ffn_dim 512 --epochs 3 --learning_rate 0.0001 --num_layers 4 --batch_size 4
Timestamp: 20251215_074723
Return code: 0

=== STDOUT ===
[CONFIG] Parsed arguments:
  seq_len=128, vocab_size=1000, model_dim=128
  num_heads=4, num_layers=4, ffn_dim=512
  batch_size=4, epochs=3, learning_rate=0.0001
[DEBUG] Starting main function...
[MEMORY] Program Start - Peak: 4274 MB, Current: 4274 MB, RSS: 12 MB
[DEBUG] Creating model...
[DEBUG] Starting model creation...
[DEBUG] Model created successfully
[DEBUG] Adding input layer...
[DEBUG] Input layer added successfully
[DEBUG] Adding simple embedding layer...
[DEBUG] Embedding layer (FC) added successfully
[DEBUG] Creating transformer layer 0
[DEBUG] Adding ln_multiout1 for layer 0
[DEBUG] Adding ln1 for layer 0
[DEBUG] Adding multi_out1 (Q,K,V) for layer 0
[DEBUG] Adding multi_head_attention for layer 0
[DEBUG] Adding add1 (residual after attention) for layer 0
[DEBUG] Adding ln_multiout2 for layer 0
[DEBUG] Adding ln2 for layer 0
[DEBUG] Adding multi_out3 for layer 0
[DEBUG] Adding SwiGLU gate projection for layer 0
[DEBUG] Adding SwiGLU up projection for layer 0
[DEBUG] Adding multiply (gating) for layer 0
[DEBUG] Adding SwiGLU down projection for layer 0
[DEBUG] Adding add2 (residual after SwiGLU FFN) for layer 0
[DEBUG] Creating transformer layer 1
[DEBUG] Adding ln_multiout1 for layer 1
[DEBUG] Adding ln1 for layer 1
[DEBUG] Adding multi_out1 (Q,K,V) for layer 1
[DEBUG] Adding multi_head_attention for layer 1
[DEBUG] Adding add1 (residual after attention) for layer 1
[DEBUG] Adding ln_multiout2 for layer 1
[DEBUG] Adding ln2 for layer 1
[DEBUG] Adding multi_out3 for layer 1
[DEBUG] Adding SwiGLU gate projection for layer 1
[DEBUG] Adding SwiGLU up projection for layer 1
[DEBUG] Adding multiply (gating) for layer 1
[DEBUG] Adding SwiGLU down projection for layer 1
[DEBUG] Adding add2 (residual after SwiGLU FFN) for layer 1
[DEBUG] Creating transformer layer 2
[DEBUG] Adding ln_multiout1 for layer 2
[DEBUG] Adding ln1 for layer 2
[DEBUG] Adding multi_out1 (Q,K,V) for layer 2
[DEBUG] Adding multi_head_attention for layer 2
[DEBUG] Adding add1 (residual after attention) for layer 2
[DEBUG] Adding ln_multiout2 for layer 2
[DEBUG] Adding ln2 for layer 2
[DEBUG] Adding multi_out3 for layer 2
[DEBUG] Adding SwiGLU gate projection for layer 2
[DEBUG] Adding SwiGLU up projection for layer 2
[DEBUG] Adding multiply (gating) for layer 2
[DEBUG] Adding SwiGLU down projection for layer 2
[DEBUG] Adding add2 (residual after SwiGLU FFN) for layer 2
[DEBUG] Creating transformer layer 3
[DEBUG] Adding ln_multiout1 for layer 3
[DEBUG] Adding ln1 for layer 3
[DEBUG] Adding multi_out1 (Q,K,V) for layer 3
[DEBUG] Adding multi_head_attention for layer 3
[DEBUG] Adding add1 (residual after attention) for layer 3
[DEBUG] Adding ln_multiout2 for layer 3
[DEBUG] Adding ln2 for layer 3
[DEBUG] Adding multi_out3 for layer 3
[DEBUG] Adding SwiGLU gate projection for layer 3
[DEBUG] Adding SwiGLU up projection for layer 3
[DEBUG] Adding multiply (gating) for layer 3
[DEBUG] Adding SwiGLU down projection for layer 3
[DEBUG] Adding add2 (residual after SwiGLU FFN) for layer 3
[DEBUG] Adding final layer normalization...
[DEBUG] Final layer normalization added successfully
[DEBUG] Skipping pooling2d layer for debugging...
[DEBUG] Adding simple output projection...
[DEBUG] Output projection added successfully

[INFO] Gradient checkpointing is DISABLED
[DEBUG] Model creation completed successfully!
[DEBUG] Model created successfully!
[TIMING] Model Creation took: 8 ms
[MEMORY] After Model Creation - Peak: 4275 MB, Current: 4275 MB, RSS: 15 MB
[DEBUG] Setting model properties...
[DEBUG] Model properties set successfully
[DEBUG] Creating optimizer...
[DEBUG] Optimizer set successfully
[TIMING] Model Configuration took: 0 ms
[DEBUG] Compiling model...
[DEBUG] Model compiled with status: 0
[TIMING] Model Compilation took: 3 ms
[MEMORY] After Compilation - Peak: 4275 MB, Current: 4275 MB, RSS: 15 MB
[DEBUG] Initializing model...
[DEBUG] Model initialized with status: 0
[TIMING] Model Initialization took: 32 ms
[MEMORY] After Initialization - Peak: 4288 MB, Current: 4288 MB, RSS: 27 MB
[DEBUG] Creating fixed data generator...
[DEBUG] Data shapes - Input: [4, 1, 128, 1]
[DEBUG] Data shapes - Label: [4, 1, 128, 1]
[DEBUG] Using FixedDataGenerator for reproducibility...
[DEBUG] FixedDataGenerator created with 32 batches
[DEBUG] Input sample [0..2]: 0.5, 0.549917, 0.599335
[DEBUG] Label sample [0..2]: 0.549917, 0.599335, 0.64776
[DEBUG] Data generator created successfully
[DEBUG] Setting dataset...
[DEBUG] Dataset set successfully
[TIMING] Data Setup took: 0 ms
[DEBUG] Starting training...
[INFO] Iteration stats are printed from neuralnet.cpp (once per batch)
#1/3 [          0           ]  ( Training Loss: 0.141038 )
 [ITER] #1 - Total: 1262793 μs, Forward: 147748 μs, Backward: 1115043 μs, Memory: 73 MB
#1/3 [          1           ]  ( Training Loss: 7.06637 )
 [ITER] #2 - Total: 1205300 μs, Forward: 96129 μs, Backward: 1109170 μs, Memory: 74 MB
#1/3 [          2           ]  ( Training Loss: 0.857229 )
 [ITER] #3 - Total: 1222614 μs, Forward: 104233 μs, Backward: 1118380 μs, Memory: 74 MB
#1/3 [          3           ]  ( Training Loss: 0.574226 )
 [ITER] #4 - Total: 1232419 μs, Forward: 98080 μs, Backward: 1134338 μs, Memory: 74 MB
#1/3 [          4           ]  ( Training Loss: 2.08379 )
 [ITER] #5 - Total: 1236307 μs, Forward: 118815 μs, Backward: 1117491 μs, Memory: 74 MB
#1/3 [          5           ]  ( Training Loss: 1.8154 )
 [ITER] #6 - Total: 1212976 μs, Forward: 99303 μs, Backward: 1113673 μs, Memory: 74 MB
#1/3 [          6           ]  ( Training Loss: 0.846079 )
 [ITER] #7 - Total: 1209475 μs, Forward: 96557 μs, Backward: 1112917 μs, Memory: 74 MB
#1/3 [          7           ]  ( Training Loss: 0.159153 )
 [ITER] #8 - Total: 1199874 μs, Forward: 95310 μs, Backward: 1104564 μs, Memory: 74 MB
#1/3 - Training Loss: 1.69291
#2/3 [          0           ]  ( Training Loss: 0.0074842 )
 [ITER] #9 - Total: 1245728 μs, Forward: 137992 μs, Backward: 1107734 μs, Memory: 74 MB
#2/3 [          1           ]  ( Training Loss: 0.214301 )
 [ITER] #10 - Total: 1206943 μs, Forward: 97168 μs, Backward: 1109774 μs, Memory: 74 MB
#2/3 [          2           ]  ( Training Loss: 0.481116 )
 [ITER] #11 - Total: 1207248 μs, Forward: 96725 μs, Backward: 1110522 μs, Memory: 74 MB
#2/3 [          3           ]  ( Training Loss: 0.605467 )
 [ITER] #12 - Total: 1214215 μs, Forward: 116442 μs, Backward: 1097772 μs, Memory: 74 MB
#2/3 [          4           ]  ( Training Loss: 0.548026 )
 [ITER] #13 - Total: 1210476 μs, Forward: 106692 μs, Backward: 1103783 μs, Memory: 74 MB
#2/3 [          5           ]  ( Training Loss: 0.375134 )
 [ITER] #14 - Total: 1212590 μs, Forward: 97958 μs, Backward: 1114631 μs, Memory: 74 MB
#2/3 [          6           ]  ( Training Loss: 0.182705 )
 [ITER] #15 - Total: 1198084 μs, Forward: 94339 μs, Backward: 1103744 μs, Memory: 74 MB
#2/3 [          7           ]  ( Training Loss: 0.0464698 )
 [ITER] #16 - Total: 1193238 μs, Forward: 94857 μs, Backward: 1098380 μs, Memory: 74 MB
#2/3 - Training Loss: 0.307588
#3/3 [          0           ]  ( Training Loss: 1.62973e-05 )
 [ITER] #17 - Total: 1193744 μs, Forward: 94170 μs, Backward: 1099573 μs, Memory: 74 MB
#3/3 [          1           ]  ( Training Loss: 0.0338409 )
 [ITER] #18 - Total: 1218230 μs, Forward: 108203 μs, Backward: 1110026 μs, Memory: 74 MB
#3/3 [          2           ]  ( Training Loss: 0.10918 )
 [ITER] #19 - Total: 1199152 μs, Forward: 97442 μs, Backward: 1101709 μs, Memory: 74 MB
#3/3 [          3           ]  ( Training Loss: 0.179865 )
 [ITER] #20 - Total: 1196849 μs, Forward: 94660 μs, Backward: 1102189 μs, Memory: 74 MB
#3/3 [          4           ]  ( Training Loss: 0.212886 )
 [ITER] #21 - Total: 1199702 μs, Forward: 95903 μs, Backward: 1103798 μs, Memory: 74 MB
#3/3 [          5           ]  ( Training Loss: 0.198597 )
 [ITER] #22 - Total: 1219771 μs, Forward: 94012 μs, Backward: 1125758 μs, Memory: 74 MB
#3/3 [          6           ]  ( Training Loss: 0.14847 )
 [ITER] #23 - Total: 1248384 μs, Forward: 136861 μs, Backward: 1111523 μs, Memory: 74 MB
#3/3 [          7           ]  ( Training Loss: 0.0853026 )
 [ITER] #24 - Total: 1206855 μs, Forward: 102390 μs, Backward: 1104464 μs, Memory: 74 MB
#3/3 - Training Loss: 0.12102
[DEBUG] Training completed successfully
[TIMING] Training took: 29194 ms
[MEMORY] After Training - Peak: 4598 MB, Current: 4489 MB, RSS: 31 MB
[INFO] Saving weights to swiglu_weights.bin

=== PERFORMANCE SUMMARY ===
Model Configuration:
  - Sequence Length: 128
  - Vocab Size: 1000
  - Model Dimension: 128
  - Number of Heads: 4
  - Number of Layers: 4
  - FFN Dimension: 512
  - Batch Size: 4
  - Epochs: 3

Approximate Model Parameters (SwiGLU FFN):
  - Embedding: 16384
  - Attention: 262144
  - SwiGLU FFN: 786432 (3 projections: gate+up+down)
  - Total: 1064960 (~4 MB)

=== STDERR ===
