Command: nntrainer/build/Applications/GC_Test/jni/swiglu_gc_test --seq_len 64 --model_dim 128 --num_heads 4 --ffn_dim 512 --epochs 3 --learning_rate 0.0001 --num_layers 8 --batch_size 4 --enable-checkpoint
Timestamp: 20251215_073415
Return code: 0

=== STDOUT ===
[CONFIG] Parsed arguments:
  seq_len=64, vocab_size=1000, model_dim=128
  num_heads=4, num_layers=8, ffn_dim=512
  batch_size=4, epochs=3, learning_rate=0.0001
[DEBUG] Starting main function...
[MEMORY] Program Start - Peak: 4274 MB, Current: 4274 MB, RSS: 12 MB
[DEBUG] Creating model...
[DEBUG] Starting model creation...
[DEBUG] Model created successfully
[DEBUG] Adding input layer...
[DEBUG] Input layer added successfully
[DEBUG] Adding simple embedding layer...
[DEBUG] Embedding layer (FC) added successfully
[DEBUG] Creating transformer layer 0
[DEBUG] Adding ln_multiout1 for layer 0
[DEBUG] Adding ln1 for layer 0
[DEBUG] Adding multi_out1 (Q,K,V) for layer 0
[DEBUG] Adding multi_head_attention for layer 0
[DEBUG] Adding add1 (residual after attention) for layer 0
[DEBUG] Adding ln_multiout2 for layer 0
[DEBUG] Adding ln2 for layer 0
[DEBUG] Adding multi_out3 for layer 0
[DEBUG] Adding SwiGLU gate projection for layer 0
[DEBUG] Adding SwiGLU up projection for layer 0
[DEBUG] Adding multiply (gating) for layer 0
[DEBUG] Adding SwiGLU down projection for layer 0
[DEBUG] Adding add2 (residual after SwiGLU FFN) for layer 0
[DEBUG] Creating transformer layer 1
[DEBUG] Adding ln_multiout1 for layer 1
[DEBUG] Adding ln1 for layer 1
[DEBUG] Adding multi_out1 (Q,K,V) for layer 1
[DEBUG] Adding multi_head_attention for layer 1
[DEBUG] Adding add1 (residual after attention) for layer 1
[DEBUG] Adding ln_multiout2 for layer 1
[DEBUG] Adding ln2 for layer 1
[DEBUG] Adding multi_out3 for layer 1
[DEBUG] Adding SwiGLU gate projection for layer 1
[DEBUG] Adding SwiGLU up projection for layer 1
[DEBUG] Adding multiply (gating) for layer 1
[DEBUG] Adding SwiGLU down projection for layer 1
[DEBUG] Adding add2 (residual after SwiGLU FFN) for layer 1
[DEBUG] Creating transformer layer 2
[DEBUG] Adding ln_multiout1 for layer 2
[DEBUG] Adding ln1 for layer 2
[DEBUG] Adding multi_out1 (Q,K,V) for layer 2
[DEBUG] Adding multi_head_attention for layer 2
[DEBUG] Adding add1 (residual after attention) for layer 2
[DEBUG] Adding ln_multiout2 for layer 2
[DEBUG] Adding ln2 for layer 2
[DEBUG] Adding multi_out3 for layer 2
[DEBUG] Adding SwiGLU gate projection for layer 2
[DEBUG] Adding SwiGLU up projection for layer 2
[DEBUG] Adding multiply (gating) for layer 2
[DEBUG] Adding SwiGLU down projection for layer 2
[DEBUG] Adding add2 (residual after SwiGLU FFN) for layer 2
[DEBUG] Creating transformer layer 3
[DEBUG] Adding ln_multiout1 for layer 3
[DEBUG] Adding ln1 for layer 3
[DEBUG] Adding multi_out1 (Q,K,V) for layer 3
[DEBUG] Adding multi_head_attention for layer 3
[DEBUG] Adding add1 (residual after attention) for layer 3
[DEBUG] Adding ln_multiout2 for layer 3
[DEBUG] Adding ln2 for layer 3
[DEBUG] Adding multi_out3 for layer 3
[DEBUG] Adding SwiGLU gate projection for layer 3
[DEBUG] Adding SwiGLU up projection for layer 3
[DEBUG] Adding multiply (gating) for layer 3
[DEBUG] Adding SwiGLU down projection for layer 3
[DEBUG] Adding add2 (residual after SwiGLU FFN) for layer 3
[DEBUG] Creating transformer layer 4
[DEBUG] Adding ln_multiout1 for layer 4
[DEBUG] Adding ln1 for layer 4
[DEBUG] Adding multi_out1 (Q,K,V) for layer 4
[DEBUG] Adding multi_head_attention for layer 4
[DEBUG] Adding add1 (residual after attention) for layer 4
[DEBUG] Adding ln_multiout2 for layer 4
[DEBUG] Adding ln2 for layer 4
[DEBUG] Adding multi_out3 for layer 4
[DEBUG] Adding SwiGLU gate projection for layer 4
[DEBUG] Adding SwiGLU up projection for layer 4
[DEBUG] Adding multiply (gating) for layer 4
[DEBUG] Adding SwiGLU down projection for layer 4
[DEBUG] Adding add2 (residual after SwiGLU FFN) for layer 4
[DEBUG] Creating transformer layer 5
[DEBUG] Adding ln_multiout1 for layer 5
[DEBUG] Adding ln1 for layer 5
[DEBUG] Adding multi_out1 (Q,K,V) for layer 5
[DEBUG] Adding multi_head_attention for layer 5
[DEBUG] Adding add1 (residual after attention) for layer 5
[DEBUG] Adding ln_multiout2 for layer 5
[DEBUG] Adding ln2 for layer 5
[DEBUG] Adding multi_out3 for layer 5
[DEBUG] Adding SwiGLU gate projection for layer 5
[DEBUG] Adding SwiGLU up projection for layer 5
[DEBUG] Adding multiply (gating) for layer 5
[DEBUG] Adding SwiGLU down projection for layer 5
[DEBUG] Adding add2 (residual after SwiGLU FFN) for layer 5
[DEBUG] Creating transformer layer 6
[DEBUG] Adding ln_multiout1 for layer 6
[DEBUG] Adding ln1 for layer 6
[DEBUG] Adding multi_out1 (Q,K,V) for layer 6
[DEBUG] Adding multi_head_attention for layer 6
[DEBUG] Adding add1 (residual after attention) for layer 6
[DEBUG] Adding ln_multiout2 for layer 6
[DEBUG] Adding ln2 for layer 6
[DEBUG] Adding multi_out3 for layer 6
[DEBUG] Adding SwiGLU gate projection for layer 6
[DEBUG] Adding SwiGLU up projection for layer 6
[DEBUG] Adding multiply (gating) for layer 6
[DEBUG] Adding SwiGLU down projection for layer 6
[DEBUG] Adding add2 (residual after SwiGLU FFN) for layer 6
[DEBUG] Creating transformer layer 7
[DEBUG] Adding ln_multiout1 for layer 7
[DEBUG] Adding ln1 for layer 7
[DEBUG] Adding multi_out1 (Q,K,V) for layer 7
[DEBUG] Adding multi_head_attention for layer 7
[DEBUG] Adding add1 (residual after attention) for layer 7
[DEBUG] Adding ln_multiout2 for layer 7
[DEBUG] Adding ln2 for layer 7
[DEBUG] Adding multi_out3 for layer 7
[DEBUG] Adding SwiGLU gate projection for layer 7
[DEBUG] Adding SwiGLU up projection for layer 7
[DEBUG] Adding multiply (gating) for layer 7
[DEBUG] Adding SwiGLU down projection for layer 7
[DEBUG] Adding add2 (residual after SwiGLU FFN) for layer 7
[DEBUG] Adding final layer normalization...
[DEBUG] Final layer normalization added successfully
[DEBUG] Skipping pooling2d layer for debugging...
[DEBUG] Adding simple output projection...
[DEBUG] Output projection added successfully

[CHECKPOINT] Setting up gradient checkpointing for transformer blocks...
[CHECKPOINT] Added checkpoint block for transformer layer 0 (13 layers)
[CHECKPOINT] Added checkpoint block for transformer layer 1 (13 layers)
[CHECKPOINT] Added checkpoint block for transformer layer 2 (13 layers)
[CHECKPOINT] Added checkpoint block for transformer layer 3 (13 layers)
[CHECKPOINT] Added checkpoint block for transformer layer 4 (13 layers)
[CHECKPOINT] Added checkpoint block for transformer layer 5 (13 layers)
[CHECKPOINT] Added checkpoint block for transformer layer 6 (13 layers)
[CHECKPOINT] Added checkpoint block for transformer layer 7 (13 layers)
[CHECKPOINT] Gradient checkpointing setup complete!
[CHECKPOINT] Total checkpoint blocks: 8
[CHECKPOINT] Expected memory savings: ~87%
[DEBUG] Model creation completed successfully!
[DEBUG] Model created successfully!
[TIMING] Model Creation took: 23 ms
[MEMORY] After Model Creation - Peak: 4275 MB, Current: 4275 MB, RSS: 15 MB
[DEBUG] Setting model properties...
[DEBUG] Model properties set successfully
[DEBUG] Creating optimizer...
[DEBUG] Optimizer set successfully
[TIMING] Model Configuration took: 0 ms
[DEBUG] Compiling model...
[DEBUG] Model compiled with status: 0
[TIMING] Model Compilation took: 9 ms
[MEMORY] After Compilation - Peak: 4275 MB, Current: 4275 MB, RSS: 15 MB
[DEBUG] Initializing model...
[DEBUG] Model initialized with status: 0
[TIMING] Model Initialization took: 59 ms
[MEMORY] After Initialization - Peak: 4301 MB, Current: 4301 MB, RSS: 40 MB
[DEBUG] Creating fixed data generator...
[DEBUG] Data shapes - Input: [4, 1, 64, 1]
[DEBUG] Data shapes - Label: [4, 1, 64, 1]
[DEBUG] Using FixedDataGenerator for reproducibility...
[DEBUG] FixedDataGenerator created with 32 batches
[DEBUG] Input sample [0..2]: 0.5, 0.549917, 0.599335
[DEBUG] Label sample [0..2]: 0.549917, 0.599335, 0.64776
[DEBUG] Data generator created successfully
[DEBUG] Setting dataset...
[DEBUG] Dataset set successfully
[TIMING] Data Setup took: 0 ms
[DEBUG] Starting training...
[INFO] Iteration stats are printed from neuralnet.cpp (once per batch)
#1/3 [          0           ]  ( Training Loss: 0.154488 )
 [ITER] #1 - Total: 775552 μs, Forward: 106137 μs, Backward: 669414 μs, Memory: 61 MB
#1/3 [          1           ]  ( Training Loss: 10.1543 )
 [ITER] #2 - Total: 778766 μs, Forward: 81655 μs, Backward: 697110 μs, Memory: 61 MB
#1/3 [          2           ]  ( Training Loss: 1.77221 )
 [ITER] #3 - Total: 720771 μs, Forward: 82204 μs, Backward: 638565 μs, Memory: 61 MB
#1/3 [          3           ]  ( Training Loss: 0.229212 )
 [ITER] #4 - Total: 732844 μs, Forward: 89062 μs, Backward: 643781 μs, Memory: 61 MB
#1/3 [          4           ]  ( Training Loss: 2.00842 )
 [ITER] #5 - Total: 763988 μs, Forward: 81666 μs, Backward: 682321 μs, Memory: 61 MB
#1/3 [          5           ]  ( Training Loss: 2.17883 )
 [ITER] #6 - Total: 725553 μs, Forward: 81533 μs, Backward: 644020 μs, Memory: 61 MB
#1/3 [          6           ]  ( Training Loss: 1.27613 )
 [ITER] #7 - Total: 732078 μs, Forward: 84377 μs, Backward: 647700 μs, Memory: 61 MB
#1/3 [          7           ]  ( Training Loss: 0.413047 )
 [ITER] #8 - Total: 831293 μs, Forward: 86170 μs, Backward: 745121 μs, Memory: 61 MB
#1/3 - Training Loss: 2.27333
#2/3 [          0           ]  ( Training Loss: 0.0226077 )
 [ITER] #9 - Total: 743854 μs, Forward: 86732 μs, Backward: 657121 μs, Memory: 61 MB
#2/3 [          1           ]  ( Training Loss: 0.07335 )
 [ITER] #10 - Total: 710983 μs, Forward: 82839 μs, Backward: 628143 μs, Memory: 61 MB
#2/3 [          2           ]  ( Training Loss: 0.327435 )
 [ITER] #11 - Total: 732197 μs, Forward: 88829 μs, Backward: 643368 μs, Memory: 61 MB
#2/3 [          3           ]  ( Training Loss: 0.536833 )
 [ITER] #12 - Total: 734437 μs, Forward: 96233 μs, Backward: 638203 μs, Memory: 61 MB
#2/3 [          4           ]  ( Training Loss: 0.580588 )
 [ITER] #13 - Total: 711006 μs, Forward: 81301 μs, Backward: 629704 μs, Memory: 61 MB
#2/3 [          5           ]  ( Training Loss: 0.471699 )
 [ITER] #14 - Total: 725570 μs, Forward: 92158 μs, Backward: 633410 μs, Memory: 61 MB
#2/3 [          6           ]  ( Training Loss: 0.289819 )
 [ITER] #15 - Total: 727762 μs, Forward: 84404 μs, Backward: 643357 μs, Memory: 61 MB
#2/3 [          7           ]  ( Training Loss: 0.12019 )
 [ITER] #16 - Total: 736361 μs, Forward: 87061 μs, Backward: 649299 μs, Memory: 61 MB
#2/3 - Training Loss: 0.302815
#3/3 [          0           ]  ( Training Loss: 0.0193815 )
 [ITER] #17 - Total: 727214 μs, Forward: 86807 μs, Backward: 640406 μs, Memory: 61 MB
#3/3 [          1           ]  ( Training Loss: 0.00358724 )
 [ITER] #18 - Total: 761523 μs, Forward: 81594 μs, Backward: 679928 μs, Memory: 61 MB
#3/3 [          2           ]  ( Training Loss: 0.0531015 )
 [ITER] #19 - Total: 785218 μs, Forward: 85895 μs, Backward: 699321 μs, Memory: 61 MB
#3/3 [          3           ]  ( Training Loss: 0.127715 )
 [ITER] #20 - Total: 717506 μs, Forward: 84666 μs, Backward: 632839 μs, Memory: 61 MB
#3/3 [          4           ]  ( Training Loss: 0.186794 )
 [ITER] #21 - Total: 706023 μs, Forward: 83957 μs, Backward: 622065 μs, Memory: 61 MB
#3/3 [          5           ]  ( Training Loss: 0.2056 )
 [ITER] #22 - Total: 712780 μs, Forward: 83771 μs, Backward: 629008 μs, Memory: 61 MB
#3/3 [          6           ]  ( Training Loss: 0.181207 )
 [ITER] #23 - Total: 707663 μs, Forward: 85360 μs, Backward: 622302 μs, Memory: 61 MB
#3/3 [          7           ]  ( Training Loss: 0.1281 )
 [ITER] #24 - Total: 700888 μs, Forward: 80444 μs, Backward: 620443 μs, Memory: 61 MB
#3/3 - Training Loss: 0.113186
[DEBUG] Training completed successfully
[TIMING] Training took: 17723 ms
[MEMORY] After Training - Peak: 4583 MB, Current: 4514 MB, RSS: 56 MB

=== PERFORMANCE SUMMARY ===
Model Configuration:
  - Sequence Length: 64
  - Vocab Size: 1000
  - Model Dimension: 128
  - Number of Heads: 4
  - Number of Layers: 8
  - FFN Dimension: 512
  - Batch Size: 4
  - Epochs: 3

Approximate Model Parameters (SwiGLU FFN):
  - Embedding: 8192
  - Attention: 524288
  - SwiGLU FFN: 1572864 (3 projections: gate+up+down)
  - Total: 2105344 (~8 MB)

=== STDERR ===
