Command: nntrainer/build/Applications/GC_Test/jni/swiglu_gc_test --seq_len 64 --model_dim 128 --num_heads 4 --ffn_dim 512 --epochs 3 --learning_rate 0.0001 --num_layers 8 --batch_size 4 --enable-checkpoint
Timestamp: 20251215_073839
Return code: 0

=== STDOUT ===
[CONFIG] Parsed arguments:
  seq_len=64, vocab_size=1000, model_dim=128
  num_heads=4, num_layers=8, ffn_dim=512
  batch_size=4, epochs=3, learning_rate=0.0001
[DEBUG] Starting main function...
[MEMORY] Program Start - Peak: 4274 MB, Current: 4274 MB, RSS: 12 MB
[DEBUG] Creating model...
[DEBUG] Starting model creation...
[DEBUG] Model created successfully
[DEBUG] Adding input layer...
[DEBUG] Input layer added successfully
[DEBUG] Adding simple embedding layer...
[DEBUG] Embedding layer (FC) added successfully
[DEBUG] Creating transformer layer 0
[DEBUG] Adding ln_multiout1 for layer 0
[DEBUG] Adding ln1 for layer 0
[DEBUG] Adding multi_out1 (Q,K,V) for layer 0
[DEBUG] Adding multi_head_attention for layer 0
[DEBUG] Adding add1 (residual after attention) for layer 0
[DEBUG] Adding ln_multiout2 for layer 0
[DEBUG] Adding ln2 for layer 0
[DEBUG] Adding multi_out3 for layer 0
[DEBUG] Adding SwiGLU gate projection for layer 0
[DEBUG] Adding SwiGLU up projection for layer 0
[DEBUG] Adding multiply (gating) for layer 0
[DEBUG] Adding SwiGLU down projection for layer 0
[DEBUG] Adding add2 (residual after SwiGLU FFN) for layer 0
[DEBUG] Creating transformer layer 1
[DEBUG] Adding ln_multiout1 for layer 1
[DEBUG] Adding ln1 for layer 1
[DEBUG] Adding multi_out1 (Q,K,V) for layer 1
[DEBUG] Adding multi_head_attention for layer 1
[DEBUG] Adding add1 (residual after attention) for layer 1
[DEBUG] Adding ln_multiout2 for layer 1
[DEBUG] Adding ln2 for layer 1
[DEBUG] Adding multi_out3 for layer 1
[DEBUG] Adding SwiGLU gate projection for layer 1
[DEBUG] Adding SwiGLU up projection for layer 1
[DEBUG] Adding multiply (gating) for layer 1
[DEBUG] Adding SwiGLU down projection for layer 1
[DEBUG] Adding add2 (residual after SwiGLU FFN) for layer 1
[DEBUG] Creating transformer layer 2
[DEBUG] Adding ln_multiout1 for layer 2
[DEBUG] Adding ln1 for layer 2
[DEBUG] Adding multi_out1 (Q,K,V) for layer 2
[DEBUG] Adding multi_head_attention for layer 2
[DEBUG] Adding add1 (residual after attention) for layer 2
[DEBUG] Adding ln_multiout2 for layer 2
[DEBUG] Adding ln2 for layer 2
[DEBUG] Adding multi_out3 for layer 2
[DEBUG] Adding SwiGLU gate projection for layer 2
[DEBUG] Adding SwiGLU up projection for layer 2
[DEBUG] Adding multiply (gating) for layer 2
[DEBUG] Adding SwiGLU down projection for layer 2
[DEBUG] Adding add2 (residual after SwiGLU FFN) for layer 2
[DEBUG] Creating transformer layer 3
[DEBUG] Adding ln_multiout1 for layer 3
[DEBUG] Adding ln1 for layer 3
[DEBUG] Adding multi_out1 (Q,K,V) for layer 3
[DEBUG] Adding multi_head_attention for layer 3
[DEBUG] Adding add1 (residual after attention) for layer 3
[DEBUG] Adding ln_multiout2 for layer 3
[DEBUG] Adding ln2 for layer 3
[DEBUG] Adding multi_out3 for layer 3
[DEBUG] Adding SwiGLU gate projection for layer 3
[DEBUG] Adding SwiGLU up projection for layer 3
[DEBUG] Adding multiply (gating) for layer 3
[DEBUG] Adding SwiGLU down projection for layer 3
[DEBUG] Adding add2 (residual after SwiGLU FFN) for layer 3
[DEBUG] Creating transformer layer 4
[DEBUG] Adding ln_multiout1 for layer 4
[DEBUG] Adding ln1 for layer 4
[DEBUG] Adding multi_out1 (Q,K,V) for layer 4
[DEBUG] Adding multi_head_attention for layer 4
[DEBUG] Adding add1 (residual after attention) for layer 4
[DEBUG] Adding ln_multiout2 for layer 4
[DEBUG] Adding ln2 for layer 4
[DEBUG] Adding multi_out3 for layer 4
[DEBUG] Adding SwiGLU gate projection for layer 4
[DEBUG] Adding SwiGLU up projection for layer 4
[DEBUG] Adding multiply (gating) for layer 4
[DEBUG] Adding SwiGLU down projection for layer 4
[DEBUG] Adding add2 (residual after SwiGLU FFN) for layer 4
[DEBUG] Creating transformer layer 5
[DEBUG] Adding ln_multiout1 for layer 5
[DEBUG] Adding ln1 for layer 5
[DEBUG] Adding multi_out1 (Q,K,V) for layer 5
[DEBUG] Adding multi_head_attention for layer 5
[DEBUG] Adding add1 (residual after attention) for layer 5
[DEBUG] Adding ln_multiout2 for layer 5
[DEBUG] Adding ln2 for layer 5
[DEBUG] Adding multi_out3 for layer 5
[DEBUG] Adding SwiGLU gate projection for layer 5
[DEBUG] Adding SwiGLU up projection for layer 5
[DEBUG] Adding multiply (gating) for layer 5
[DEBUG] Adding SwiGLU down projection for layer 5
[DEBUG] Adding add2 (residual after SwiGLU FFN) for layer 5
[DEBUG] Creating transformer layer 6
[DEBUG] Adding ln_multiout1 for layer 6
[DEBUG] Adding ln1 for layer 6
[DEBUG] Adding multi_out1 (Q,K,V) for layer 6
[DEBUG] Adding multi_head_attention for layer 6
[DEBUG] Adding add1 (residual after attention) for layer 6
[DEBUG] Adding ln_multiout2 for layer 6
[DEBUG] Adding ln2 for layer 6
[DEBUG] Adding multi_out3 for layer 6
[DEBUG] Adding SwiGLU gate projection for layer 6
[DEBUG] Adding SwiGLU up projection for layer 6
[DEBUG] Adding multiply (gating) for layer 6
[DEBUG] Adding SwiGLU down projection for layer 6
[DEBUG] Adding add2 (residual after SwiGLU FFN) for layer 6
[DEBUG] Creating transformer layer 7
[DEBUG] Adding ln_multiout1 for layer 7
[DEBUG] Adding ln1 for layer 7
[DEBUG] Adding multi_out1 (Q,K,V) for layer 7
[DEBUG] Adding multi_head_attention for layer 7
[DEBUG] Adding add1 (residual after attention) for layer 7
[DEBUG] Adding ln_multiout2 for layer 7
[DEBUG] Adding ln2 for layer 7
[DEBUG] Adding multi_out3 for layer 7
[DEBUG] Adding SwiGLU gate projection for layer 7
[DEBUG] Adding SwiGLU up projection for layer 7
[DEBUG] Adding multiply (gating) for layer 7
[DEBUG] Adding SwiGLU down projection for layer 7
[DEBUG] Adding add2 (residual after SwiGLU FFN) for layer 7
[DEBUG] Adding final layer normalization...
[DEBUG] Final layer normalization added successfully
[DEBUG] Skipping pooling2d layer for debugging...
[DEBUG] Adding simple output projection...
[DEBUG] Output projection added successfully

[CHECKPOINT] Setting up gradient checkpointing for transformer blocks...
[CHECKPOINT] Added checkpoint block for transformer layer 0 (13 layers)
[CHECKPOINT] Added checkpoint block for transformer layer 1 (13 layers)
[CHECKPOINT] Added checkpoint block for transformer layer 2 (13 layers)
[CHECKPOINT] Added checkpoint block for transformer layer 3 (13 layers)
[CHECKPOINT] Added checkpoint block for transformer layer 4 (13 layers)
[CHECKPOINT] Added checkpoint block for transformer layer 5 (13 layers)
[CHECKPOINT] Added checkpoint block for transformer layer 6 (13 layers)
[CHECKPOINT] Added checkpoint block for transformer layer 7 (13 layers)
[CHECKPOINT] Gradient checkpointing setup complete!
[CHECKPOINT] Total checkpoint blocks: 8
[CHECKPOINT] Expected memory savings: ~87%
[DEBUG] Model creation completed successfully!
[DEBUG] Model created successfully!
[TIMING] Model Creation took: 13 ms
[MEMORY] After Model Creation - Peak: 4275 MB, Current: 4275 MB, RSS: 15 MB
[DEBUG] Setting model properties...
[DEBUG] Model properties set successfully
[DEBUG] Creating optimizer...
[DEBUG] Optimizer set successfully
[TIMING] Model Configuration took: 0 ms
[DEBUG] Compiling model...
[DEBUG] Model compiled with status: 0
[TIMING] Model Compilation took: 8 ms
[MEMORY] After Compilation - Peak: 4275 MB, Current: 4275 MB, RSS: 15 MB
[DEBUG] Initializing model...
[DEBUG] Model initialized with status: 0
[TIMING] Model Initialization took: 65 ms
[MEMORY] After Initialization - Peak: 4301 MB, Current: 4301 MB, RSS: 40 MB
[DEBUG] Creating fixed data generator...
[DEBUG] Data shapes - Input: [4, 1, 64, 1]
[DEBUG] Data shapes - Label: [4, 1, 64, 1]
[DEBUG] Using FixedDataGenerator for reproducibility...
[DEBUG] FixedDataGenerator created with 32 batches
[DEBUG] Input sample [0..2]: 0.5, 0.549917, 0.599335
[DEBUG] Label sample [0..2]: 0.549917, 0.599335, 0.64776
[DEBUG] Data generator created successfully
[DEBUG] Setting dataset...
[DEBUG] Dataset set successfully
[TIMING] Data Setup took: 0 ms
[DEBUG] Starting training...
[INFO] Iteration stats are printed from neuralnet.cpp (once per batch)
#1/3 [          0           ]  ( Training Loss: 0.154488 )
 [ITER] #1 - Total: 727903 μs, Forward: 95297 μs, Backward: 632605 μs, Memory: 61 MB
#1/3 [          1           ]  ( Training Loss: 10.1543 )
 [ITER] #2 - Total: 694398 μs, Forward: 78974 μs, Backward: 615424 μs, Memory: 61 MB
#1/3 [          2           ]  ( Training Loss: 1.77221 )
 [ITER] #3 - Total: 711676 μs, Forward: 80013 μs, Backward: 631662 μs, Memory: 61 MB
#1/3 [          3           ]  ( Training Loss: 0.229212 )
 [ITER] #4 - Total: 755276 μs, Forward: 93878 μs, Backward: 661397 μs, Memory: 61 MB
#1/3 [          4           ]  ( Training Loss: 2.00842 )
 [ITER] #5 - Total: 774856 μs, Forward: 88541 μs, Backward: 686314 μs, Memory: 61 MB
#1/3 [          5           ]  ( Training Loss: 2.17883 )
 [ITER] #6 - Total: 708849 μs, Forward: 82074 μs, Backward: 626774 μs, Memory: 61 MB
#1/3 [          6           ]  ( Training Loss: 1.27613 )
 [ITER] #7 - Total: 708818 μs, Forward: 80856 μs, Backward: 627961 μs, Memory: 61 MB
#1/3 [          7           ]  ( Training Loss: 0.413047 )
 [ITER] #8 - Total: 759965 μs, Forward: 88656 μs, Backward: 671308 μs, Memory: 61 MB
#1/3 - Training Loss: 2.27333
#2/3 [          0           ]  ( Training Loss: 0.0226077 )
 [ITER] #9 - Total: 712272 μs, Forward: 81507 μs, Backward: 630765 μs, Memory: 61 MB
#2/3 [          1           ]  ( Training Loss: 0.07335 )
 [ITER] #10 - Total: 704538 μs, Forward: 79202 μs, Backward: 625335 μs, Memory: 61 MB
#2/3 [          2           ]  ( Training Loss: 0.327435 )
 [ITER] #11 - Total: 777283 μs, Forward: 130967 μs, Backward: 646315 μs, Memory: 61 MB
#2/3 [          3           ]  ( Training Loss: 0.536833 )
 [ITER] #12 - Total: 714843 μs, Forward: 80621 μs, Backward: 634221 μs, Memory: 61 MB
#2/3 [          4           ]  ( Training Loss: 0.580588 )
 [ITER] #13 - Total: 718556 μs, Forward: 87846 μs, Backward: 630709 μs, Memory: 61 MB
#2/3 [          5           ]  ( Training Loss: 0.471699 )
 [ITER] #14 - Total: 723869 μs, Forward: 89603 μs, Backward: 634266 μs, Memory: 61 MB
#2/3 [          6           ]  ( Training Loss: 0.289819 )
 [ITER] #15 - Total: 713777 μs, Forward: 85640 μs, Backward: 628136 μs, Memory: 61 MB
#2/3 [          7           ]  ( Training Loss: 0.12019 )
 [ITER] #16 - Total: 731193 μs, Forward: 90322 μs, Backward: 640869 μs, Memory: 61 MB
#2/3 - Training Loss: 0.302815
#3/3 [          0           ]  ( Training Loss: 0.0193815 )
 [ITER] #17 - Total: 851086 μs, Forward: 185389 μs, Backward: 665696 μs, Memory: 61 MB
#3/3 [          1           ]  ( Training Loss: 0.00358724 )
 [ITER] #18 - Total: 778011 μs, Forward: 85803 μs, Backward: 692208 μs, Memory: 61 MB
#3/3 [          2           ]  ( Training Loss: 0.0531015 )
 [ITER] #19 - Total: 784888 μs, Forward: 95411 μs, Backward: 689476 μs, Memory: 61 MB
#3/3 [          3           ]  ( Training Loss: 0.127715 )
 [ITER] #20 - Total: 758825 μs, Forward: 87878 μs, Backward: 670946 μs, Memory: 61 MB
#3/3 [          4           ]  ( Training Loss: 0.186794 )
 [ITER] #21 - Total: 734705 μs, Forward: 88095 μs, Backward: 646609 μs, Memory: 61 MB
#3/3 [          5           ]  ( Training Loss: 0.2056 )
 [ITER] #22 - Total: 870769 μs, Forward: 121230 μs, Backward: 749539 μs, Memory: 61 MB
#3/3 [          6           ]  ( Training Loss: 0.181207 )
 [ITER] #23 - Total: 716300 μs, Forward: 81484 μs, Backward: 634816 μs, Memory: 61 MB
#3/3 [          7           ]  ( Training Loss: 0.1281 )
 [ITER] #24 - Total: 751523 μs, Forward: 92498 μs, Backward: 659025 μs, Memory: 61 MB
#3/3 - Training Loss: 0.113186
[DEBUG] Training completed successfully
[TIMING] Training took: 17909 ms
[MEMORY] After Training - Peak: 4583 MB, Current: 4514 MB, RSS: 56 MB

=== PERFORMANCE SUMMARY ===
Model Configuration:
  - Sequence Length: 64
  - Vocab Size: 1000
  - Model Dimension: 128
  - Number of Heads: 4
  - Number of Layers: 8
  - FFN Dimension: 512
  - Batch Size: 4
  - Epochs: 3

Approximate Model Parameters (SwiGLU FFN):
  - Embedding: 8192
  - Attention: 524288
  - SwiGLU FFN: 1572864 (3 projections: gate+up+down)
  - Total: 2105344 (~8 MB)

=== STDERR ===
