Command: nntrainer/build/Applications/GC_Test/jni/swiglu_gc_test --seq_len 64 --model_dim 128 --num_heads 4 --ffn_dim 512 --epochs 3 --learning_rate 0.0001 --num_layers 4 --batch_size 2 --enable-checkpoint
Timestamp: 20251215_083012
Return code: 0

=== STDOUT ===
[CONFIG] Parsed arguments:
  seq_len=64, vocab_size=1000, model_dim=128
  num_heads=4, num_layers=4, ffn_dim=512
  batch_size=2, epochs=3, learning_rate=0.0001
[DEBUG] Starting main function...
[MEMORY] Program Start - Peak: 4274 MB, Current: 4274 MB, RSS: 12 MB
[DEBUG] Creating model...
[DEBUG] Starting model creation...
[DEBUG] Model created successfully
[DEBUG] Adding input layer...
[DEBUG] Input layer added successfully
[DEBUG] Adding simple embedding layer...
[DEBUG] Embedding layer (FC) added successfully
[DEBUG] Creating transformer layer 0
[DEBUG] Adding ln_multiout1 for layer 0
[DEBUG] Adding ln1 for layer 0
[DEBUG] Adding multi_out1 (Q,K,V) for layer 0
[DEBUG] Adding multi_head_attention for layer 0
[DEBUG] Adding add1 (residual after attention) for layer 0
[DEBUG] Adding ln_multiout2 for layer 0
[DEBUG] Adding ln2 for layer 0
[DEBUG] Adding multi_out3 for layer 0
[DEBUG] Adding SwiGLU gate projection for layer 0
[DEBUG] Adding SwiGLU up projection for layer 0
[DEBUG] Adding multiply (gating) for layer 0
[DEBUG] Adding SwiGLU down projection for layer 0
[DEBUG] Adding add2 (residual after SwiGLU FFN) for layer 0
[DEBUG] Creating transformer layer 1
[DEBUG] Adding ln_multiout1 for layer 1
[DEBUG] Adding ln1 for layer 1
[DEBUG] Adding multi_out1 (Q,K,V) for layer 1
[DEBUG] Adding multi_head_attention for layer 1
[DEBUG] Adding add1 (residual after attention) for layer 1
[DEBUG] Adding ln_multiout2 for layer 1
[DEBUG] Adding ln2 for layer 1
[DEBUG] Adding multi_out3 for layer 1
[DEBUG] Adding SwiGLU gate projection for layer 1
[DEBUG] Adding SwiGLU up projection for layer 1
[DEBUG] Adding multiply (gating) for layer 1
[DEBUG] Adding SwiGLU down projection for layer 1
[DEBUG] Adding add2 (residual after SwiGLU FFN) for layer 1
[DEBUG] Creating transformer layer 2
[DEBUG] Adding ln_multiout1 for layer 2
[DEBUG] Adding ln1 for layer 2
[DEBUG] Adding multi_out1 (Q,K,V) for layer 2
[DEBUG] Adding multi_head_attention for layer 2
[DEBUG] Adding add1 (residual after attention) for layer 2
[DEBUG] Adding ln_multiout2 for layer 2
[DEBUG] Adding ln2 for layer 2
[DEBUG] Adding multi_out3 for layer 2
[DEBUG] Adding SwiGLU gate projection for layer 2
[DEBUG] Adding SwiGLU up projection for layer 2
[DEBUG] Adding multiply (gating) for layer 2
[DEBUG] Adding SwiGLU down projection for layer 2
[DEBUG] Adding add2 (residual after SwiGLU FFN) for layer 2
[DEBUG] Creating transformer layer 3
[DEBUG] Adding ln_multiout1 for layer 3
[DEBUG] Adding ln1 for layer 3
[DEBUG] Adding multi_out1 (Q,K,V) for layer 3
[DEBUG] Adding multi_head_attention for layer 3
[DEBUG] Adding add1 (residual after attention) for layer 3
[DEBUG] Adding ln_multiout2 for layer 3
[DEBUG] Adding ln2 for layer 3
[DEBUG] Adding multi_out3 for layer 3
[DEBUG] Adding SwiGLU gate projection for layer 3
[DEBUG] Adding SwiGLU up projection for layer 3
[DEBUG] Adding multiply (gating) for layer 3
[DEBUG] Adding SwiGLU down projection for layer 3
[DEBUG] Adding add2 (residual after SwiGLU FFN) for layer 3
[DEBUG] Adding final layer normalization...
[DEBUG] Final layer normalization added successfully
[DEBUG] Skipping pooling2d layer for debugging...
[DEBUG] Adding simple output projection...
[DEBUG] Output projection added successfully

[CHECKPOINT] Setting up gradient checkpointing for transformer blocks...
[CHECKPOINT] Added checkpoint block for transformer layer 0 (13 layers)
[CHECKPOINT] Added checkpoint block for transformer layer 1 (13 layers)
[CHECKPOINT] Added checkpoint block for transformer layer 2 (13 layers)
[CHECKPOINT] Added checkpoint block for transformer layer 3 (13 layers)
[CHECKPOINT] Gradient checkpointing setup complete!
[CHECKPOINT] Total checkpoint blocks: 4
[CHECKPOINT] Expected memory savings: ~75%
[DEBUG] Model creation completed successfully!
[DEBUG] Model created successfully!
[TIMING] Model Creation took: 11 ms
[MEMORY] After Model Creation - Peak: 4275 MB, Current: 4275 MB, RSS: 15 MB
[DEBUG] Setting model properties...
[DEBUG] Model properties set successfully
[DEBUG] Creating optimizer...
[DEBUG] Optimizer set successfully
[TIMING] Model Configuration took: 0 ms
[DEBUG] Compiling model...
[DEBUG] Model compiled with status: 0
[TIMING] Model Compilation took: 5 ms
[MEMORY] After Compilation - Peak: 4275 MB, Current: 4275 MB, RSS: 15 MB
[DEBUG] Initializing model...
[DEBUG] Model initialized with status: 0
[TIMING] Model Initialization took: 35 ms
[MEMORY] After Initialization - Peak: 4288 MB, Current: 4288 MB, RSS: 27 MB
[DEBUG] Creating fixed data generator...
[DEBUG] Data shapes - Input: [2, 1, 64, 1]
[DEBUG] Data shapes - Label: [2, 1, 64, 1]
[DEBUG] Using FixedDataGenerator for reproducibility...
[DEBUG] FixedDataGenerator created with 32 batches
[DEBUG] Input sample [0..2]: 0.5, 0.549917, 0.599335
[DEBUG] Label sample [0..2]: 0.549917, 0.599335, 0.64776
[DEBUG] Data generator created successfully
[DEBUG] Setting dataset...
[DEBUG] Dataset set successfully
[TIMING] Data Setup took: 0 ms
[DEBUG] Starting training...
[INFO] Iteration stats are printed from neuralnet.cpp (once per batch)
#1/3 [          0           ]  ( Training Loss: 0.141038 )
 [ITER] #1 - Total: 246012 μs, Forward: 28968 μs, Backward: 217043 μs, Memory: 35 MB
#1/3 [          1           ]  ( Training Loss: 7.06638 )
 [ITER] #2 - Total: 258733 μs, Forward: 24047 μs, Backward: 234685 μs, Memory: 35 MB
#1/3 [          2           ]  ( Training Loss: 0.857233 )
 [ITER] #3 - Total: 291567 μs, Forward: 68060 μs, Backward: 223507 μs, Memory: 35 MB
#1/3 [          3           ]  ( Training Loss: 0.574225 )
 [ITER] #4 - Total: 215296 μs, Forward: 24388 μs, Backward: 190907 μs, Memory: 35 MB
#1/3 [          4           ]  ( Training Loss: 2.08379 )
 [ITER] #5 - Total: 234133 μs, Forward: 24004 μs, Backward: 210129 μs, Memory: 35 MB
#1/3 [          5           ]  ( Training Loss: 1.8154 )
 [ITER] #6 - Total: 213355 μs, Forward: 26253 μs, Backward: 187102 μs, Memory: 35 MB
#1/3 [          6           ]  ( Training Loss: 0.846082 )
 [ITER] #7 - Total: 217911 μs, Forward: 23946 μs, Backward: 193964 μs, Memory: 35 MB
#1/3 [          7           ]  ( Training Loss: 0.159154 )
 [ITER] #8 - Total: 247000 μs, Forward: 26116 μs, Backward: 220883 μs, Memory: 35 MB
#1/3 [          8           ]  ( Training Loss: 0.0074838 )
 [ITER] #9 - Total: 213829 μs, Forward: 24949 μs, Backward: 188879 μs, Memory: 35 MB
#1/3 [          9           ]  ( Training Loss: 0.214301 )
 [ITER] #10 - Total: 249518 μs, Forward: 23539 μs, Backward: 225979 μs, Memory: 35 MB
#1/3 [          10          ]  ( Training Loss: 0.481116 )
 [ITER] #11 - Total: 225634 μs, Forward: 28721 μs, Backward: 196913 μs, Memory: 35 MB
#1/3 [          11          ]  ( Training Loss: 0.605467 )
 [ITER] #12 - Total: 253691 μs, Forward: 28890 μs, Backward: 224800 μs, Memory: 35 MB
#1/3 [          12          ]  ( Training Loss: 0.548027 )
 [ITER] #13 - Total: 211757 μs, Forward: 24630 μs, Backward: 187126 μs, Memory: 35 MB
#1/3 [          13          ]  ( Training Loss: 0.375136 )
 [ITER] #14 - Total: 217286 μs, Forward: 24190 μs, Backward: 193096 μs, Memory: 35 MB
#1/3 [          14          ]  ( Training Loss: 0.182707 )
 [ITER] #15 - Total: 211018 μs, Forward: 23264 μs, Backward: 187754 μs, Memory: 35 MB
#1/3 [          15          ]  ( Training Loss: 0.0464702 )
 [ITER] #16 - Total: 215047 μs, Forward: 23037 μs, Backward: 192009 μs, Memory: 35 MB
#1/3 - Training Loss: 1.00025
#2/3 [          0           ]  ( Training Loss: 1.63103e-05 )
 [ITER] #17 - Total: 208448 μs, Forward: 24788 μs, Backward: 183659 μs, Memory: 36 MB
#2/3 [          1           ]  ( Training Loss: 0.0338405 )
 [ITER] #18 - Total: 215529 μs, Forward: 23762 μs, Backward: 191766 μs, Memory: 36 MB
#2/3 [          2           ]  ( Training Loss: 0.10918 )
 [ITER] #19 - Total: 233759 μs, Forward: 25521 μs, Backward: 208238 μs, Memory: 36 MB
#2/3 [          3           ]  ( Training Loss: 0.179865 )
 [ITER] #20 - Total: 309595 μs, Forward: 31710 μs, Backward: 277885 μs, Memory: 36 MB
#2/3 [          4           ]  ( Training Loss: 0.212887 )
 [ITER] #21 - Total: 263498 μs, Forward: 62089 μs, Backward: 201408 μs, Memory: 36 MB
#2/3 [          5           ]  ( Training Loss: 0.198598 )
 [ITER] #22 - Total: 225293 μs, Forward: 27829 μs, Backward: 197464 μs, Memory: 36 MB
#2/3 [          6           ]  ( Training Loss: 0.148471 )
 [ITER] #23 - Total: 243367 μs, Forward: 28926 μs, Backward: 214440 μs, Memory: 36 MB
#2/3 [          7           ]  ( Training Loss: 0.0853029 )
 [ITER] #24 - Total: 237737 μs, Forward: 24853 μs, Backward: 212883 μs, Memory: 36 MB
#2/3 [          8           ]  ( Training Loss: 0.0320599 )
 [ITER] #25 - Total: 238518 μs, Forward: 30357 μs, Backward: 208161 μs, Memory: 36 MB
#2/3 [          9           ]  ( Training Loss: 0.00356057 )
 [ITER] #26 - Total: 259780 μs, Forward: 26670 μs, Backward: 233109 μs, Memory: 36 MB
#2/3 [          10          ]  ( Training Loss: 0.00287008 )
 [ITER] #27 - Total: 239786 μs, Forward: 29940 μs, Backward: 209846 μs, Memory: 36 MB
#2/3 [          11          ]  ( Training Loss: 0.0225134 )
 [ITER] #28 - Total: 221224 μs, Forward: 25167 μs, Backward: 196057 μs, Memory: 36 MB
#2/3 [          12          ]  ( Training Loss: 0.0492004 )
 [ITER] #29 - Total: 245358 μs, Forward: 42010 μs, Backward: 203347 μs, Memory: 36 MB
#2/3 [          13          ]  ( Training Loss: 0.0697938 )
 [ITER] #30 - Total: 229287 μs, Forward: 27365 μs, Backward: 201922 μs, Memory: 36 MB
#2/3 [          14          ]  ( Training Loss: 0.0761071 )
 [ITER] #31 - Total: 220759 μs, Forward: 28378 μs, Backward: 192380 μs, Memory: 36 MB
#2/3 [          15          ]  ( Training Loss: 0.0669473 )
 [ITER] #32 - Total: 214568 μs, Forward: 25924 μs, Backward: 188643 μs, Memory: 36 MB
#2/3 - Training Loss: 0.0807008
#3/3 [          0           ]  ( Training Loss: 0.0472011 )
 [ITER] #33 - Total: 235966 μs, Forward: 32277 μs, Backward: 203688 μs, Memory: 36 MB
#3/3 [          1           ]  ( Training Loss: 0.0249069 )
 [ITER] #34 - Total: 217750 μs, Forward: 24495 μs, Backward: 193253 μs, Memory: 36 MB
#3/3 [          2           ]  ( Training Loss: 0.00774053 )
 [ITER] #35 - Total: 247326 μs, Forward: 23790 μs, Backward: 223535 μs, Memory: 36 MB
#3/3 [          3           ]  ( Training Loss: 0.0002462 )
 [ITER] #36 - Total: 251144 μs, Forward: 24430 μs, Backward: 226713 μs, Memory: 36 MB
#3/3 [          4           ]  ( Training Loss: 0.00264872 )
 [ITER] #37 - Total: 438581 μs, Forward: 27486 μs, Backward: 411094 μs, Memory: 36 MB
#3/3 [          5           ]  ( Training Loss: 0.0114471 )
 [ITER] #38 - Total: 241488 μs, Forward: 24961 μs, Backward: 216525 μs, Memory: 36 MB
#3/3 [          6           ]  ( Training Loss: 0.0213397 )
 [ITER] #39 - Total: 253143 μs, Forward: 40568 μs, Backward: 212574 μs, Memory: 36 MB
#3/3 [          7           ]  ( Training Loss: 0.0275679 )
 [ITER] #40 - Total: 229957 μs, Forward: 28087 μs, Backward: 201869 μs, Memory: 36 MB
#3/3 [          8           ]  ( Training Loss: 0.0276953 )
 [ITER] #41 - Total: 235652 μs, Forward: 35892 μs, Backward: 199759 μs, Memory: 36 MB
#3/3 [          9           ]  ( Training Loss: 0.0221785 )
 [ITER] #42 - Total: 224012 μs, Forward: 27221 μs, Backward: 196790 μs, Memory: 36 MB
#3/3 [          10          ]  ( Training Loss: 0.013694 )
 [ITER] #43 - Total: 255570 μs, Forward: 27369 μs, Backward: 228200 μs, Memory: 36 MB
#3/3 [          11          ]  ( Training Loss: 0.0056896 )
 [ITER] #44 - Total: 224294 μs, Forward: 27508 μs, Backward: 196785 μs, Memory: 36 MB
#3/3 [          12          ]  ( Training Loss: 0.000871007 )
 [ITER] #45 - Total: 242597 μs, Forward: 30838 μs, Backward: 211758 μs, Memory: 36 MB
#3/3 [          13          ]  ( Training Loss: 0.000235362 )
 [ITER] #46 - Total: 207637 μs, Forward: 22613 μs, Backward: 185023 μs, Memory: 36 MB
#3/3 [          14          ]  ( Training Loss: 0.00294911 )
 [ITER] #47 - Total: 210866 μs, Forward: 24745 μs, Backward: 186120 μs, Memory: 36 MB
#3/3 [          15          ]  ( Training Loss: 0.00698699 )
 [ITER] #48 - Total: 214802 μs, Forward: 24709 μs, Backward: 190093 μs, Memory: 36 MB
#3/3 - Training Loss: 0.0139624
[DEBUG] Training completed successfully
[TIMING] Training took: 11493 ms
[MEMORY] After Training - Peak: 4558 MB, Current: 4492 MB, RSS: 33 MB

=== PERFORMANCE SUMMARY ===
Model Configuration:
  - Sequence Length: 64
  - Vocab Size: 1000
  - Model Dimension: 128
  - Number of Heads: 4
  - Number of Layers: 4
  - FFN Dimension: 512
  - Batch Size: 2
  - Epochs: 3

Approximate Model Parameters (SwiGLU FFN):
  - Embedding: 8192
  - Attention: 262144
  - SwiGLU FFN: 786432 (3 projections: gate+up+down)
  - Total: 1056768 (~4 MB)

=== STDERR ===
