Command: nntrainer/build/Applications/GC_Test/jni/swiglu_gc_test --seq_len 64 --model_dim 128 --num_heads 4 --ffn_dim 512 --epochs 3 --learning_rate 0.0001 --num_layers 8 --batch_size 4
Timestamp: 20251215_073822
Return code: 0

=== STDOUT ===
[CONFIG] Parsed arguments:
  seq_len=64, vocab_size=1000, model_dim=128
  num_heads=4, num_layers=8, ffn_dim=512
  batch_size=4, epochs=3, learning_rate=0.0001
[DEBUG] Starting main function...
[MEMORY] Program Start - Peak: 4274 MB, Current: 4274 MB, RSS: 12 MB
[DEBUG] Creating model...
[DEBUG] Starting model creation...
[DEBUG] Model created successfully
[DEBUG] Adding input layer...
[DEBUG] Input layer added successfully
[DEBUG] Adding simple embedding layer...
[DEBUG] Embedding layer (FC) added successfully
[DEBUG] Creating transformer layer 0
[DEBUG] Adding ln_multiout1 for layer 0
[DEBUG] Adding ln1 for layer 0
[DEBUG] Adding multi_out1 (Q,K,V) for layer 0
[DEBUG] Adding multi_head_attention for layer 0
[DEBUG] Adding add1 (residual after attention) for layer 0
[DEBUG] Adding ln_multiout2 for layer 0
[DEBUG] Adding ln2 for layer 0
[DEBUG] Adding multi_out3 for layer 0
[DEBUG] Adding SwiGLU gate projection for layer 0
[DEBUG] Adding SwiGLU up projection for layer 0
[DEBUG] Adding multiply (gating) for layer 0
[DEBUG] Adding SwiGLU down projection for layer 0
[DEBUG] Adding add2 (residual after SwiGLU FFN) for layer 0
[DEBUG] Creating transformer layer 1
[DEBUG] Adding ln_multiout1 for layer 1
[DEBUG] Adding ln1 for layer 1
[DEBUG] Adding multi_out1 (Q,K,V) for layer 1
[DEBUG] Adding multi_head_attention for layer 1
[DEBUG] Adding add1 (residual after attention) for layer 1
[DEBUG] Adding ln_multiout2 for layer 1
[DEBUG] Adding ln2 for layer 1
[DEBUG] Adding multi_out3 for layer 1
[DEBUG] Adding SwiGLU gate projection for layer 1
[DEBUG] Adding SwiGLU up projection for layer 1
[DEBUG] Adding multiply (gating) for layer 1
[DEBUG] Adding SwiGLU down projection for layer 1
[DEBUG] Adding add2 (residual after SwiGLU FFN) for layer 1
[DEBUG] Creating transformer layer 2
[DEBUG] Adding ln_multiout1 for layer 2
[DEBUG] Adding ln1 for layer 2
[DEBUG] Adding multi_out1 (Q,K,V) for layer 2
[DEBUG] Adding multi_head_attention for layer 2
[DEBUG] Adding add1 (residual after attention) for layer 2
[DEBUG] Adding ln_multiout2 for layer 2
[DEBUG] Adding ln2 for layer 2
[DEBUG] Adding multi_out3 for layer 2
[DEBUG] Adding SwiGLU gate projection for layer 2
[DEBUG] Adding SwiGLU up projection for layer 2
[DEBUG] Adding multiply (gating) for layer 2
[DEBUG] Adding SwiGLU down projection for layer 2
[DEBUG] Adding add2 (residual after SwiGLU FFN) for layer 2
[DEBUG] Creating transformer layer 3
[DEBUG] Adding ln_multiout1 for layer 3
[DEBUG] Adding ln1 for layer 3
[DEBUG] Adding multi_out1 (Q,K,V) for layer 3
[DEBUG] Adding multi_head_attention for layer 3
[DEBUG] Adding add1 (residual after attention) for layer 3
[DEBUG] Adding ln_multiout2 for layer 3
[DEBUG] Adding ln2 for layer 3
[DEBUG] Adding multi_out3 for layer 3
[DEBUG] Adding SwiGLU gate projection for layer 3
[DEBUG] Adding SwiGLU up projection for layer 3
[DEBUG] Adding multiply (gating) for layer 3
[DEBUG] Adding SwiGLU down projection for layer 3
[DEBUG] Adding add2 (residual after SwiGLU FFN) for layer 3
[DEBUG] Creating transformer layer 4
[DEBUG] Adding ln_multiout1 for layer 4
[DEBUG] Adding ln1 for layer 4
[DEBUG] Adding multi_out1 (Q,K,V) for layer 4
[DEBUG] Adding multi_head_attention for layer 4
[DEBUG] Adding add1 (residual after attention) for layer 4
[DEBUG] Adding ln_multiout2 for layer 4
[DEBUG] Adding ln2 for layer 4
[DEBUG] Adding multi_out3 for layer 4
[DEBUG] Adding SwiGLU gate projection for layer 4
[DEBUG] Adding SwiGLU up projection for layer 4
[DEBUG] Adding multiply (gating) for layer 4
[DEBUG] Adding SwiGLU down projection for layer 4
[DEBUG] Adding add2 (residual after SwiGLU FFN) for layer 4
[DEBUG] Creating transformer layer 5
[DEBUG] Adding ln_multiout1 for layer 5
[DEBUG] Adding ln1 for layer 5
[DEBUG] Adding multi_out1 (Q,K,V) for layer 5
[DEBUG] Adding multi_head_attention for layer 5
[DEBUG] Adding add1 (residual after attention) for layer 5
[DEBUG] Adding ln_multiout2 for layer 5
[DEBUG] Adding ln2 for layer 5
[DEBUG] Adding multi_out3 for layer 5
[DEBUG] Adding SwiGLU gate projection for layer 5
[DEBUG] Adding SwiGLU up projection for layer 5
[DEBUG] Adding multiply (gating) for layer 5
[DEBUG] Adding SwiGLU down projection for layer 5
[DEBUG] Adding add2 (residual after SwiGLU FFN) for layer 5
[DEBUG] Creating transformer layer 6
[DEBUG] Adding ln_multiout1 for layer 6
[DEBUG] Adding ln1 for layer 6
[DEBUG] Adding multi_out1 (Q,K,V) for layer 6
[DEBUG] Adding multi_head_attention for layer 6
[DEBUG] Adding add1 (residual after attention) for layer 6
[DEBUG] Adding ln_multiout2 for layer 6
[DEBUG] Adding ln2 for layer 6
[DEBUG] Adding multi_out3 for layer 6
[DEBUG] Adding SwiGLU gate projection for layer 6
[DEBUG] Adding SwiGLU up projection for layer 6
[DEBUG] Adding multiply (gating) for layer 6
[DEBUG] Adding SwiGLU down projection for layer 6
[DEBUG] Adding add2 (residual after SwiGLU FFN) for layer 6
[DEBUG] Creating transformer layer 7
[DEBUG] Adding ln_multiout1 for layer 7
[DEBUG] Adding ln1 for layer 7
[DEBUG] Adding multi_out1 (Q,K,V) for layer 7
[DEBUG] Adding multi_head_attention for layer 7
[DEBUG] Adding add1 (residual after attention) for layer 7
[DEBUG] Adding ln_multiout2 for layer 7
[DEBUG] Adding ln2 for layer 7
[DEBUG] Adding multi_out3 for layer 7
[DEBUG] Adding SwiGLU gate projection for layer 7
[DEBUG] Adding SwiGLU up projection for layer 7
[DEBUG] Adding multiply (gating) for layer 7
[DEBUG] Adding SwiGLU down projection for layer 7
[DEBUG] Adding add2 (residual after SwiGLU FFN) for layer 7
[DEBUG] Adding final layer normalization...
[DEBUG] Final layer normalization added successfully
[DEBUG] Skipping pooling2d layer for debugging...
[DEBUG] Adding simple output projection...
[DEBUG] Output projection added successfully

[INFO] Gradient checkpointing is DISABLED
[DEBUG] Model creation completed successfully!
[DEBUG] Model created successfully!
[TIMING] Model Creation took: 19 ms
[MEMORY] After Model Creation - Peak: 4275 MB, Current: 4275 MB, RSS: 15 MB
[DEBUG] Setting model properties...
[DEBUG] Model properties set successfully
[DEBUG] Creating optimizer...
[DEBUG] Optimizer set successfully
[TIMING] Model Configuration took: 0 ms
[DEBUG] Compiling model...
[DEBUG] Model compiled with status: 0
[TIMING] Model Compilation took: 7 ms
[MEMORY] After Compilation - Peak: 4275 MB, Current: 4275 MB, RSS: 15 MB
[DEBUG] Initializing model...
[DEBUG] Model initialized with status: 0
[TIMING] Model Initialization took: 64 ms
[MEMORY] After Initialization - Peak: 4300 MB, Current: 4300 MB, RSS: 40 MB
[DEBUG] Creating fixed data generator...
[DEBUG] Data shapes - Input: [4, 1, 64, 1]
[DEBUG] Data shapes - Label: [4, 1, 64, 1]
[DEBUG] Using FixedDataGenerator for reproducibility...
[DEBUG] FixedDataGenerator created with 32 batches
[DEBUG] Input sample [0..2]: 0.5, 0.549917, 0.599335
[DEBUG] Label sample [0..2]: 0.549917, 0.599335, 0.64776
[DEBUG] Data generator created successfully
[DEBUG] Setting dataset...
[DEBUG] Dataset set successfully
[TIMING] Data Setup took: 0 ms
[DEBUG] Starting training...
[INFO] Iteration stats are printed from neuralnet.cpp (once per batch)
#1/3 [          0           ]  ( Training Loss: 0.154488 )
 [ITER] #1 - Total: 716485 μs, Forward: 145547 μs, Backward: 570937 μs, Memory: 84 MB
#1/3 [          1           ]  ( Training Loss: 10.1543 )
 [ITER] #2 - Total: 641073 μs, Forward: 83868 μs, Backward: 557203 μs, Memory: 84 MB
#1/3 [          2           ]  ( Training Loss: 1.77221 )
 [ITER] #3 - Total: 632522 μs, Forward: 81145 μs, Backward: 551376 μs, Memory: 84 MB
#1/3 [          3           ]  ( Training Loss: 0.229212 )
 [ITER] #4 - Total: 668782 μs, Forward: 87677 μs, Backward: 581104 μs, Memory: 84 MB
#1/3 [          4           ]  ( Training Loss: 2.00842 )
 [ITER] #5 - Total: 685805 μs, Forward: 83548 μs, Backward: 602257 μs, Memory: 84 MB
#1/3 [          5           ]  ( Training Loss: 2.17883 )
 [ITER] #6 - Total: 631161 μs, Forward: 80903 μs, Backward: 550257 μs, Memory: 84 MB
#1/3 [          6           ]  ( Training Loss: 1.27613 )
 [ITER] #7 - Total: 649890 μs, Forward: 84703 μs, Backward: 565187 μs, Memory: 84 MB
#1/3 [          7           ]  ( Training Loss: 0.413047 )
 [ITER] #8 - Total: 657300 μs, Forward: 88350 μs, Backward: 568950 μs, Memory: 84 MB
#1/3 - Training Loss: 2.27333
#2/3 [          0           ]  ( Training Loss: 0.0226077 )
 [ITER] #9 - Total: 624891 μs, Forward: 85690 μs, Backward: 539200 μs, Memory: 84 MB
#2/3 [          1           ]  ( Training Loss: 0.07335 )
 [ITER] #10 - Total: 648079 μs, Forward: 88674 μs, Backward: 559404 μs, Memory: 84 MB
#2/3 [          2           ]  ( Training Loss: 0.327435 )
 [ITER] #11 - Total: 658616 μs, Forward: 91214 μs, Backward: 567402 μs, Memory: 84 MB
#2/3 [          3           ]  ( Training Loss: 0.536833 )
 [ITER] #12 - Total: 661712 μs, Forward: 89240 μs, Backward: 572472 μs, Memory: 84 MB
#2/3 [          4           ]  ( Training Loss: 0.580588 )
 [ITER] #13 - Total: 633382 μs, Forward: 88586 μs, Backward: 544795 μs, Memory: 84 MB
#2/3 [          5           ]  ( Training Loss: 0.471699 )
 [ITER] #14 - Total: 626329 μs, Forward: 83052 μs, Backward: 543276 μs, Memory: 84 MB
#2/3 [          6           ]  ( Training Loss: 0.289819 )
 [ITER] #15 - Total: 723138 μs, Forward: 129602 μs, Backward: 593535 μs, Memory: 84 MB
#2/3 [          7           ]  ( Training Loss: 0.12019 )
 [ITER] #16 - Total: 645670 μs, Forward: 87392 μs, Backward: 558277 μs, Memory: 84 MB
#2/3 - Training Loss: 0.302815
#3/3 [          0           ]  ( Training Loss: 0.0193815 )
 [ITER] #17 - Total: 629279 μs, Forward: 82153 μs, Backward: 547125 μs, Memory: 84 MB
#3/3 [          1           ]  ( Training Loss: 0.00358724 )
 [ITER] #18 - Total: 693635 μs, Forward: 80799 μs, Backward: 612835 μs, Memory: 84 MB
#3/3 [          2           ]  ( Training Loss: 0.0531015 )
 [ITER] #19 - Total: 657780 μs, Forward: 82801 μs, Backward: 574979 μs, Memory: 84 MB
#3/3 [          3           ]  ( Training Loss: 0.127715 )
 [ITER] #20 - Total: 644958 μs, Forward: 84943 μs, Backward: 560014 μs, Memory: 84 MB
#3/3 [          4           ]  ( Training Loss: 0.186794 )
 [ITER] #21 - Total: 634928 μs, Forward: 82112 μs, Backward: 552815 μs, Memory: 84 MB
#3/3 [          5           ]  ( Training Loss: 0.2056 )
 [ITER] #22 - Total: 653879 μs, Forward: 84673 μs, Backward: 569205 μs, Memory: 84 MB
#3/3 [          6           ]  ( Training Loss: 0.181207 )
 [ITER] #23 - Total: 649538 μs, Forward: 86833 μs, Backward: 562704 μs, Memory: 84 MB
#3/3 [          7           ]  ( Training Loss: 0.1281 )
 [ITER] #24 - Total: 657371 μs, Forward: 102362 μs, Backward: 555009 μs, Memory: 84 MB
#3/3 - Training Loss: 0.113186
[DEBUG] Training completed successfully
[TIMING] Training took: 15759 ms
[MEMORY] After Training - Peak: 4608 MB, Current: 4509 MB, RSS: 51 MB
[INFO] Saving weights to swiglu_weights.bin

=== PERFORMANCE SUMMARY ===
Model Configuration:
  - Sequence Length: 64
  - Vocab Size: 1000
  - Model Dimension: 128
  - Number of Heads: 4
  - Number of Layers: 8
  - FFN Dimension: 512
  - Batch Size: 4
  - Epochs: 3

Approximate Model Parameters (SwiGLU FFN):
  - Embedding: 8192
  - Attention: 524288
  - SwiGLU FFN: 1572864 (3 projections: gate+up+down)
  - Total: 2105344 (~8 MB)

=== STDERR ===
