Command: nntrainer/build/Applications/GC_Test/jni/swiglu_gc_test --seq_len 64 --model_dim 1024 --num_heads 8 --ffn_dim 4096 --epochs 3 --learning_rate 0.0001 --num_layers 4 --batch_size 4 --enable-checkpoint
Timestamp: 20251215_082717
Return code: 0

=== STDOUT ===
[CONFIG] Parsed arguments:
  seq_len=64, vocab_size=1000, model_dim=1024
  num_heads=8, num_layers=4, ffn_dim=4096
  batch_size=4, epochs=3, learning_rate=0.0001
[DEBUG] Starting main function...
[MEMORY] Program Start - Peak: 4274 MB, Current: 4274 MB, RSS: 12 MB
[DEBUG] Creating model...
[DEBUG] Starting model creation...
[DEBUG] Model created successfully
[DEBUG] Adding input layer...
[DEBUG] Input layer added successfully
[DEBUG] Adding simple embedding layer...
[DEBUG] Embedding layer (FC) added successfully
[DEBUG] Creating transformer layer 0
[DEBUG] Adding ln_multiout1 for layer 0
[DEBUG] Adding ln1 for layer 0
[DEBUG] Adding multi_out1 (Q,K,V) for layer 0
[DEBUG] Adding multi_head_attention for layer 0
[DEBUG] Adding add1 (residual after attention) for layer 0
[DEBUG] Adding ln_multiout2 for layer 0
[DEBUG] Adding ln2 for layer 0
[DEBUG] Adding multi_out3 for layer 0
[DEBUG] Adding SwiGLU gate projection for layer 0
[DEBUG] Adding SwiGLU up projection for layer 0
[DEBUG] Adding multiply (gating) for layer 0
[DEBUG] Adding SwiGLU down projection for layer 0
[DEBUG] Adding add2 (residual after SwiGLU FFN) for layer 0
[DEBUG] Creating transformer layer 1
[DEBUG] Adding ln_multiout1 for layer 1
[DEBUG] Adding ln1 for layer 1
[DEBUG] Adding multi_out1 (Q,K,V) for layer 1
[DEBUG] Adding multi_head_attention for layer 1
[DEBUG] Adding add1 (residual after attention) for layer 1
[DEBUG] Adding ln_multiout2 for layer 1
[DEBUG] Adding ln2 for layer 1
[DEBUG] Adding multi_out3 for layer 1
[DEBUG] Adding SwiGLU gate projection for layer 1
[DEBUG] Adding SwiGLU up projection for layer 1
[DEBUG] Adding multiply (gating) for layer 1
[DEBUG] Adding SwiGLU down projection for layer 1
[DEBUG] Adding add2 (residual after SwiGLU FFN) for layer 1
[DEBUG] Creating transformer layer 2
[DEBUG] Adding ln_multiout1 for layer 2
[DEBUG] Adding ln1 for layer 2
[DEBUG] Adding multi_out1 (Q,K,V) for layer 2
[DEBUG] Adding multi_head_attention for layer 2
[DEBUG] Adding add1 (residual after attention) for layer 2
[DEBUG] Adding ln_multiout2 for layer 2
[DEBUG] Adding ln2 for layer 2
[DEBUG] Adding multi_out3 for layer 2
[DEBUG] Adding SwiGLU gate projection for layer 2
[DEBUG] Adding SwiGLU up projection for layer 2
[DEBUG] Adding multiply (gating) for layer 2
[DEBUG] Adding SwiGLU down projection for layer 2
[DEBUG] Adding add2 (residual after SwiGLU FFN) for layer 2
[DEBUG] Creating transformer layer 3
[DEBUG] Adding ln_multiout1 for layer 3
[DEBUG] Adding ln1 for layer 3
[DEBUG] Adding multi_out1 (Q,K,V) for layer 3
[DEBUG] Adding multi_head_attention for layer 3
[DEBUG] Adding add1 (residual after attention) for layer 3
[DEBUG] Adding ln_multiout2 for layer 3
[DEBUG] Adding ln2 for layer 3
[DEBUG] Adding multi_out3 for layer 3
[DEBUG] Adding SwiGLU gate projection for layer 3
[DEBUG] Adding SwiGLU up projection for layer 3
[DEBUG] Adding multiply (gating) for layer 3
[DEBUG] Adding SwiGLU down projection for layer 3
[DEBUG] Adding add2 (residual after SwiGLU FFN) for layer 3
[DEBUG] Adding final layer normalization...
[DEBUG] Final layer normalization added successfully
[DEBUG] Skipping pooling2d layer for debugging...
[DEBUG] Adding simple output projection...
[DEBUG] Output projection added successfully

[CHECKPOINT] Setting up gradient checkpointing for transformer blocks...
[CHECKPOINT] Added checkpoint block for transformer layer 0 (13 layers)
[CHECKPOINT] Added checkpoint block for transformer layer 1 (13 layers)
[CHECKPOINT] Added checkpoint block for transformer layer 2 (13 layers)
[CHECKPOINT] Added checkpoint block for transformer layer 3 (13 layers)
[CHECKPOINT] Gradient checkpointing setup complete!
[CHECKPOINT] Total checkpoint blocks: 4
[CHECKPOINT] Expected memory savings: ~75%
[DEBUG] Model creation completed successfully!
[DEBUG] Model created successfully!
[TIMING] Model Creation took: 10 ms
[MEMORY] After Model Creation - Peak: 4275 MB, Current: 4275 MB, RSS: 15 MB
[DEBUG] Setting model properties...
[DEBUG] Model properties set successfully
[DEBUG] Creating optimizer...
[DEBUG] Optimizer set successfully
[TIMING] Model Configuration took: 0 ms
[DEBUG] Compiling model...
[DEBUG] Model compiled with status: 0
[TIMING] Model Compilation took: 5 ms
[MEMORY] After Compilation - Peak: 4275 MB, Current: 4275 MB, RSS: 15 MB
[DEBUG] Initializing model...
[DEBUG] Model initialized with status: 0
[TIMING] Model Initialization took: 1035 ms
[MEMORY] After Initialization - Peak: 5045 MB, Current: 5045 MB, RSS: 784 MB
[DEBUG] Creating fixed data generator...
[DEBUG] Data shapes - Input: [4, 1, 64, 1]
[DEBUG] Data shapes - Label: [4, 1, 64, 1]
[DEBUG] Using FixedDataGenerator for reproducibility...
[DEBUG] FixedDataGenerator created with 32 batches
[DEBUG] Input sample [0..2]: 0.5, 0.549917, 0.599335
[DEBUG] Label sample [0..2]: 0.549917, 0.599335, 0.64776
[DEBUG] Data generator created successfully
[DEBUG] Setting dataset...
[DEBUG] Dataset set successfully
[TIMING] Data Setup took: 0 ms
[DEBUG] Starting training...
[INFO] Iteration stats are printed from neuralnet.cpp (once per batch)
#1/3 [          0           ]  ( Training Loss: 0.00133987 )
 [ITER] #1 - Total: 3891780 μs, Forward: 384799 μs, Backward: 3506981 μs, Memory: 909 MB
#1/3 [          1           ]  ( Training Loss: 456.902 )
 [ITER] #2 - Total: 3700122 μs, Forward: 345565 μs, Backward: 3354557 μs, Memory: 914 MB
#1/3 [          2           ]  ( Training Loss: 21.159 )
 [ITER] #3 - Total: 3715410 μs, Forward: 347613 μs, Backward: 3367796 μs, Memory: 914 MB
#1/3 [          3           ]  ( Training Loss: 43.8428 )
 [ITER] #4 - Total: 3769833 μs, Forward: 389992 μs, Backward: 3379840 μs, Memory: 914 MB
#1/3 [          4           ]  ( Training Loss: 38.2261 )
 [ITER] #5 - Total: 3773671 μs, Forward: 379866 μs, Backward: 3393804 μs, Memory: 914 MB
#1/3 [          5           ]  ( Training Loss: 8.75953 )
 [ITER] #6 - Total: 3654027 μs, Forward: 322342 μs, Backward: 3331684 μs, Memory: 914 MB
#1/3 [          6           ]  ( Training Loss: 0.166524 )
 [ITER] #7 - Total: 3802166 μs, Forward: 378600 μs, Backward: 3423565 μs, Memory: 914 MB
#1/3 [          7           ]  ( Training Loss: 7.63807 )
 [ITER] #8 - Total: 3815131 μs, Forward: 395821 μs, Backward: 3419309 μs, Memory: 914 MB
#1/3 - Training Loss: 72.0869
#2/3 [          0           ]  ( Training Loss: 12.5668 )
 [ITER] #9 - Total: 3713602 μs, Forward: 334756 μs, Backward: 3378845 μs, Memory: 914 MB
#2/3 [          1           ]  ( Training Loss: 9.54834 )
 [ITER] #10 - Total: 3718069 μs, Forward: 368006 μs, Backward: 3350063 μs, Memory: 914 MB
#2/3 [          2           ]  ( Training Loss: 3.85878 )
 [ITER] #11 - Total: 3566059 μs, Forward: 336738 μs, Backward: 3229320 μs, Memory: 914 MB
#2/3 [          3           ]  ( Training Loss: 0.3882 )
 [ITER] #12 - Total: 3696047 μs, Forward: 333831 μs, Backward: 3362215 μs, Memory: 914 MB
#2/3 [          4           ]  ( Training Loss: 0.38148 )
 [ITER] #13 - Total: 3638831 μs, Forward: 331135 μs, Backward: 3307695 μs, Memory: 914 MB
#2/3 [          5           ]  ( Training Loss: 2.41752 )
 [ITER] #14 - Total: 3666792 μs, Forward: 345989 μs, Backward: 3320803 μs, Memory: 914 MB
#2/3 [          6           ]  ( Training Loss: 4.34716 )
 [ITER] #15 - Total: 3801711 μs, Forward: 343050 μs, Backward: 3458660 μs, Memory: 914 MB
#2/3 [          7           ]  ( Training Loss: 4.84754 )
 [ITER] #16 - Total: 3710465 μs, Forward: 332651 μs, Backward: 3377813 μs, Memory: 914 MB
#2/3 - Training Loss: 4.79448
#3/3 [          0           ]  ( Training Loss: 3.8737 )
 [ITER] #17 - Total: 3707264 μs, Forward: 336755 μs, Backward: 3370508 μs, Memory: 914 MB
#3/3 [          1           ]  ( Training Loss: 2.19564 )
 [ITER] #18 - Total: 3662271 μs, Forward: 331912 μs, Backward: 3330359 μs, Memory: 914 MB
#3/3 [          2           ]  ( Training Loss: 0.723196 )
 [ITER] #19 - Total: 3712413 μs, Forward: 343366 μs, Backward: 3369046 μs, Memory: 914 MB
#3/3 [          3           ]  ( Training Loss: 0.0319796 )
 [ITER] #20 - Total: 3824925 μs, Forward: 472839 μs, Backward: 3352085 μs, Memory: 914 MB
#3/3 [          4           ]  ( Training Loss: 0.193607 )
 [ITER] #21 - Total: 3715577 μs, Forward: 326945 μs, Backward: 3388631 μs, Memory: 914 MB
#3/3 [          5           ]  ( Training Loss: 0.867942 )
 [ITER] #22 - Total: 3645591 μs, Forward: 335961 μs, Backward: 3309630 μs, Memory: 914 MB
#3/3 [          6           ]  ( Training Loss: 1.55389 )
 [ITER] #23 - Total: 3669060 μs, Forward: 323017 μs, Backward: 3346043 μs, Memory: 914 MB
#3/3 [          7           ]  ( Training Loss: 1.86332 )
 [ITER] #24 - Total: 3696886 μs, Forward: 339691 μs, Backward: 3357194 μs, Memory: 914 MB
#3/3 - Training Loss: 1.41291
[DEBUG] Training completed successfully
[TIMING] Training took: 89478 ms
[MEMORY] After Training - Peak: 5428 MB, Current: 5276 MB, RSS: 826 MB

=== PERFORMANCE SUMMARY ===
Model Configuration:
  - Sequence Length: 64
  - Vocab Size: 1000
  - Model Dimension: 1024
  - Number of Heads: 8
  - Number of Layers: 4
  - FFN Dimension: 4096
  - Batch Size: 4
  - Epochs: 3

Approximate Model Parameters (SwiGLU FFN):
  - Embedding: 65536
  - Attention: 16777216
  - SwiGLU FFN: 50331648 (3 projections: gate+up+down)
  - Total: 67174400 (~256 MB)

=== STDERR ===
