Command: nntrainer/build/Applications/GC_Test/jni/swiglu_gc_test --seq_len 64 --model_dim 512 --num_heads 8 --ffn_dim 2048 --epochs 3 --learning_rate 0.0001 --num_layers 4 --batch_size 4 --enable-checkpoint
Timestamp: 20251215_082247
Return code: 0

=== STDOUT ===
[CONFIG] Parsed arguments:
  seq_len=64, vocab_size=1000, model_dim=512
  num_heads=8, num_layers=4, ffn_dim=2048
  batch_size=4, epochs=3, learning_rate=0.0001
[DEBUG] Starting main function...
[MEMORY] Program Start - Peak: 4274 MB, Current: 4274 MB, RSS: 12 MB
[DEBUG] Creating model...
[DEBUG] Starting model creation...
[DEBUG] Model created successfully
[DEBUG] Adding input layer...
[DEBUG] Input layer added successfully
[DEBUG] Adding simple embedding layer...
[DEBUG] Embedding layer (FC) added successfully
[DEBUG] Creating transformer layer 0
[DEBUG] Adding ln_multiout1 for layer 0
[DEBUG] Adding ln1 for layer 0
[DEBUG] Adding multi_out1 (Q,K,V) for layer 0
[DEBUG] Adding multi_head_attention for layer 0
[DEBUG] Adding add1 (residual after attention) for layer 0
[DEBUG] Adding ln_multiout2 for layer 0
[DEBUG] Adding ln2 for layer 0
[DEBUG] Adding multi_out3 for layer 0
[DEBUG] Adding SwiGLU gate projection for layer 0
[DEBUG] Adding SwiGLU up projection for layer 0
[DEBUG] Adding multiply (gating) for layer 0
[DEBUG] Adding SwiGLU down projection for layer 0
[DEBUG] Adding add2 (residual after SwiGLU FFN) for layer 0
[DEBUG] Creating transformer layer 1
[DEBUG] Adding ln_multiout1 for layer 1
[DEBUG] Adding ln1 for layer 1
[DEBUG] Adding multi_out1 (Q,K,V) for layer 1
[DEBUG] Adding multi_head_attention for layer 1
[DEBUG] Adding add1 (residual after attention) for layer 1
[DEBUG] Adding ln_multiout2 for layer 1
[DEBUG] Adding ln2 for layer 1
[DEBUG] Adding multi_out3 for layer 1
[DEBUG] Adding SwiGLU gate projection for layer 1
[DEBUG] Adding SwiGLU up projection for layer 1
[DEBUG] Adding multiply (gating) for layer 1
[DEBUG] Adding SwiGLU down projection for layer 1
[DEBUG] Adding add2 (residual after SwiGLU FFN) for layer 1
[DEBUG] Creating transformer layer 2
[DEBUG] Adding ln_multiout1 for layer 2
[DEBUG] Adding ln1 for layer 2
[DEBUG] Adding multi_out1 (Q,K,V) for layer 2
[DEBUG] Adding multi_head_attention for layer 2
[DEBUG] Adding add1 (residual after attention) for layer 2
[DEBUG] Adding ln_multiout2 for layer 2
[DEBUG] Adding ln2 for layer 2
[DEBUG] Adding multi_out3 for layer 2
[DEBUG] Adding SwiGLU gate projection for layer 2
[DEBUG] Adding SwiGLU up projection for layer 2
[DEBUG] Adding multiply (gating) for layer 2
[DEBUG] Adding SwiGLU down projection for layer 2
[DEBUG] Adding add2 (residual after SwiGLU FFN) for layer 2
[DEBUG] Creating transformer layer 3
[DEBUG] Adding ln_multiout1 for layer 3
[DEBUG] Adding ln1 for layer 3
[DEBUG] Adding multi_out1 (Q,K,V) for layer 3
[DEBUG] Adding multi_head_attention for layer 3
[DEBUG] Adding add1 (residual after attention) for layer 3
[DEBUG] Adding ln_multiout2 for layer 3
[DEBUG] Adding ln2 for layer 3
[DEBUG] Adding multi_out3 for layer 3
[DEBUG] Adding SwiGLU gate projection for layer 3
[DEBUG] Adding SwiGLU up projection for layer 3
[DEBUG] Adding multiply (gating) for layer 3
[DEBUG] Adding SwiGLU down projection for layer 3
[DEBUG] Adding add2 (residual after SwiGLU FFN) for layer 3
[DEBUG] Adding final layer normalization...
[DEBUG] Final layer normalization added successfully
[DEBUG] Skipping pooling2d layer for debugging...
[DEBUG] Adding simple output projection...
[DEBUG] Output projection added successfully

[CHECKPOINT] Setting up gradient checkpointing for transformer blocks...
[CHECKPOINT] Added checkpoint block for transformer layer 0 (13 layers)
[CHECKPOINT] Added checkpoint block for transformer layer 1 (13 layers)
[CHECKPOINT] Added checkpoint block for transformer layer 2 (13 layers)
[CHECKPOINT] Added checkpoint block for transformer layer 3 (13 layers)
[CHECKPOINT] Gradient checkpointing setup complete!
[CHECKPOINT] Total checkpoint blocks: 4
[CHECKPOINT] Expected memory savings: ~75%
[DEBUG] Model creation completed successfully!
[DEBUG] Model created successfully!
[TIMING] Model Creation took: 67 ms
[MEMORY] After Model Creation - Peak: 4275 MB, Current: 4275 MB, RSS: 15 MB
[DEBUG] Setting model properties...
[DEBUG] Model properties set successfully
[DEBUG] Creating optimizer...
[DEBUG] Optimizer set successfully
[TIMING] Model Configuration took: 0 ms
[DEBUG] Compiling model...
[DEBUG] Model compiled with status: 0
[TIMING] Model Compilation took: 2 ms
[MEMORY] After Compilation - Peak: 4275 MB, Current: 4275 MB, RSS: 15 MB
[DEBUG] Initializing model...
[DEBUG] Model initialized with status: 0
[TIMING] Model Initialization took: 254 ms
[MEMORY] After Initialization - Peak: 4468 MB, Current: 4468 MB, RSS: 208 MB
[DEBUG] Creating fixed data generator...
[DEBUG] Data shapes - Input: [4, 1, 64, 1]
[DEBUG] Data shapes - Label: [4, 1, 64, 1]
[DEBUG] Using FixedDataGenerator for reproducibility...
[DEBUG] FixedDataGenerator created with 32 batches
[DEBUG] Input sample [0..2]: 0.5, 0.549917, 0.599335
[DEBUG] Label sample [0..2]: 0.549917, 0.599335, 0.64776
[DEBUG] Data generator created successfully
[DEBUG] Setting dataset...
[DEBUG] Dataset set successfully
[TIMING] Data Setup took: 0 ms
[DEBUG] Starting training...
[INFO] Iteration stats are printed from neuralnet.cpp (once per batch)
#1/3 [          0           ]  ( Training Loss: 2.29097 )
 [ITER] #1 - Total: 1589475 μs, Forward: 209967 μs, Backward: 1379508 μs, Memory: 263 MB
#1/3 [          1           ]  ( Training Loss: 109.624 )
 [ITER] #2 - Total: 1630799 μs, Forward: 197634 μs, Backward: 1433164 μs, Memory: 266 MB
#1/3 [          2           ]  ( Training Loss: 20.4874 )
 [ITER] #3 - Total: 1950102 μs, Forward: 240414 μs, Backward: 1709688 μs, Memory: 266 MB
#1/3 [          3           ]  ( Training Loss: 0.269817 )
 [ITER] #4 - Total: 1712952 μs, Forward: 237401 μs, Backward: 1475550 μs, Memory: 266 MB
#1/3 [          4           ]  ( Training Loss: 10.511 )
 [ITER] #5 - Total: 1755204 μs, Forward: 210242 μs, Backward: 1544961 μs, Memory: 266 MB
#1/3 [          5           ]  ( Training Loss: 12.2285 )
 [ITER] #6 - Total: 1630327 μs, Forward: 173782 μs, Backward: 1456544 μs, Memory: 266 MB
#1/3 [          6           ]  ( Training Loss: 6.85579 )
 [ITER] #7 - Total: 1636791 μs, Forward: 178762 μs, Backward: 1458028 μs, Memory: 266 MB
#1/3 [          7           ]  ( Training Loss: 1.79617 )
 [ITER] #8 - Total: 1821340 μs, Forward: 280585 μs, Backward: 1540754 μs, Memory: 266 MB
#1/3 - Training Loss: 20.508
#2/3 [          0           ]  ( Training Loss: 0.00244057 )
 [ITER] #9 - Total: 1725162 μs, Forward: 213488 μs, Backward: 1511673 μs, Memory: 266 MB
#2/3 [          1           ]  ( Training Loss: 1.01997 )
 [ITER] #10 - Total: 1593991 μs, Forward: 175686 μs, Backward: 1418304 μs, Memory: 266 MB
#2/3 [          2           ]  ( Training Loss: 2.80603 )
 [ITER] #11 - Total: 1547371 μs, Forward: 166319 μs, Backward: 1381051 μs, Memory: 266 MB
#2/3 [          3           ]  ( Training Loss: 3.63196 )
 [ITER] #12 - Total: 1549534 μs, Forward: 181166 μs, Backward: 1368367 μs, Memory: 266 MB
#2/3 [          4           ]  ( Training Loss: 3.14434 )
 [ITER] #13 - Total: 1610189 μs, Forward: 250138 μs, Backward: 1360051 μs, Memory: 266 MB
#2/3 [          5           ]  ( Training Loss: 1.93127 )
 [ITER] #14 - Total: 1478907 μs, Forward: 153393 μs, Backward: 1325513 μs, Memory: 266 MB
#2/3 [          6           ]  ( Training Loss: 0.751549 )
 [ITER] #15 - Total: 1626922 μs, Forward: 165243 μs, Backward: 1461678 μs, Memory: 266 MB
#2/3 [          7           ]  ( Training Loss: 0.0911852 )
 [ITER] #16 - Total: 1580634 μs, Forward: 172304 μs, Backward: 1408329 μs, Memory: 266 MB
#2/3 - Training Loss: 1.67234
#3/3 [          0           ]  ( Training Loss: 0.0514077 )
 [ITER] #17 - Total: 1630452 μs, Forward: 184981 μs, Backward: 1445470 μs, Memory: 266 MB
#3/3 [          1           ]  ( Training Loss: 0.436512 )
 [ITER] #18 - Total: 1665829 μs, Forward: 175413 μs, Backward: 1490416 μs, Memory: 266 MB
#3/3 [          2           ]  ( Training Loss: 0.926152 )
 [ITER] #19 - Total: 1563245 μs, Forward: 168278 μs, Backward: 1394966 μs, Memory: 266 MB
#3/3 [          3           ]  ( Training Loss: 1.24537 )
 [ITER] #20 - Total: 1593789 μs, Forward: 181165 μs, Backward: 1412623 μs, Memory: 266 MB
#3/3 [          4           ]  ( Training Loss: 1.26704 )
 [ITER] #21 - Total: 1602902 μs, Forward: 174352 μs, Backward: 1428550 μs, Memory: 266 MB
#3/3 [          5           ]  ( Training Loss: 1.02181 )
 [ITER] #22 - Total: 1603413 μs, Forward: 181578 μs, Backward: 1421834 μs, Memory: 266 MB
#3/3 [          6           ]  ( Training Loss: 0.641372 )
 [ITER] #23 - Total: 1605272 μs, Forward: 165268 μs, Backward: 1440004 μs, Memory: 266 MB
#3/3 [          7           ]  ( Training Loss: 0.280723 )
 [ITER] #24 - Total: 1569260 μs, Forward: 169719 μs, Backward: 1399539 μs, Memory: 266 MB
#3/3 - Training Loss: 0.733797
[DEBUG] Training completed successfully
[TIMING] Training took: 39340 ms
[MEMORY] After Training - Peak: 4785 MB, Current: 4697 MB, RSS: 242 MB

=== PERFORMANCE SUMMARY ===
Model Configuration:
  - Sequence Length: 64
  - Vocab Size: 1000
  - Model Dimension: 512
  - Number of Heads: 8
  - Number of Layers: 4
  - FFN Dimension: 2048
  - Batch Size: 4
  - Epochs: 3

Approximate Model Parameters (SwiGLU FFN):
  - Embedding: 32768
  - Attention: 4194304
  - SwiGLU FFN: 12582912 (3 projections: gate+up+down)
  - Total: 16809984 (~64 MB)

=== STDERR ===
