Command: nntrainer/build/Applications/GC_Test/jni/swiglu_gc_test --seq_len 256 --model_dim 128 --num_heads 4 --ffn_dim 512 --epochs 3 --learning_rate 0.0001 --num_layers 4 --batch_size 4
Timestamp: 20251215_075347
Return code: 0

=== STDOUT ===
[CONFIG] Parsed arguments:
  seq_len=256, vocab_size=1000, model_dim=128
  num_heads=4, num_layers=4, ffn_dim=512
  batch_size=4, epochs=3, learning_rate=0.0001
[DEBUG] Starting main function...
[MEMORY] Program Start - Peak: 4274 MB, Current: 4274 MB, RSS: 12 MB
[DEBUG] Creating model...
[DEBUG] Starting model creation...
[DEBUG] Model created successfully
[DEBUG] Adding input layer...
[DEBUG] Input layer added successfully
[DEBUG] Adding simple embedding layer...
[DEBUG] Embedding layer (FC) added successfully
[DEBUG] Creating transformer layer 0
[DEBUG] Adding ln_multiout1 for layer 0
[DEBUG] Adding ln1 for layer 0
[DEBUG] Adding multi_out1 (Q,K,V) for layer 0
[DEBUG] Adding multi_head_attention for layer 0
[DEBUG] Adding add1 (residual after attention) for layer 0
[DEBUG] Adding ln_multiout2 for layer 0
[DEBUG] Adding ln2 for layer 0
[DEBUG] Adding multi_out3 for layer 0
[DEBUG] Adding SwiGLU gate projection for layer 0
[DEBUG] Adding SwiGLU up projection for layer 0
[DEBUG] Adding multiply (gating) for layer 0
[DEBUG] Adding SwiGLU down projection for layer 0
[DEBUG] Adding add2 (residual after SwiGLU FFN) for layer 0
[DEBUG] Creating transformer layer 1
[DEBUG] Adding ln_multiout1 for layer 1
[DEBUG] Adding ln1 for layer 1
[DEBUG] Adding multi_out1 (Q,K,V) for layer 1
[DEBUG] Adding multi_head_attention for layer 1
[DEBUG] Adding add1 (residual after attention) for layer 1
[DEBUG] Adding ln_multiout2 for layer 1
[DEBUG] Adding ln2 for layer 1
[DEBUG] Adding multi_out3 for layer 1
[DEBUG] Adding SwiGLU gate projection for layer 1
[DEBUG] Adding SwiGLU up projection for layer 1
[DEBUG] Adding multiply (gating) for layer 1
[DEBUG] Adding SwiGLU down projection for layer 1
[DEBUG] Adding add2 (residual after SwiGLU FFN) for layer 1
[DEBUG] Creating transformer layer 2
[DEBUG] Adding ln_multiout1 for layer 2
[DEBUG] Adding ln1 for layer 2
[DEBUG] Adding multi_out1 (Q,K,V) for layer 2
[DEBUG] Adding multi_head_attention for layer 2
[DEBUG] Adding add1 (residual after attention) for layer 2
[DEBUG] Adding ln_multiout2 for layer 2
[DEBUG] Adding ln2 for layer 2
[DEBUG] Adding multi_out3 for layer 2
[DEBUG] Adding SwiGLU gate projection for layer 2
[DEBUG] Adding SwiGLU up projection for layer 2
[DEBUG] Adding multiply (gating) for layer 2
[DEBUG] Adding SwiGLU down projection for layer 2
[DEBUG] Adding add2 (residual after SwiGLU FFN) for layer 2
[DEBUG] Creating transformer layer 3
[DEBUG] Adding ln_multiout1 for layer 3
[DEBUG] Adding ln1 for layer 3
[DEBUG] Adding multi_out1 (Q,K,V) for layer 3
[DEBUG] Adding multi_head_attention for layer 3
[DEBUG] Adding add1 (residual after attention) for layer 3
[DEBUG] Adding ln_multiout2 for layer 3
[DEBUG] Adding ln2 for layer 3
[DEBUG] Adding multi_out3 for layer 3
[DEBUG] Adding SwiGLU gate projection for layer 3
[DEBUG] Adding SwiGLU up projection for layer 3
[DEBUG] Adding multiply (gating) for layer 3
[DEBUG] Adding SwiGLU down projection for layer 3
[DEBUG] Adding add2 (residual after SwiGLU FFN) for layer 3
[DEBUG] Adding final layer normalization...
[DEBUG] Final layer normalization added successfully
[DEBUG] Skipping pooling2d layer for debugging...
[DEBUG] Adding simple output projection...
[DEBUG] Output projection added successfully

[INFO] Gradient checkpointing is DISABLED
[DEBUG] Model creation completed successfully!
[DEBUG] Model created successfully!
[TIMING] Model Creation took: 9 ms
[MEMORY] After Model Creation - Peak: 4275 MB, Current: 4275 MB, RSS: 15 MB
[DEBUG] Setting model properties...
[DEBUG] Model properties set successfully
[DEBUG] Creating optimizer...
[DEBUG] Optimizer set successfully
[TIMING] Model Configuration took: 0 ms
[DEBUG] Compiling model...
[DEBUG] Model compiled with status: 0
[TIMING] Model Compilation took: 3 ms
[MEMORY] After Compilation - Peak: 4275 MB, Current: 4275 MB, RSS: 15 MB
[DEBUG] Initializing model...
[DEBUG] Model initialized with status: 0
[TIMING] Model Initialization took: 32 ms
[MEMORY] After Initialization - Peak: 4288 MB, Current: 4288 MB, RSS: 27 MB
[DEBUG] Creating fixed data generator...
[DEBUG] Data shapes - Input: [4, 1, 256, 1]
[DEBUG] Data shapes - Label: [4, 1, 256, 1]
[DEBUG] Using FixedDataGenerator for reproducibility...
[DEBUG] FixedDataGenerator created with 32 batches
[DEBUG] Input sample [0..2]: 0.5, 0.549917, 0.599335
[DEBUG] Label sample [0..2]: 0.549917, 0.599335, 0.64776
[DEBUG] Data generator created successfully
[DEBUG] Setting dataset...
[DEBUG] Dataset set successfully
[TIMING] Data Setup took: 0 ms
[DEBUG] Starting training...
[INFO] Iteration stats are printed from neuralnet.cpp (once per batch)
#1/3 [          0           ]  ( Training Loss: 0.14104 )
 [ITER] #1 - Total: 6615846 μs, Forward: 343632 μs, Backward: 6272213 μs, Memory: 126 MB
#1/3 [          1           ]  ( Training Loss: 7.06636 )
 [ITER] #2 - Total: 6494349 μs, Forward: 240090 μs, Backward: 6254258 μs, Memory: 128 MB
#1/3 [          2           ]  ( Training Loss: 0.857246 )
 [ITER] #3 - Total: 6486513 μs, Forward: 252602 μs, Backward: 6233911 μs, Memory: 128 MB
#1/3 [          3           ]  ( Training Loss: 0.574223 )
 [ITER] #4 - Total: 6614886 μs, Forward: 247562 μs, Backward: 6367323 μs, Memory: 128 MB
#1/3 [          4           ]  ( Training Loss: 2.0838 )
 [ITER] #5 - Total: 6523127 μs, Forward: 267152 μs, Backward: 6255974 μs, Memory: 128 MB
#1/3 [          5           ]  ( Training Loss: 1.81541 )
 [ITER] #6 - Total: 6509676 μs, Forward: 259306 μs, Backward: 6250369 μs, Memory: 128 MB
#1/3 [          6           ]  ( Training Loss: 0.846084 )
 [ITER] #7 - Total: 6512225 μs, Forward: 251890 μs, Backward: 6260334 μs, Memory: 128 MB
#1/3 [          7           ]  ( Training Loss: 0.159156 )
 [ITER] #8 - Total: 6494895 μs, Forward: 252485 μs, Backward: 6242409 μs, Memory: 128 MB
#1/3 - Training Loss: 1.69291
#2/3 [          0           ]  ( Training Loss: 0.00748359 )
 [ITER] #9 - Total: 6491732 μs, Forward: 239624 μs, Backward: 6252107 μs, Memory: 128 MB
#2/3 [          1           ]  ( Training Loss: 0.2143 )
 [ITER] #10 - Total: 6522549 μs, Forward: 241616 μs, Backward: 6280932 μs, Memory: 128 MB
#2/3 [          2           ]  ( Training Loss: 0.481118 )
 [ITER] #11 - Total: 6494067 μs, Forward: 247074 μs, Backward: 6246992 μs, Memory: 128 MB
#2/3 [          3           ]  ( Training Loss: 0.60547 )
 [ITER] #12 - Total: 6492993 μs, Forward: 252936 μs, Backward: 6240057 μs, Memory: 128 MB
#2/3 [          4           ]  ( Training Loss: 0.548027 )
 [ITER] #13 - Total: 6504350 μs, Forward: 253321 μs, Backward: 6251029 μs, Memory: 128 MB
#2/3 [          5           ]  ( Training Loss: 0.375138 )
 [ITER] #14 - Total: 6490109 μs, Forward: 252071 μs, Backward: 6238038 μs, Memory: 128 MB
#2/3 [          6           ]  ( Training Loss: 0.182707 )
 [ITER] #15 - Total: 6571331 μs, Forward: 289076 μs, Backward: 6282254 μs, Memory: 128 MB
#2/3 [          7           ]  ( Training Loss: 0.0464708 )
 [ITER] #16 - Total: 6512522 μs, Forward: 260695 μs, Backward: 6251827 μs, Memory: 128 MB
#2/3 - Training Loss: 0.307589
#3/3 [          0           ]  ( Training Loss: 1.63267e-05 )
 [ITER] #17 - Total: 6499733 μs, Forward: 260057 μs, Backward: 6239675 μs, Memory: 128 MB
#3/3 [          1           ]  ( Training Loss: 0.033841 )
 [ITER] #18 - Total: 6509742 μs, Forward: 248917 μs, Backward: 6260824 μs, Memory: 128 MB
#3/3 [          2           ]  ( Training Loss: 0.109178 )
 [ITER] #19 - Total: 6510926 μs, Forward: 262753 μs, Backward: 6248172 μs, Memory: 128 MB
#3/3 [          3           ]  ( Training Loss: 0.179864 )
 [ITER] #20 - Total: 6505433 μs, Forward: 256778 μs, Backward: 6248654 μs, Memory: 128 MB
#3/3 [          4           ]  ( Training Loss: 0.212887 )
 [ITER] #21 - Total: 6494292 μs, Forward: 245445 μs, Backward: 6248846 μs, Memory: 128 MB
#3/3 [          5           ]  ( Training Loss: 0.198601 )
 [ITER] #22 - Total: 6937664 μs, Forward: 250021 μs, Backward: 6687642 μs, Memory: 128 MB
#3/3 [          6           ]  ( Training Loss: 0.148473 )
 [ITER] #23 - Total: 6507762 μs, Forward: 252824 μs, Backward: 6254938 μs, Memory: 128 MB
#3/3 [          7           ]  ( Training Loss: 0.0853041 )
 [ITER] #24 - Total: 6534292 μs, Forward: 263495 μs, Backward: 6270796 μs, Memory: 128 MB
#3/3 - Training Loss: 0.121021
[DEBUG] Training completed successfully
[TIMING] Training took: 156910 ms
[MEMORY] After Training - Peak: 4653 MB, Current: 4489 MB, RSS: 32 MB
[INFO] Saving weights to swiglu_weights.bin

=== PERFORMANCE SUMMARY ===
Model Configuration:
  - Sequence Length: 256
  - Vocab Size: 1000
  - Model Dimension: 128
  - Number of Heads: 4
  - Number of Layers: 4
  - FFN Dimension: 512
  - Batch Size: 4
  - Epochs: 3

Approximate Model Parameters (SwiGLU FFN):
  - Embedding: 32768
  - Attention: 262144
  - SwiGLU FFN: 786432 (3 projections: gate+up+down)
  - Total: 1081344 (~4 MB)

=== STDERR ===
