Command: nntrainer/build/Applications/GC_Test/jni/swiglu_gc_test --seq_len 64 --model_dim 128 --num_heads 4 --ffn_dim 512 --epochs 3 --learning_rate 0.0001 --num_layers 32 --batch_size 4 --enable-checkpoint
Timestamp: 20251215_074431
Return code: 0

=== STDOUT ===
[CONFIG] Parsed arguments:
  seq_len=64, vocab_size=1000, model_dim=128
  num_heads=4, num_layers=32, ffn_dim=512
  batch_size=4, epochs=3, learning_rate=0.0001
[DEBUG] Starting main function...
[MEMORY] Program Start - Peak: 4274 MB, Current: 4274 MB, RSS: 12 MB
[DEBUG] Creating model...
[DEBUG] Starting model creation...
[DEBUG] Model created successfully
[DEBUG] Adding input layer...
[DEBUG] Input layer added successfully
[DEBUG] Adding simple embedding layer...
[DEBUG] Embedding layer (FC) added successfully
[DEBUG] Creating transformer layer 0
[DEBUG] Adding ln_multiout1 for layer 0
[DEBUG] Adding ln1 for layer 0
[DEBUG] Adding multi_out1 (Q,K,V) for layer 0
[DEBUG] Adding multi_head_attention for layer 0
[DEBUG] Adding add1 (residual after attention) for layer 0
[DEBUG] Adding ln_multiout2 for layer 0
[DEBUG] Adding ln2 for layer 0
[DEBUG] Adding multi_out3 for layer 0
[DEBUG] Adding SwiGLU gate projection for layer 0
[DEBUG] Adding SwiGLU up projection for layer 0
[DEBUG] Adding multiply (gating) for layer 0
[DEBUG] Adding SwiGLU down projection for layer 0
[DEBUG] Adding add2 (residual after SwiGLU FFN) for layer 0
[DEBUG] Creating transformer layer 1
[DEBUG] Adding ln_multiout1 for layer 1
[DEBUG] Adding ln1 for layer 1
[DEBUG] Adding multi_out1 (Q,K,V) for layer 1
[DEBUG] Adding multi_head_attention for layer 1
[DEBUG] Adding add1 (residual after attention) for layer 1
[DEBUG] Adding ln_multiout2 for layer 1
[DEBUG] Adding ln2 for layer 1
[DEBUG] Adding multi_out3 for layer 1
[DEBUG] Adding SwiGLU gate projection for layer 1
[DEBUG] Adding SwiGLU up projection for layer 1
[DEBUG] Adding multiply (gating) for layer 1
[DEBUG] Adding SwiGLU down projection for layer 1
[DEBUG] Adding add2 (residual after SwiGLU FFN) for layer 1
[DEBUG] Creating transformer layer 2
[DEBUG] Adding ln_multiout1 for layer 2
[DEBUG] Adding ln1 for layer 2
[DEBUG] Adding multi_out1 (Q,K,V) for layer 2
[DEBUG] Adding multi_head_attention for layer 2
[DEBUG] Adding add1 (residual after attention) for layer 2
[DEBUG] Adding ln_multiout2 for layer 2
[DEBUG] Adding ln2 for layer 2
[DEBUG] Adding multi_out3 for layer 2
[DEBUG] Adding SwiGLU gate projection for layer 2
[DEBUG] Adding SwiGLU up projection for layer 2
[DEBUG] Adding multiply (gating) for layer 2
[DEBUG] Adding SwiGLU down projection for layer 2
[DEBUG] Adding add2 (residual after SwiGLU FFN) for layer 2
[DEBUG] Creating transformer layer 3
[DEBUG] Adding ln_multiout1 for layer 3
[DEBUG] Adding ln1 for layer 3
[DEBUG] Adding multi_out1 (Q,K,V) for layer 3
[DEBUG] Adding multi_head_attention for layer 3
[DEBUG] Adding add1 (residual after attention) for layer 3
[DEBUG] Adding ln_multiout2 for layer 3
[DEBUG] Adding ln2 for layer 3
[DEBUG] Adding multi_out3 for layer 3
[DEBUG] Adding SwiGLU gate projection for layer 3
[DEBUG] Adding SwiGLU up projection for layer 3
[DEBUG] Adding multiply (gating) for layer 3
[DEBUG] Adding SwiGLU down projection for layer 3
[DEBUG] Adding add2 (residual after SwiGLU FFN) for layer 3
[DEBUG] Creating transformer layer 4
[DEBUG] Adding ln_multiout1 for layer 4
[DEBUG] Adding ln1 for layer 4
[DEBUG] Adding multi_out1 (Q,K,V) for layer 4
[DEBUG] Adding multi_head_attention for layer 4
[DEBUG] Adding add1 (residual after attention) for layer 4
[DEBUG] Adding ln_multiout2 for layer 4
[DEBUG] Adding ln2 for layer 4
[DEBUG] Adding multi_out3 for layer 4
[DEBUG] Adding SwiGLU gate projection for layer 4
[DEBUG] Adding SwiGLU up projection for layer 4
[DEBUG] Adding multiply (gating) for layer 4
[DEBUG] Adding SwiGLU down projection for layer 4
[DEBUG] Adding add2 (residual after SwiGLU FFN) for layer 4
[DEBUG] Creating transformer layer 5
[DEBUG] Adding ln_multiout1 for layer 5
[DEBUG] Adding ln1 for layer 5
[DEBUG] Adding multi_out1 (Q,K,V) for layer 5
[DEBUG] Adding multi_head_attention for layer 5
[DEBUG] Adding add1 (residual after attention) for layer 5
[DEBUG] Adding ln_multiout2 for layer 5
[DEBUG] Adding ln2 for layer 5
[DEBUG] Adding multi_out3 for layer 5
[DEBUG] Adding SwiGLU gate projection for layer 5
[DEBUG] Adding SwiGLU up projection for layer 5
[DEBUG] Adding multiply (gating) for layer 5
[DEBUG] Adding SwiGLU down projection for layer 5
[DEBUG] Adding add2 (residual after SwiGLU FFN) for layer 5
[DEBUG] Creating transformer layer 6
[DEBUG] Adding ln_multiout1 for layer 6
[DEBUG] Adding ln1 for layer 6
[DEBUG] Adding multi_out1 (Q,K,V) for layer 6
[DEBUG] Adding multi_head_attention for layer 6
[DEBUG] Adding add1 (residual after attention) for layer 6
[DEBUG] Adding ln_multiout2 for layer 6
[DEBUG] Adding ln2 for layer 6
[DEBUG] Adding multi_out3 for layer 6
[DEBUG] Adding SwiGLU gate projection for layer 6
[DEBUG] Adding SwiGLU up projection for layer 6
[DEBUG] Adding multiply (gating) for layer 6
[DEBUG] Adding SwiGLU down projection for layer 6
[DEBUG] Adding add2 (residual after SwiGLU FFN) for layer 6
[DEBUG] Creating transformer layer 7
[DEBUG] Adding ln_multiout1 for layer 7
[DEBUG] Adding ln1 for layer 7
[DEBUG] Adding multi_out1 (Q,K,V) for layer 7
[DEBUG] Adding multi_head_attention for layer 7
[DEBUG] Adding add1 (residual after attention) for layer 7
[DEBUG] Adding ln_multiout2 for layer 7
[DEBUG] Adding ln2 for layer 7
[DEBUG] Adding multi_out3 for layer 7
[DEBUG] Adding SwiGLU gate projection for layer 7
[DEBUG] Adding SwiGLU up projection for layer 7
[DEBUG] Adding multiply (gating) for layer 7
[DEBUG] Adding SwiGLU down projection for layer 7
[DEBUG] Adding add2 (residual after SwiGLU FFN) for layer 7
[DEBUG] Creating transformer layer 8
[DEBUG] Adding ln_multiout1 for layer 8
[DEBUG] Adding ln1 for layer 8
[DEBUG] Adding multi_out1 (Q,K,V) for layer 8
[DEBUG] Adding multi_head_attention for layer 8
[DEBUG] Adding add1 (residual after attention) for layer 8
[DEBUG] Adding ln_multiout2 for layer 8
[DEBUG] Adding ln2 for layer 8
[DEBUG] Adding multi_out3 for layer 8
[DEBUG] Adding SwiGLU gate projection for layer 8
[DEBUG] Adding SwiGLU up projection for layer 8
[DEBUG] Adding multiply (gating) for layer 8
[DEBUG] Adding SwiGLU down projection for layer 8
[DEBUG] Adding add2 (residual after SwiGLU FFN) for layer 8
[DEBUG] Creating transformer layer 9
[DEBUG] Adding ln_multiout1 for layer 9
[DEBUG] Adding ln1 for layer 9
[DEBUG] Adding multi_out1 (Q,K,V) for layer 9
[DEBUG] Adding multi_head_attention for layer 9
[DEBUG] Adding add1 (residual after attention) for layer 9
[DEBUG] Adding ln_multiout2 for layer 9
[DEBUG] Adding ln2 for layer 9
[DEBUG] Adding multi_out3 for layer 9
[DEBUG] Adding SwiGLU gate projection for layer 9
[DEBUG] Adding SwiGLU up projection for layer 9
[DEBUG] Adding multiply (gating) for layer 9
[DEBUG] Adding SwiGLU down projection for layer 9
[DEBUG] Adding add2 (residual after SwiGLU FFN) for layer 9
[DEBUG] Creating transformer layer 10
[DEBUG] Adding ln_multiout1 for layer 10
[DEBUG] Adding ln1 for layer 10
[DEBUG] Adding multi_out1 (Q,K,V) for layer 10
[DEBUG] Adding multi_head_attention for layer 10
[DEBUG] Adding add1 (residual after attention) for layer 10
[DEBUG] Adding ln_multiout2 for layer 10
[DEBUG] Adding ln2 for layer 10
[DEBUG] Adding multi_out3 for layer 10
[DEBUG] Adding SwiGLU gate projection for layer 10
[DEBUG] Adding SwiGLU up projection for layer 10
[DEBUG] Adding multiply (gating) for layer 10
[DEBUG] Adding SwiGLU down projection for layer 10
[DEBUG] Adding add2 (residual after SwiGLU FFN) for layer 10
[DEBUG] Creating transformer layer 11
[DEBUG] Adding ln_multiout1 for layer 11
[DEBUG] Adding ln1 for layer 11
[DEBUG] Adding multi_out1 (Q,K,V) for layer 11
[DEBUG] Adding multi_head_attention for layer 11
[DEBUG] Adding add1 (residual after attention) for layer 11
[DEBUG] Adding ln_multiout2 for layer 11
[DEBUG] Adding ln2 for layer 11
[DEBUG] Adding multi_out3 for layer 11
[DEBUG] Adding SwiGLU gate projection for layer 11
[DEBUG] Adding SwiGLU up projection for layer 11
[DEBUG] Adding multiply (gating) for layer 11
[DEBUG] Adding SwiGLU down projection for layer 11
[DEBUG] Adding add2 (residual after SwiGLU FFN) for layer 11
[DEBUG] Creating transformer layer 12
[DEBUG] Adding ln_multiout1 for layer 12
[DEBUG] Adding ln1 for layer 12
[DEBUG] Adding multi_out1 (Q,K,V) for layer 12
[DEBUG] Adding multi_head_attention for layer 12
[DEBUG] Adding add1 (residual after attention) for layer 12
[DEBUG] Adding ln_multiout2 for layer 12
[DEBUG] Adding ln2 for layer 12
[DEBUG] Adding multi_out3 for layer 12
[DEBUG] Adding SwiGLU gate projection for layer 12
[DEBUG] Adding SwiGLU up projection for layer 12
[DEBUG] Adding multiply (gating) for layer 12
[DEBUG] Adding SwiGLU down projection for layer 12
[DEBUG] Adding add2 (residual after SwiGLU FFN) for layer 12
[DEBUG] Creating transformer layer 13
[DEBUG] Adding ln_multiout1 for layer 13
[DEBUG] Adding ln1 for layer 13
[DEBUG] Adding multi_out1 (Q,K,V) for layer 13
[DEBUG] Adding multi_head_attention for layer 13
[DEBUG] Adding add1 (residual after attention) for layer 13
[DEBUG] Adding ln_multiout2 for layer 13
[DEBUG] Adding ln2 for layer 13
[DEBUG] Adding multi_out3 for layer 13
[DEBUG] Adding SwiGLU gate projection for layer 13
[DEBUG] Adding SwiGLU up projection for layer 13
[DEBUG] Adding multiply (gating) for layer 13
[DEBUG] Adding SwiGLU down projection for layer 13
[DEBUG] Adding add2 (residual after SwiGLU FFN) for layer 13
[DEBUG] Creating transformer layer 14
[DEBUG] Adding ln_multiout1 for layer 14
[DEBUG] Adding ln1 for layer 14
[DEBUG] Adding multi_out1 (Q,K,V) for layer 14
[DEBUG] Adding multi_head_attention for layer 14
[DEBUG] Adding add1 (residual after attention) for layer 14
[DEBUG] Adding ln_multiout2 for layer 14
[DEBUG] Adding ln2 for layer 14
[DEBUG] Adding multi_out3 for layer 14
[DEBUG] Adding SwiGLU gate projection for layer 14
[DEBUG] Adding SwiGLU up projection for layer 14
[DEBUG] Adding multiply (gating) for layer 14
[DEBUG] Adding SwiGLU down projection for layer 14
[DEBUG] Adding add2 (residual after SwiGLU FFN) for layer 14
[DEBUG] Creating transformer layer 15
[DEBUG] Adding ln_multiout1 for layer 15
[DEBUG] Adding ln1 for layer 15
[DEBUG] Adding multi_out1 (Q,K,V) for layer 15
[DEBUG] Adding multi_head_attention for layer 15
[DEBUG] Adding add1 (residual after attention) for layer 15
[DEBUG] Adding ln_multiout2 for layer 15
[DEBUG] Adding ln2 for layer 15
[DEBUG] Adding multi_out3 for layer 15
[DEBUG] Adding SwiGLU gate projection for layer 15
[DEBUG] Adding SwiGLU up projection for layer 15
[DEBUG] Adding multiply (gating) for layer 15
[DEBUG] Adding SwiGLU down projection for layer 15
[DEBUG] Adding add2 (residual after SwiGLU FFN) for layer 15
[DEBUG] Creating transformer layer 16
[DEBUG] Adding ln_multiout1 for layer 16
[DEBUG] Adding ln1 for layer 16
[DEBUG] Adding multi_out1 (Q,K,V) for layer 16
[DEBUG] Adding multi_head_attention for layer 16
[DEBUG] Adding add1 (residual after attention) for layer 16
[DEBUG] Adding ln_multiout2 for layer 16
[DEBUG] Adding ln2 for layer 16
[DEBUG] Adding multi_out3 for layer 16
[DEBUG] Adding SwiGLU gate projection for layer 16
[DEBUG] Adding SwiGLU up projection for layer 16
[DEBUG] Adding multiply (gating) for layer 16
[DEBUG] Adding SwiGLU down projection for layer 16
[DEBUG] Adding add2 (residual after SwiGLU FFN) for layer 16
[DEBUG] Creating transformer layer 17
[DEBUG] Adding ln_multiout1 for layer 17
[DEBUG] Adding ln1 for layer 17
[DEBUG] Adding multi_out1 (Q,K,V) for layer 17
[DEBUG] Adding multi_head_attention for layer 17
[DEBUG] Adding add1 (residual after attention) for layer 17
[DEBUG] Adding ln_multiout2 for layer 17
[DEBUG] Adding ln2 for layer 17
[DEBUG] Adding multi_out3 for layer 17
[DEBUG] Adding SwiGLU gate projection for layer 17
[DEBUG] Adding SwiGLU up projection for layer 17
[DEBUG] Adding multiply (gating) for layer 17
[DEBUG] Adding SwiGLU down projection for layer 17
[DEBUG] Adding add2 (residual after SwiGLU FFN) for layer 17
[DEBUG] Creating transformer layer 18
[DEBUG] Adding ln_multiout1 for layer 18
[DEBUG] Adding ln1 for layer 18
[DEBUG] Adding multi_out1 (Q,K,V) for layer 18
[DEBUG] Adding multi_head_attention for layer 18
[DEBUG] Adding add1 (residual after attention) for layer 18
[DEBUG] Adding ln_multiout2 for layer 18
[DEBUG] Adding ln2 for layer 18
[DEBUG] Adding multi_out3 for layer 18
[DEBUG] Adding SwiGLU gate projection for layer 18
[DEBUG] Adding SwiGLU up projection for layer 18
[DEBUG] Adding multiply (gating) for layer 18
[DEBUG] Adding SwiGLU down projection for layer 18
[DEBUG] Adding add2 (residual after SwiGLU FFN) for layer 18
[DEBUG] Creating transformer layer 19
[DEBUG] Adding ln_multiout1 for layer 19
[DEBUG] Adding ln1 for layer 19
[DEBUG] Adding multi_out1 (Q,K,V) for layer 19
[DEBUG] Adding multi_head_attention for layer 19
[DEBUG] Adding add1 (residual after attention) for layer 19
[DEBUG] Adding ln_multiout2 for layer 19
[DEBUG] Adding ln2 for layer 19
[DEBUG] Adding multi_out3 for layer 19
[DEBUG] Adding SwiGLU gate projection for layer 19
[DEBUG] Adding SwiGLU up projection for layer 19
[DEBUG] Adding multiply (gating) for layer 19
[DEBUG] Adding SwiGLU down projection for layer 19
[DEBUG] Adding add2 (residual after SwiGLU FFN) for layer 19
[DEBUG] Creating transformer layer 20
[DEBUG] Adding ln_multiout1 for layer 20
[DEBUG] Adding ln1 for layer 20
[DEBUG] Adding multi_out1 (Q,K,V) for layer 20
[DEBUG] Adding multi_head_attention for layer 20
[DEBUG] Adding add1 (residual after attention) for layer 20
[DEBUG] Adding ln_multiout2 for layer 20
[DEBUG] Adding ln2 for layer 20
[DEBUG] Adding multi_out3 for layer 20
[DEBUG] Adding SwiGLU gate projection for layer 20
[DEBUG] Adding SwiGLU up projection for layer 20
[DEBUG] Adding multiply (gating) for layer 20
[DEBUG] Adding SwiGLU down projection for layer 20
[DEBUG] Adding add2 (residual after SwiGLU FFN) for layer 20
[DEBUG] Creating transformer layer 21
[DEBUG] Adding ln_multiout1 for layer 21
[DEBUG] Adding ln1 for layer 21
[DEBUG] Adding multi_out1 (Q,K,V) for layer 21
[DEBUG] Adding multi_head_attention for layer 21
[DEBUG] Adding add1 (residual after attention) for layer 21
[DEBUG] Adding ln_multiout2 for layer 21
[DEBUG] Adding ln2 for layer 21
[DEBUG] Adding multi_out3 for layer 21
[DEBUG] Adding SwiGLU gate projection for layer 21
[DEBUG] Adding SwiGLU up projection for layer 21
[DEBUG] Adding multiply (gating) for layer 21
[DEBUG] Adding SwiGLU down projection for layer 21
[DEBUG] Adding add2 (residual after SwiGLU FFN) for layer 21
[DEBUG] Creating transformer layer 22
[DEBUG] Adding ln_multiout1 for layer 22
[DEBUG] Adding ln1 for layer 22
[DEBUG] Adding multi_out1 (Q,K,V) for layer 22
[DEBUG] Adding multi_head_attention for layer 22
[DEBUG] Adding add1 (residual after attention) for layer 22
[DEBUG] Adding ln_multiout2 for layer 22
[DEBUG] Adding ln2 for layer 22
[DEBUG] Adding multi_out3 for layer 22
[DEBUG] Adding SwiGLU gate projection for layer 22
[DEBUG] Adding SwiGLU up projection for layer 22
[DEBUG] Adding multiply (gating) for layer 22
[DEBUG] Adding SwiGLU down projection for layer 22
[DEBUG] Adding add2 (residual after SwiGLU FFN) for layer 22
[DEBUG] Creating transformer layer 23
[DEBUG] Adding ln_multiout1 for layer 23
[DEBUG] Adding ln1 for layer 23
[DEBUG] Adding multi_out1 (Q,K,V) for layer 23
[DEBUG] Adding multi_head_attention for layer 23
[DEBUG] Adding add1 (residual after attention) for layer 23
[DEBUG] Adding ln_multiout2 for layer 23
[DEBUG] Adding ln2 for layer 23
[DEBUG] Adding multi_out3 for layer 23
[DEBUG] Adding SwiGLU gate projection for layer 23
[DEBUG] Adding SwiGLU up projection for layer 23
[DEBUG] Adding multiply (gating) for layer 23
[DEBUG] Adding SwiGLU down projection for layer 23
[DEBUG] Adding add2 (residual after SwiGLU FFN) for layer 23
[DEBUG] Creating transformer layer 24
[DEBUG] Adding ln_multiout1 for layer 24
[DEBUG] Adding ln1 for layer 24
[DEBUG] Adding multi_out1 (Q,K,V) for layer 24
[DEBUG] Adding multi_head_attention for layer 24
[DEBUG] Adding add1 (residual after attention) for layer 24
[DEBUG] Adding ln_multiout2 for layer 24
[DEBUG] Adding ln2 for layer 24
[DEBUG] Adding multi_out3 for layer 24
[DEBUG] Adding SwiGLU gate projection for layer 24
[DEBUG] Adding SwiGLU up projection for layer 24
[DEBUG] Adding multiply (gating) for layer 24
[DEBUG] Adding SwiGLU down projection for layer 24
[DEBUG] Adding add2 (residual after SwiGLU FFN) for layer 24
[DEBUG] Creating transformer layer 25
[DEBUG] Adding ln_multiout1 for layer 25
[DEBUG] Adding ln1 for layer 25
[DEBUG] Adding multi_out1 (Q,K,V) for layer 25
[DEBUG] Adding multi_head_attention for layer 25
[DEBUG] Adding add1 (residual after attention) for layer 25
[DEBUG] Adding ln_multiout2 for layer 25
[DEBUG] Adding ln2 for layer 25
[DEBUG] Adding multi_out3 for layer 25
[DEBUG] Adding SwiGLU gate projection for layer 25
[DEBUG] Adding SwiGLU up projection for layer 25
[DEBUG] Adding multiply (gating) for layer 25
[DEBUG] Adding SwiGLU down projection for layer 25
[DEBUG] Adding add2 (residual after SwiGLU FFN) for layer 25
[DEBUG] Creating transformer layer 26
[DEBUG] Adding ln_multiout1 for layer 26
[DEBUG] Adding ln1 for layer 26
[DEBUG] Adding multi_out1 (Q,K,V) for layer 26
[DEBUG] Adding multi_head_attention for layer 26
[DEBUG] Adding add1 (residual after attention) for layer 26
[DEBUG] Adding ln_multiout2 for layer 26
[DEBUG] Adding ln2 for layer 26
[DEBUG] Adding multi_out3 for layer 26
[DEBUG] Adding SwiGLU gate projection for layer 26
[DEBUG] Adding SwiGLU up projection for layer 26
[DEBUG] Adding multiply (gating) for layer 26
[DEBUG] Adding SwiGLU down projection for layer 26
[DEBUG] Adding add2 (residual after SwiGLU FFN) for layer 26
[DEBUG] Creating transformer layer 27
[DEBUG] Adding ln_multiout1 for layer 27
[DEBUG] Adding ln1 for layer 27
[DEBUG] Adding multi_out1 (Q,K,V) for layer 27
[DEBUG] Adding multi_head_attention for layer 27
[DEBUG] Adding add1 (residual after attention) for layer 27
[DEBUG] Adding ln_multiout2 for layer 27
[DEBUG] Adding ln2 for layer 27
[DEBUG] Adding multi_out3 for layer 27
[DEBUG] Adding SwiGLU gate projection for layer 27
[DEBUG] Adding SwiGLU up projection for layer 27
[DEBUG] Adding multiply (gating) for layer 27
[DEBUG] Adding SwiGLU down projection for layer 27
[DEBUG] Adding add2 (residual after SwiGLU FFN) for layer 27
[DEBUG] Creating transformer layer 28
[DEBUG] Adding ln_multiout1 for layer 28
[DEBUG] Adding ln1 for layer 28
[DEBUG] Adding multi_out1 (Q,K,V) for layer 28
[DEBUG] Adding multi_head_attention for layer 28
[DEBUG] Adding add1 (residual after attention) for layer 28
[DEBUG] Adding ln_multiout2 for layer 28
[DEBUG] Adding ln2 for layer 28
[DEBUG] Adding multi_out3 for layer 28
[DEBUG] Adding SwiGLU gate projection for layer 28
[DEBUG] Adding SwiGLU up projection for layer 28
[DEBUG] Adding multiply (gating) for layer 28
[DEBUG] Adding SwiGLU down projection for layer 28
[DEBUG] Adding add2 (residual after SwiGLU FFN) for layer 28
[DEBUG] Creating transformer layer 29
[DEBUG] Adding ln_multiout1 for layer 29
[DEBUG] Adding ln1 for layer 29
[DEBUG] Adding multi_out1 (Q,K,V) for layer 29
[DEBUG] Adding multi_head_attention for layer 29
[DEBUG] Adding add1 (residual after attention) for layer 29
[DEBUG] Adding ln_multiout2 for layer 29
[DEBUG] Adding ln2 for layer 29
[DEBUG] Adding multi_out3 for layer 29
[DEBUG] Adding SwiGLU gate projection for layer 29
[DEBUG] Adding SwiGLU up projection for layer 29
[DEBUG] Adding multiply (gating) for layer 29
[DEBUG] Adding SwiGLU down projection for layer 29
[DEBUG] Adding add2 (residual after SwiGLU FFN) for layer 29
[DEBUG] Creating transformer layer 30
[DEBUG] Adding ln_multiout1 for layer 30
[DEBUG] Adding ln1 for layer 30
[DEBUG] Adding multi_out1 (Q,K,V) for layer 30
[DEBUG] Adding multi_head_attention for layer 30
[DEBUG] Adding add1 (residual after attention) for layer 30
[DEBUG] Adding ln_multiout2 for layer 30
[DEBUG] Adding ln2 for layer 30
[DEBUG] Adding multi_out3 for layer 30
[DEBUG] Adding SwiGLU gate projection for layer 30
[DEBUG] Adding SwiGLU up projection for layer 30
[DEBUG] Adding multiply (gating) for layer 30
[DEBUG] Adding SwiGLU down projection for layer 30
[DEBUG] Adding add2 (residual after SwiGLU FFN) for layer 30
[DEBUG] Creating transformer layer 31
[DEBUG] Adding ln_multiout1 for layer 31
[DEBUG] Adding ln1 for layer 31
[DEBUG] Adding multi_out1 (Q,K,V) for layer 31
[DEBUG] Adding multi_head_attention for layer 31
[DEBUG] Adding add1 (residual after attention) for layer 31
[DEBUG] Adding ln_multiout2 for layer 31
[DEBUG] Adding ln2 for layer 31
[DEBUG] Adding multi_out3 for layer 31
[DEBUG] Adding SwiGLU gate projection for layer 31
[DEBUG] Adding SwiGLU up projection for layer 31
[DEBUG] Adding multiply (gating) for layer 31
[DEBUG] Adding SwiGLU down projection for layer 31
[DEBUG] Adding add2 (residual after SwiGLU FFN) for layer 31
[DEBUG] Adding final layer normalization...
[DEBUG] Final layer normalization added successfully
[DEBUG] Skipping pooling2d layer for debugging...
[DEBUG] Adding simple output projection...
[DEBUG] Output projection added successfully

[CHECKPOINT] Setting up gradient checkpointing for transformer blocks...
[CHECKPOINT] Added checkpoint block for transformer layer 0 (13 layers)
[CHECKPOINT] Added checkpoint block for transformer layer 1 (13 layers)
[CHECKPOINT] Added checkpoint block for transformer layer 2 (13 layers)
[CHECKPOINT] Added checkpoint block for transformer layer 3 (13 layers)
[CHECKPOINT] Added checkpoint block for transformer layer 4 (13 layers)
[CHECKPOINT] Added checkpoint block for transformer layer 5 (13 layers)
[CHECKPOINT] Added checkpoint block for transformer layer 6 (13 layers)
[CHECKPOINT] Added checkpoint block for transformer layer 7 (13 layers)
[CHECKPOINT] Added checkpoint block for transformer layer 8 (13 layers)
[CHECKPOINT] Added checkpoint block for transformer layer 9 (13 layers)
[CHECKPOINT] Added checkpoint block for transformer layer 10 (13 layers)
[CHECKPOINT] Added checkpoint block for transformer layer 11 (13 layers)
[CHECKPOINT] Added checkpoint block for transformer layer 12 (13 layers)
[CHECKPOINT] Added checkpoint block for transformer layer 13 (13 layers)
[CHECKPOINT] Added checkpoint block for transformer layer 14 (13 layers)
[CHECKPOINT] Added checkpoint block for transformer layer 15 (13 layers)
[CHECKPOINT] Added checkpoint block for transformer layer 16 (13 layers)
[CHECKPOINT] Added checkpoint block for transformer layer 17 (13 layers)
[CHECKPOINT] Added checkpoint block for transformer layer 18 (13 layers)
[CHECKPOINT] Added checkpoint block for transformer layer 19 (13 layers)
[CHECKPOINT] Added checkpoint block for transformer layer 20 (13 layers)
[CHECKPOINT] Added checkpoint block for transformer layer 21 (13 layers)
[CHECKPOINT] Added checkpoint block for transformer layer 22 (13 layers)
[CHECKPOINT] Added checkpoint block for transformer layer 23 (13 layers)
[CHECKPOINT] Added checkpoint block for transformer layer 24 (13 layers)
[CHECKPOINT] Added checkpoint block for transformer layer 25 (13 layers)
[CHECKPOINT] Added checkpoint block for transformer layer 26 (13 layers)
[CHECKPOINT] Added checkpoint block for transformer layer 27 (13 layers)
[CHECKPOINT] Added checkpoint block for transformer layer 28 (13 layers)
[CHECKPOINT] Added checkpoint block for transformer layer 29 (13 layers)
[CHECKPOINT] Added checkpoint block for transformer layer 30 (13 layers)
[CHECKPOINT] Added checkpoint block for transformer layer 31 (13 layers)
[CHECKPOINT] Gradient checkpointing setup complete!
[CHECKPOINT] Total checkpoint blocks: 32
[CHECKPOINT] Expected memory savings: ~96%
[DEBUG] Model creation completed successfully!
[DEBUG] Model created successfully!
[TIMING] Model Creation took: 43 ms
[MEMORY] After Model Creation - Peak: 4275 MB, Current: 4275 MB, RSS: 15 MB
[DEBUG] Setting model properties...
[DEBUG] Model properties set successfully
[DEBUG] Creating optimizer...
[DEBUG] Optimizer set successfully
[TIMING] Model Configuration took: 0 ms
[DEBUG] Compiling model...
[DEBUG] Model compiled with status: 0
[TIMING] Model Compilation took: 44 ms
[MEMORY] After Compilation - Peak: 4276 MB, Current: 4276 MB, RSS: 15 MB
[DEBUG] Initializing model...
[DEBUG] Model initialized with status: 0
[TIMING] Model Initialization took: 153 ms
[MEMORY] After Initialization - Peak: 4378 MB, Current: 4378 MB, RSS: 118 MB
[DEBUG] Creating fixed data generator...
[DEBUG] Data shapes - Input: [4, 1, 64, 1]
[DEBUG] Data shapes - Label: [4, 1, 64, 1]
[DEBUG] Using FixedDataGenerator for reproducibility...
[DEBUG] FixedDataGenerator created with 32 batches
[DEBUG] Input sample [0..2]: 0.5, 0.549917, 0.599335
[DEBUG] Label sample [0..2]: 0.549917, 0.599335, 0.64776
[DEBUG] Data generator created successfully
[DEBUG] Setting dataset...
[DEBUG] Dataset set successfully
[TIMING] Data Setup took: 0 ms
[DEBUG] Starting training...
[INFO] Iteration stats are printed from neuralnet.cpp (once per batch)
#1/3 [          0           ]  ( Training Loss: 5.20197 )
 [ITER] #1 - Total: 2914396 μs, Forward: 381754 μs, Backward: 2532641 μs, Memory: 178 MB
#1/3 [          1           ]  ( Training Loss: 8.62461 )
 [ITER] #2 - Total: 2940072 μs, Forward: 362655 μs, Backward: 2577416 μs, Memory: 178 MB
#1/3 [          2           ]  ( Training Loss: 2.14493 )
 [ITER] #3 - Total: 2917522 μs, Forward: 319303 μs, Backward: 2598218 μs, Memory: 178 MB
#1/3 [          3           ]  ( Training Loss: 0.000321273 )
 [ITER] #4 - Total: 2922216 μs, Forward: 352634 μs, Backward: 2569581 μs, Memory: 178 MB
#1/3 [          4           ]  ( Training Loss: 0.839711 )
 [ITER] #5 - Total: 2947911 μs, Forward: 402018 μs, Backward: 2545892 μs, Memory: 178 MB
#1/3 [          5           ]  ( Training Loss: 1.42755 )
 [ITER] #6 - Total: 2923142 μs, Forward: 341245 μs, Backward: 2581896 μs, Memory: 178 MB
#1/3 [          6           ]  ( Training Loss: 1.06899 )
 [ITER] #7 - Total: 2995348 μs, Forward: 327617 μs, Backward: 2667730 μs, Memory: 178 MB
#1/3 [          7           ]  ( Training Loss: 0.426547 )
 [ITER] #8 - Total: 2925044 μs, Forward: 331760 μs, Backward: 2593284 μs, Memory: 178 MB
#1/3 - Training Loss: 2.46683
#2/3 [          0           ]  ( Training Loss: 0.0408248 )
 [ITER] #9 - Total: 3084011 μs, Forward: 354523 μs, Backward: 2729487 μs, Memory: 178 MB
#2/3 [          1           ]  ( Training Loss: 0.0461982 )
 [ITER] #10 - Total: 2939367 μs, Forward: 329507 μs, Backward: 2609860 μs, Memory: 178 MB
#2/3 [          2           ]  ( Training Loss: 0.276106 )
 [ITER] #11 - Total: 2941450 μs, Forward: 327675 μs, Backward: 2613774 μs, Memory: 178 MB
#2/3 [          3           ]  ( Training Loss: 0.47862 )
 [ITER] #12 - Total: 3029988 μs, Forward: 343244 μs, Backward: 2686744 μs, Memory: 178 MB
#2/3 [          4           ]  ( Training Loss: 0.510425 )
 [ITER] #13 - Total: 3129970 μs, Forward: 441228 μs, Backward: 2688741 μs, Memory: 178 MB
#2/3 [          5           ]  ( Training Loss: 0.384033 )
 [ITER] #14 - Total: 2900809 μs, Forward: 347214 μs, Backward: 2553595 μs, Memory: 178 MB
#2/3 [          6           ]  ( Training Loss: 0.197827 )
 [ITER] #15 - Total: 3063362 μs, Forward: 351184 μs, Backward: 2712178 μs, Memory: 178 MB
#2/3 [          7           ]  ( Training Loss: 0.0522379 )
 [ITER] #16 - Total: 2936067 μs, Forward: 327968 μs, Backward: 2608098 μs, Memory: 178 MB
#2/3 - Training Loss: 0.248284
#3/3 [          0           ]  ( Training Loss: 5.09667e-05 )
 [ITER] #17 - Total: 2930198 μs, Forward: 326058 μs, Backward: 2604139 μs, Memory: 178 MB
#3/3 [          1           ]  ( Training Loss: 0.0357286 )
 [ITER] #18 - Total: 2994595 μs, Forward: 412776 μs, Backward: 2581818 μs, Memory: 178 MB
#3/3 [          2           ]  ( Training Loss: 0.113844 )
 [ITER] #19 - Total: 3140686 μs, Forward: 342755 μs, Backward: 2797931 μs, Memory: 178 MB
#3/3 [          3           ]  ( Training Loss: 0.180643 )
 [ITER] #20 - Total: 3018761 μs, Forward: 337330 μs, Backward: 2681430 μs, Memory: 178 MB
#3/3 [          4           ]  ( Training Loss: 0.201228 )
 [ITER] #21 - Total: 2900335 μs, Forward: 348924 μs, Backward: 2551410 μs, Memory: 178 MB
#3/3 [          5           ]  ( Training Loss: 0.170793 )
 [ITER] #22 - Total: 2864943 μs, Forward: 331039 μs, Backward: 2533903 μs, Memory: 178 MB
#3/3 [          6           ]  ( Training Loss: 0.109257 )
 [ITER] #23 - Total: 2896658 μs, Forward: 323777 μs, Backward: 2572880 μs, Memory: 178 MB
#3/3 [          7           ]  ( Training Loss: 0.0465761 )
 [ITER] #24 - Total: 2863708 μs, Forward: 326272 μs, Backward: 2537435 μs, Memory: 178 MB
#3/3 - Training Loss: 0.107265
[DEBUG] Training completed successfully
[TIMING] Training took: 71166 ms
[MEMORY] After Training - Peak: 4701 MB, Current: 4628 MB, RSS: 169 MB

=== PERFORMANCE SUMMARY ===
Model Configuration:
  - Sequence Length: 64
  - Vocab Size: 1000
  - Model Dimension: 128
  - Number of Heads: 4
  - Number of Layers: 32
  - FFN Dimension: 512
  - Batch Size: 4
  - Epochs: 3

Approximate Model Parameters (SwiGLU FFN):
  - Embedding: 8192
  - Attention: 2097152
  - SwiGLU FFN: 6291456 (3 projections: gate+up+down)
  - Total: 8396800 (~32 MB)

=== STDERR ===
