Command: nntrainer/build/Applications/GC_Test/jni/swiglu_gc_test --seq_len 64 --model_dim 128 --num_heads 4 --ffn_dim 512 --epochs 3 --learning_rate 0.0001 --num_layers 4 --batch_size 1 --enable-checkpoint
Timestamp: 20251215_072914
Return code: 0

=== STDOUT ===
[CONFIG] Parsed arguments:
  seq_len=64, vocab_size=1000, model_dim=128
  num_heads=4, num_layers=4, ffn_dim=512
  batch_size=1, epochs=3, learning_rate=0.0001
[DEBUG] Starting main function...
[MEMORY] Program Start - Peak: 4274 MB, Current: 4274 MB, RSS: 12 MB
[DEBUG] Creating model...
[DEBUG] Starting model creation...
[DEBUG] Model created successfully
[DEBUG] Adding input layer...
[DEBUG] Input layer added successfully
[DEBUG] Adding simple embedding layer...
[DEBUG] Embedding layer (FC) added successfully
[DEBUG] Creating transformer layer 0
[DEBUG] Adding ln_multiout1 for layer 0
[DEBUG] Adding ln1 for layer 0
[DEBUG] Adding multi_out1 (Q,K,V) for layer 0
[DEBUG] Adding multi_head_attention for layer 0
[DEBUG] Adding add1 (residual after attention) for layer 0
[DEBUG] Adding ln_multiout2 for layer 0
[DEBUG] Adding ln2 for layer 0
[DEBUG] Adding multi_out3 for layer 0
[DEBUG] Adding SwiGLU gate projection for layer 0
[DEBUG] Adding SwiGLU up projection for layer 0
[DEBUG] Adding multiply (gating) for layer 0
[DEBUG] Adding SwiGLU down projection for layer 0
[DEBUG] Adding add2 (residual after SwiGLU FFN) for layer 0
[DEBUG] Creating transformer layer 1
[DEBUG] Adding ln_multiout1 for layer 1
[DEBUG] Adding ln1 for layer 1
[DEBUG] Adding multi_out1 (Q,K,V) for layer 1
[DEBUG] Adding multi_head_attention for layer 1
[DEBUG] Adding add1 (residual after attention) for layer 1
[DEBUG] Adding ln_multiout2 for layer 1
[DEBUG] Adding ln2 for layer 1
[DEBUG] Adding multi_out3 for layer 1
[DEBUG] Adding SwiGLU gate projection for layer 1
[DEBUG] Adding SwiGLU up projection for layer 1
[DEBUG] Adding multiply (gating) for layer 1
[DEBUG] Adding SwiGLU down projection for layer 1
[DEBUG] Adding add2 (residual after SwiGLU FFN) for layer 1
[DEBUG] Creating transformer layer 2
[DEBUG] Adding ln_multiout1 for layer 2
[DEBUG] Adding ln1 for layer 2
[DEBUG] Adding multi_out1 (Q,K,V) for layer 2
[DEBUG] Adding multi_head_attention for layer 2
[DEBUG] Adding add1 (residual after attention) for layer 2
[DEBUG] Adding ln_multiout2 for layer 2
[DEBUG] Adding ln2 for layer 2
[DEBUG] Adding multi_out3 for layer 2
[DEBUG] Adding SwiGLU gate projection for layer 2
[DEBUG] Adding SwiGLU up projection for layer 2
[DEBUG] Adding multiply (gating) for layer 2
[DEBUG] Adding SwiGLU down projection for layer 2
[DEBUG] Adding add2 (residual after SwiGLU FFN) for layer 2
[DEBUG] Creating transformer layer 3
[DEBUG] Adding ln_multiout1 for layer 3
[DEBUG] Adding ln1 for layer 3
[DEBUG] Adding multi_out1 (Q,K,V) for layer 3
[DEBUG] Adding multi_head_attention for layer 3
[DEBUG] Adding add1 (residual after attention) for layer 3
[DEBUG] Adding ln_multiout2 for layer 3
[DEBUG] Adding ln2 for layer 3
[DEBUG] Adding multi_out3 for layer 3
[DEBUG] Adding SwiGLU gate projection for layer 3
[DEBUG] Adding SwiGLU up projection for layer 3
[DEBUG] Adding multiply (gating) for layer 3
[DEBUG] Adding SwiGLU down projection for layer 3
[DEBUG] Adding add2 (residual after SwiGLU FFN) for layer 3
[DEBUG] Adding final layer normalization...
[DEBUG] Final layer normalization added successfully
[DEBUG] Skipping pooling2d layer for debugging...
[DEBUG] Adding simple output projection...
[DEBUG] Output projection added successfully

[CHECKPOINT] Setting up gradient checkpointing for transformer blocks...
[CHECKPOINT] Added checkpoint block for transformer layer 0 (13 layers)
[CHECKPOINT] Added checkpoint block for transformer layer 1 (13 layers)
[CHECKPOINT] Added checkpoint block for transformer layer 2 (13 layers)
[CHECKPOINT] Added checkpoint block for transformer layer 3 (13 layers)
[CHECKPOINT] Gradient checkpointing setup complete!
[CHECKPOINT] Total checkpoint blocks: 4
[CHECKPOINT] Expected memory savings: ~75%
[DEBUG] Model creation completed successfully!
[DEBUG] Model created successfully!
[TIMING] Model Creation took: 12 ms
[MEMORY] After Model Creation - Peak: 4275 MB, Current: 4275 MB, RSS: 15 MB
[DEBUG] Setting model properties...
[DEBUG] Model properties set successfully
[DEBUG] Creating optimizer...
[DEBUG] Optimizer set successfully
[TIMING] Model Configuration took: 0 ms
[DEBUG] Compiling model...
[DEBUG] Model compiled with status: 0
[TIMING] Model Compilation took: 6 ms
[MEMORY] After Compilation - Peak: 4275 MB, Current: 4275 MB, RSS: 15 MB
[DEBUG] Initializing model...
[DEBUG] Model initialized with status: 0
[TIMING] Model Initialization took: 39 ms
[MEMORY] After Initialization - Peak: 4288 MB, Current: 4288 MB, RSS: 27 MB
[DEBUG] Creating fixed data generator...
[DEBUG] Data shapes - Input: [1, 1, 64, 1]
[DEBUG] Data shapes - Label: [1, 1, 64, 1]
[DEBUG] Using FixedDataGenerator for reproducibility...
[DEBUG] FixedDataGenerator created with 32 batches
[DEBUG] Input sample [0..2]: 0.5, 0.549917, 0.599335
[DEBUG] Label sample [0..2]: 0.549917, 0.599335, 0.64776
[DEBUG] Data generator created successfully
[DEBUG] Setting dataset...
[DEBUG] Dataset set successfully
[TIMING] Data Setup took: 0 ms
[DEBUG] Starting training...
[INFO] Iteration stats are printed from neuralnet.cpp (once per batch)
#1/3 [          0           ]  ( Training Loss: 0.141038 )
 [ITER] #1 - Total: 141891 μs, Forward: 16774 μs, Backward: 125116 μs, Memory: 32 MB
#1/3 [          1           ]  ( Training Loss: 7.06637 )
 [ITER] #2 - Total: 137675 μs, Forward: 15228 μs, Backward: 122446 μs, Memory: 33 MB
#1/3 [          2           ]  ( Training Loss: 0.857234 )
 [ITER] #3 - Total: 135332 μs, Forward: 10827 μs, Backward: 124504 μs, Memory: 33 MB
#1/3 [          3           ]  ( Training Loss: 0.574223 )
 [ITER] #4 - Total: 149226 μs, Forward: 18256 μs, Backward: 130970 μs, Memory: 33 MB
#1/3 [          4           ]  ( Training Loss: 2.0838 )
 [ITER] #5 - Total: 127699 μs, Forward: 13304 μs, Backward: 114395 μs, Memory: 33 MB
#1/3 [          5           ]  ( Training Loss: 1.8154 )
 [ITER] #6 - Total: 135848 μs, Forward: 12515 μs, Backward: 123332 μs, Memory: 33 MB
#1/3 [          6           ]  ( Training Loss: 0.846085 )
 [ITER] #7 - Total: 138351 μs, Forward: 16752 μs, Backward: 121599 μs, Memory: 33 MB
#1/3 [          7           ]  ( Training Loss: 0.159155 )
 [ITER] #8 - Total: 127163 μs, Forward: 14306 μs, Backward: 112856 μs, Memory: 33 MB
#1/3 [          8           ]  ( Training Loss: 0.00748374 )
 [ITER] #9 - Total: 126482 μs, Forward: 12275 μs, Backward: 114206 μs, Memory: 33 MB
#1/3 [          9           ]  ( Training Loss: 0.214301 )
 [ITER] #10 - Total: 123499 μs, Forward: 12045 μs, Backward: 111453 μs, Memory: 33 MB
#1/3 [          10          ]  ( Training Loss: 0.481116 )
 [ITER] #11 - Total: 125578 μs, Forward: 12459 μs, Backward: 113119 μs, Memory: 33 MB
#1/3 [          11          ]  ( Training Loss: 0.605468 )
 [ITER] #12 - Total: 130729 μs, Forward: 13104 μs, Backward: 117624 μs, Memory: 33 MB
#1/3 [          12          ]  ( Training Loss: 0.548027 )
 [ITER] #13 - Total: 138742 μs, Forward: 14684 μs, Backward: 124057 μs, Memory: 33 MB
#1/3 [          13          ]  ( Training Loss: 0.375137 )
 [ITER] #14 - Total: 134258 μs, Forward: 12616 μs, Backward: 121641 μs, Memory: 33 MB
#1/3 [          14          ]  ( Training Loss: 0.182707 )
 [ITER] #15 - Total: 121152 μs, Forward: 13170 μs, Backward: 107981 μs, Memory: 33 MB
#1/3 [          15          ]  ( Training Loss: 0.0464706 )
 [ITER] #16 - Total: 196151 μs, Forward: 37222 μs, Backward: 158928 μs, Memory: 33 MB
#1/3 [          16          ]  ( Training Loss: 1.63072e-05 )
 [ITER] #17 - Total: 156065 μs, Forward: 21977 μs, Backward: 134088 μs, Memory: 33 MB
#1/3 [          17          ]  ( Training Loss: 0.0338403 )
 [ITER] #18 - Total: 137114 μs, Forward: 12672 μs, Backward: 124442 μs, Memory: 33 MB
#1/3 [          18          ]  ( Training Loss: 0.10918 )
 [ITER] #19 - Total: 126469 μs, Forward: 11879 μs, Backward: 114590 μs, Memory: 33 MB
#1/3 [          19          ]  ( Training Loss: 0.179865 )
 [ITER] #20 - Total: 150305 μs, Forward: 25082 μs, Backward: 125221 μs, Memory: 33 MB
#1/3 [          20          ]  ( Training Loss: 0.212887 )
 [ITER] #21 - Total: 151406 μs, Forward: 14743 μs, Backward: 136662 μs, Memory: 33 MB
#1/3 [          21          ]  ( Training Loss: 0.198598 )
 [ITER] #22 - Total: 124212 μs, Forward: 10830 μs, Backward: 113381 μs, Memory: 33 MB
#1/3 [          22          ]  ( Training Loss: 0.148471 )
 [ITER] #23 - Total: 119529 μs, Forward: 11974 μs, Backward: 107554 μs, Memory: 33 MB
#1/3 [          23          ]  ( Training Loss: 0.0853037 )
 [ITER] #24 - Total: 124562 μs, Forward: 15326 μs, Backward: 109235 μs, Memory: 33 MB
#1/3 [          24          ]  ( Training Loss: 0.0320604 )
 [ITER] #25 - Total: 126506 μs, Forward: 12543 μs, Backward: 113962 μs, Memory: 33 MB
#1/3 [          25          ]  ( Training Loss: 0.00356061 )
 [ITER] #26 - Total: 127376 μs, Forward: 12913 μs, Backward: 114462 μs, Memory: 33 MB
#1/3 [          26          ]  ( Training Loss: 0.00287005 )
 [ITER] #27 - Total: 134728 μs, Forward: 11232 μs, Backward: 123495 μs, Memory: 33 MB
#1/3 [          27          ]  ( Training Loss: 0.0225134 )
 [ITER] #28 - Total: 124929 μs, Forward: 13467 μs, Backward: 111460 μs, Memory: 33 MB
#1/3 [          28          ]  ( Training Loss: 0.0492004 )
 [ITER] #29 - Total: 125804 μs, Forward: 11456 μs, Backward: 114347 μs, Memory: 33 MB
#1/3 [          29          ]  ( Training Loss: 0.0697937 )
 [ITER] #30 - Total: 125564 μs, Forward: 16178 μs, Backward: 109386 μs, Memory: 33 MB
#1/3 [          30          ]  ( Training Loss: 0.0761073 )
 [ITER] #31 - Total: 122698 μs, Forward: 10814 μs, Backward: 111883 μs, Memory: 33 MB
#1/3 [          31          ]  ( Training Loss: 0.0669476 )
 [ITER] #32 - Total: 118968 μs, Forward: 10870 μs, Backward: 108098 μs, Memory: 33 MB
#1/3 - Training Loss: 0.540476
#2/3 [          0           ]  ( Training Loss: 0.0472015 )
 [ITER] #33 - Total: 121810 μs, Forward: 10539 μs, Backward: 111271 μs, Memory: 33 MB
#2/3 [          1           ]  ( Training Loss: 0.0249073 )
 [ITER] #34 - Total: 124469 μs, Forward: 11975 μs, Backward: 112493 μs, Memory: 33 MB
#2/3 [          2           ]  ( Training Loss: 0.00774064 )
 [ITER] #35 - Total: 120451 μs, Forward: 11934 μs, Backward: 108515 μs, Memory: 33 MB
#2/3 [          3           ]  ( Training Loss: 0.000246207 )
 [ITER] #36 - Total: 121013 μs, Forward: 11128 μs, Backward: 109884 μs, Memory: 33 MB
#2/3 [          4           ]  ( Training Loss: 0.00264865 )
 [ITER] #37 - Total: 121858 μs, Forward: 11572 μs, Backward: 110285 μs, Memory: 33 MB
#2/3 [          5           ]  ( Training Loss: 0.0114471 )
 [ITER] #38 - Total: 125081 μs, Forward: 11334 μs, Backward: 113746 μs, Memory: 33 MB
#2/3 [          6           ]  ( Training Loss: 0.0213397 )
 [ITER] #39 - Total: 137150 μs, Forward: 11688 μs, Backward: 125462 μs, Memory: 33 MB
#2/3 [          7           ]  ( Training Loss: 0.0275683 )
 [ITER] #40 - Total: 119552 μs, Forward: 11468 μs, Backward: 108084 μs, Memory: 33 MB
#2/3 [          8           ]  ( Training Loss: 0.0276956 )
 [ITER] #41 - Total: 118590 μs, Forward: 11313 μs, Backward: 107276 μs, Memory: 33 MB
#2/3 [          9           ]  ( Training Loss: 0.0221785 )
 [ITER] #42 - Total: 241989 μs, Forward: 31230 μs, Backward: 210758 μs, Memory: 33 MB
#2/3 [          10          ]  ( Training Loss: 0.0136941 )
 [ITER] #43 - Total: 141168 μs, Forward: 11187 μs, Backward: 129981 μs, Memory: 33 MB
#2/3 [          11          ]  ( Training Loss: 0.00568971 )
 [ITER] #44 - Total: 153066 μs, Forward: 22060 μs, Backward: 131005 μs, Memory: 33 MB
#2/3 [          12          ]  ( Training Loss: 0.000871073 )
 [ITER] #45 - Total: 152122 μs, Forward: 38989 μs, Backward: 113132 μs, Memory: 33 MB
#2/3 [          13          ]  ( Training Loss: 0.000235376 )
 [ITER] #46 - Total: 121967 μs, Forward: 10859 μs, Backward: 111107 μs, Memory: 33 MB
#2/3 [          14          ]  ( Training Loss: 0.0029491 )
 [ITER] #47 - Total: 133029 μs, Forward: 13227 μs, Backward: 119801 μs, Memory: 33 MB
#2/3 [          15          ]  ( Training Loss: 0.00698696 )
 [ITER] #48 - Total: 172026 μs, Forward: 14435 μs, Backward: 157589 μs, Memory: 33 MB
#2/3 [          16          ]  ( Training Loss: 0.0101558 )
 [ITER] #49 - Total: 134015 μs, Forward: 15468 μs, Backward: 118547 μs, Memory: 33 MB
#2/3 [          17          ]  ( Training Loss: 0.011024 )
 [ITER] #50 - Total: 159269 μs, Forward: 13599 μs, Backward: 145669 μs, Memory: 33 MB
#2/3 [          18          ]  ( Training Loss: 0.00938816 )
 [ITER] #51 - Total: 137353 μs, Forward: 12436 μs, Backward: 124916 μs, Memory: 33 MB
#2/3 [          19          ]  ( Training Loss: 0.00615383 )
 [ITER] #52 - Total: 130466 μs, Forward: 16567 μs, Backward: 113898 μs, Memory: 33 MB
#2/3 [          20          ]  ( Training Loss: 0.00277205 )
 [ITER] #53 - Total: 120781 μs, Forward: 10997 μs, Backward: 109782 μs, Memory: 33 MB
#2/3 [          21          ]  ( Training Loss: 0.000534009 )
 [ITER] #54 - Total: 124878 μs, Forward: 11302 μs, Backward: 113575 μs, Memory: 33 MB
#2/3 [          22          ]  ( Training Loss: 4.11775e-05 )
 [ITER] #55 - Total: 124654 μs, Forward: 10952 μs, Backward: 113701 μs, Memory: 33 MB
#2/3 [          23          ]  ( Training Loss: 0.00105314 )
 [ITER] #56 - Total: 119309 μs, Forward: 11061 μs, Backward: 108248 μs, Memory: 33 MB
#2/3 [          24          ]  ( Training Loss: 0.00272425 )
 [ITER] #57 - Total: 157035 μs, Forward: 11054 μs, Backward: 145981 μs, Memory: 33 MB
#2/3 [          25          ]  ( Training Loss: 0.00407179 )
 [ITER] #58 - Total: 126451 μs, Forward: 12472 μs, Backward: 113978 μs, Memory: 33 MB
#2/3 [          26          ]  ( Training Loss: 0.00443431 )
 [ITER] #59 - Total: 130694 μs, Forward: 11037 μs, Backward: 119656 μs, Memory: 33 MB
#2/3 [          27          ]  ( Training Loss: 0.00371571 )
 [ITER] #60 - Total: 121128 μs, Forward: 10849 μs, Backward: 110278 μs, Memory: 33 MB
#2/3 [          28          ]  ( Training Loss: 0.00233566 )
 [ITER] #61 - Total: 120836 μs, Forward: 11343 μs, Backward: 109493 μs, Memory: 33 MB
#2/3 [          29          ]  ( Training Loss: 0.000953445 )
 [ITER] #62 - Total: 121083 μs, Forward: 12488 μs, Backward: 108595 μs, Memory: 33 MB
#2/3 [          30          ]  ( Training Loss: 0.000125349 )
 [ITER] #63 - Total: 126124 μs, Forward: 12438 μs, Backward: 113686 μs, Memory: 33 MB
#2/3 [          31          ]  ( Training Loss: 6.48545e-05 )
 [ITER] #64 - Total: 126889 μs, Forward: 11935 μs, Backward: 114953 μs, Memory: 33 MB
#2/3 - Training Loss: 0.00884211
#3/3 [          0           ]  ( Training Loss: 0.000599364 )
 [ITER] #65 - Total: 125039 μs, Forward: 12042 μs, Backward: 112997 μs, Memory: 33 MB
#3/3 [          1           ]  ( Training Loss: 0.00131371 )
 [ITER] #66 - Total: 130432 μs, Forward: 14241 μs, Backward: 116190 μs, Memory: 33 MB
#3/3 [          2           ]  ( Training Loss: 0.00178509 )
 [ITER] #67 - Total: 125814 μs, Forward: 11365 μs, Backward: 114448 μs, Memory: 33 MB
#3/3 [          3           ]  ( Training Loss: 0.0017828 )
 [ITER] #68 - Total: 124603 μs, Forward: 12101 μs, Backward: 112502 μs, Memory: 33 MB
#3/3 [          4           ]  ( Training Loss: 0.00134648 )
 [ITER] #69 - Total: 124557 μs, Forward: 11062 μs, Backward: 113494 μs, Memory: 33 MB
#3/3 [          5           ]  ( Training Loss: 0.000721675 )
 [ITER] #70 - Total: 119728 μs, Forward: 11471 μs, Backward: 108257 μs, Memory: 33 MB
#3/3 [          6           ]  ( Training Loss: 0.000207335 )
 [ITER] #71 - Total: 121082 μs, Forward: 11524 μs, Backward: 109557 μs, Memory: 33 MB
#3/3 [          7           ]  ( Training Loss: 1.39329e-06 )
 [ITER] #72 - Total: 119659 μs, Forward: 11176 μs, Backward: 108482 μs, Memory: 33 MB
#3/3 [          8           ]  ( Training Loss: 0.0001201 )
 [ITER] #73 - Total: 124142 μs, Forward: 12056 μs, Backward: 112085 μs, Memory: 33 MB
#3/3 [          9           ]  ( Training Loss: 0.000419388 )
 [ITER] #74 - Total: 125302 μs, Forward: 12684 μs, Backward: 112616 μs, Memory: 33 MB
#3/3 [          10          ]  ( Training Loss: 0.000692672 )
 [ITER] #75 - Total: 126532 μs, Forward: 11870 μs, Backward: 114661 μs, Memory: 33 MB
#3/3 [          11          ]  ( Training Loss: 0.000784065 )
 [ITER] #76 - Total: 125471 μs, Forward: 12299 μs, Backward: 113171 μs, Memory: 33 MB
#3/3 [          12          ]  ( Training Loss: 0.000658431 )
 [ITER] #77 - Total: 128291 μs, Forward: 12236 μs, Backward: 116055 μs, Memory: 33 MB
#3/3 [          13          ]  ( Training Loss: 0.000399001 )
 [ITER] #78 - Total: 125285 μs, Forward: 13019 μs, Backward: 112265 μs, Memory: 33 MB
#3/3 [          14          ]  ( Training Loss: 0.000144824 )
 [ITER] #79 - Total: 126564 μs, Forward: 12497 μs, Backward: 114066 μs, Memory: 33 MB
#3/3 [          15          ]  ( Training Loss: 9.92062e-06 )
 [ITER] #80 - Total: 128143 μs, Forward: 11869 μs, Backward: 116273 μs, Memory: 33 MB
#3/3 [          16          ]  ( Training Loss: 2.85328e-05 )
 [ITER] #81 - Total: 178954 μs, Forward: 13974 μs, Backward: 164979 μs, Memory: 33 MB
#3/3 [          17          ]  ( Training Loss: 0.000150573 )
 [ITER] #82 - Total: 120933 μs, Forward: 11669 μs, Backward: 109262 μs, Memory: 33 MB
#3/3 [          18          ]  ( Training Loss: 0.000281852 )
 [ITER] #83 - Total: 129092 μs, Forward: 13132 μs, Backward: 115960 μs, Memory: 33 MB
#3/3 [          19          ]  ( Training Loss: 0.000340783 )
 [ITER] #84 - Total: 127884 μs, Forward: 11984 μs, Backward: 115899 μs, Memory: 33 MB
#3/3 [          20          ]  ( Training Loss: 0.000299207 )
 [ITER] #85 - Total: 126724 μs, Forward: 12836 μs, Backward: 113888 μs, Memory: 33 MB
#3/3 [          21          ]  ( Training Loss: 0.00018832 )
 [ITER] #86 - Total: 119800 μs, Forward: 11372 μs, Backward: 108428 μs, Memory: 33 MB
#3/3 [          22          ]  ( Training Loss: 7.17712e-05 )
 [ITER] #87 - Total: 121299 μs, Forward: 10957 μs, Backward: 110341 μs, Memory: 33 MB
#3/3 [          23          ]  ( Training Loss: 6.07641e-06 )
 [ITER] #88 - Total: 123868 μs, Forward: 11420 μs, Backward: 112447 μs, Memory: 33 MB
#3/3 [          24          ]  ( Training Loss: 1.11407e-05 )
 [ITER] #89 - Total: 122591 μs, Forward: 12346 μs, Backward: 110244 μs, Memory: 33 MB
#3/3 [          25          ]  ( Training Loss: 6.54916e-05 )
 [ITER] #90 - Total: 124731 μs, Forward: 12281 μs, Backward: 112448 μs, Memory: 33 MB
#3/3 [          26          ]  ( Training Loss: 0.000125032 )
 [ITER] #91 - Total: 122726 μs, Forward: 11087 μs, Backward: 111638 μs, Memory: 33 MB
#3/3 [          27          ]  ( Training Loss: 0.000150944 )
 [ITER] #92 - Total: 126692 μs, Forward: 14187 μs, Backward: 112505 μs, Memory: 33 MB
#3/3 [          28          ]  ( Training Loss: 0.000130347 )
 [ITER] #93 - Total: 122496 μs, Forward: 10889 μs, Backward: 111606 μs, Memory: 33 MB
#3/3 [          29          ]  ( Training Loss: 7.89684e-05 )
 [ITER] #94 - Total: 122299 μs, Forward: 11251 μs, Backward: 111046 μs, Memory: 33 MB
#3/3 [          30          ]  ( Training Loss: 2.7331e-05 )
 [ITER] #95 - Total: 122280 μs, Forward: 11622 μs, Backward: 110658 μs, Memory: 33 MB
#3/3 [          31          ]  ( Training Loss: 1.23354e-06 )
 [ITER] #96 - Total: 126544 μs, Forward: 12891 μs, Backward: 113653 μs, Memory: 33 MB
#3/3 - Training Loss: 0.000404495
[DEBUG] Training completed successfully
[TIMING] Training took: 12683 ms
[MEMORY] After Training - Peak: 4556 MB, Current: 4490 MB, RSS: 31 MB

=== PERFORMANCE SUMMARY ===
Model Configuration:
  - Sequence Length: 64
  - Vocab Size: 1000
  - Model Dimension: 128
  - Number of Heads: 4
  - Number of Layers: 4
  - FFN Dimension: 512
  - Batch Size: 1
  - Epochs: 3

Approximate Model Parameters (SwiGLU FFN):
  - Embedding: 8192
  - Attention: 262144
  - SwiGLU FFN: 786432 (3 projections: gate+up+down)
  - Total: 1056768 (~4 MB)

=== STDERR ===
