Command: nntrainer/build/Applications/GC_Test/jni/swiglu_gc_test --seq_len 128 --model_dim 128 --num_heads 4 --ffn_dim 512 --epochs 3 --learning_rate 0.0001 --num_layers 4 --batch_size 4 --enable-checkpoint
Timestamp: 20251215_074753
Return code: 0

=== STDOUT ===
[CONFIG] Parsed arguments:
  seq_len=128, vocab_size=1000, model_dim=128
  num_heads=4, num_layers=4, ffn_dim=512
  batch_size=4, epochs=3, learning_rate=0.0001
[DEBUG] Starting main function...
[MEMORY] Program Start - Peak: 4274 MB, Current: 4274 MB, RSS: 12 MB
[DEBUG] Creating model...
[DEBUG] Starting model creation...
[DEBUG] Model created successfully
[DEBUG] Adding input layer...
[DEBUG] Input layer added successfully
[DEBUG] Adding simple embedding layer...
[DEBUG] Embedding layer (FC) added successfully
[DEBUG] Creating transformer layer 0
[DEBUG] Adding ln_multiout1 for layer 0
[DEBUG] Adding ln1 for layer 0
[DEBUG] Adding multi_out1 (Q,K,V) for layer 0
[DEBUG] Adding multi_head_attention for layer 0
[DEBUG] Adding add1 (residual after attention) for layer 0
[DEBUG] Adding ln_multiout2 for layer 0
[DEBUG] Adding ln2 for layer 0
[DEBUG] Adding multi_out3 for layer 0
[DEBUG] Adding SwiGLU gate projection for layer 0
[DEBUG] Adding SwiGLU up projection for layer 0
[DEBUG] Adding multiply (gating) for layer 0
[DEBUG] Adding SwiGLU down projection for layer 0
[DEBUG] Adding add2 (residual after SwiGLU FFN) for layer 0
[DEBUG] Creating transformer layer 1
[DEBUG] Adding ln_multiout1 for layer 1
[DEBUG] Adding ln1 for layer 1
[DEBUG] Adding multi_out1 (Q,K,V) for layer 1
[DEBUG] Adding multi_head_attention for layer 1
[DEBUG] Adding add1 (residual after attention) for layer 1
[DEBUG] Adding ln_multiout2 for layer 1
[DEBUG] Adding ln2 for layer 1
[DEBUG] Adding multi_out3 for layer 1
[DEBUG] Adding SwiGLU gate projection for layer 1
[DEBUG] Adding SwiGLU up projection for layer 1
[DEBUG] Adding multiply (gating) for layer 1
[DEBUG] Adding SwiGLU down projection for layer 1
[DEBUG] Adding add2 (residual after SwiGLU FFN) for layer 1
[DEBUG] Creating transformer layer 2
[DEBUG] Adding ln_multiout1 for layer 2
[DEBUG] Adding ln1 for layer 2
[DEBUG] Adding multi_out1 (Q,K,V) for layer 2
[DEBUG] Adding multi_head_attention for layer 2
[DEBUG] Adding add1 (residual after attention) for layer 2
[DEBUG] Adding ln_multiout2 for layer 2
[DEBUG] Adding ln2 for layer 2
[DEBUG] Adding multi_out3 for layer 2
[DEBUG] Adding SwiGLU gate projection for layer 2
[DEBUG] Adding SwiGLU up projection for layer 2
[DEBUG] Adding multiply (gating) for layer 2
[DEBUG] Adding SwiGLU down projection for layer 2
[DEBUG] Adding add2 (residual after SwiGLU FFN) for layer 2
[DEBUG] Creating transformer layer 3
[DEBUG] Adding ln_multiout1 for layer 3
[DEBUG] Adding ln1 for layer 3
[DEBUG] Adding multi_out1 (Q,K,V) for layer 3
[DEBUG] Adding multi_head_attention for layer 3
[DEBUG] Adding add1 (residual after attention) for layer 3
[DEBUG] Adding ln_multiout2 for layer 3
[DEBUG] Adding ln2 for layer 3
[DEBUG] Adding multi_out3 for layer 3
[DEBUG] Adding SwiGLU gate projection for layer 3
[DEBUG] Adding SwiGLU up projection for layer 3
[DEBUG] Adding multiply (gating) for layer 3
[DEBUG] Adding SwiGLU down projection for layer 3
[DEBUG] Adding add2 (residual after SwiGLU FFN) for layer 3
[DEBUG] Adding final layer normalization...
[DEBUG] Final layer normalization added successfully
[DEBUG] Skipping pooling2d layer for debugging...
[DEBUG] Adding simple output projection...
[DEBUG] Output projection added successfully

[CHECKPOINT] Setting up gradient checkpointing for transformer blocks...
[CHECKPOINT] Added checkpoint block for transformer layer 0 (13 layers)
[CHECKPOINT] Added checkpoint block for transformer layer 1 (13 layers)
[CHECKPOINT] Added checkpoint block for transformer layer 2 (13 layers)
[CHECKPOINT] Added checkpoint block for transformer layer 3 (13 layers)
[CHECKPOINT] Gradient checkpointing setup complete!
[CHECKPOINT] Total checkpoint blocks: 4
[CHECKPOINT] Expected memory savings: ~75%
[DEBUG] Model creation completed successfully!
[DEBUG] Model created successfully!
[TIMING] Model Creation took: 8 ms
[MEMORY] After Model Creation - Peak: 4275 MB, Current: 4275 MB, RSS: 14 MB
[DEBUG] Setting model properties...
[DEBUG] Model properties set successfully
[DEBUG] Creating optimizer...
[DEBUG] Optimizer set successfully
[TIMING] Model Configuration took: 0 ms
[DEBUG] Compiling model...
[DEBUG] Model compiled with status: 0
[TIMING] Model Compilation took: 4 ms
[MEMORY] After Compilation - Peak: 4275 MB, Current: 4275 MB, RSS: 15 MB
[DEBUG] Initializing model...
[DEBUG] Model initialized with status: 0
[TIMING] Model Initialization took: 34 ms
[MEMORY] After Initialization - Peak: 4288 MB, Current: 4288 MB, RSS: 27 MB
[DEBUG] Creating fixed data generator...
[DEBUG] Data shapes - Input: [4, 1, 128, 1]
[DEBUG] Data shapes - Label: [4, 1, 128, 1]
[DEBUG] Using FixedDataGenerator for reproducibility...
[DEBUG] FixedDataGenerator created with 32 batches
[DEBUG] Input sample [0..2]: 0.5, 0.549917, 0.599335
[DEBUG] Label sample [0..2]: 0.549917, 0.599335, 0.64776
[DEBUG] Data generator created successfully
[DEBUG] Setting dataset...
[DEBUG] Dataset set successfully
[TIMING] Data Setup took: 0 ms
[DEBUG] Starting training...
[INFO] Iteration stats are printed from neuralnet.cpp (once per batch)
#1/3 [          0           ]  ( Training Loss: 0.141038 )
 [ITER] #1 - Total: 1315331 μs, Forward: 109214 μs, Backward: 1206116 μs, Memory: 52 MB
#1/3 [          1           ]  ( Training Loss: 7.06637 )
 [ITER] #2 - Total: 1296406 μs, Forward: 98962 μs, Backward: 1197443 μs, Memory: 53 MB
#1/3 [          2           ]  ( Training Loss: 0.857229 )
 [ITER] #3 - Total: 1297821 μs, Forward: 95934 μs, Backward: 1201886 μs, Memory: 53 MB
#1/3 [          3           ]  ( Training Loss: 0.574226 )
 [ITER] #4 - Total: 1301201 μs, Forward: 91177 μs, Backward: 1210023 μs, Memory: 53 MB
#1/3 [          4           ]  ( Training Loss: 2.08379 )
 [ITER] #5 - Total: 1302090 μs, Forward: 96985 μs, Backward: 1205104 μs, Memory: 53 MB
#1/3 [          5           ]  ( Training Loss: 1.8154 )
 [ITER] #6 - Total: 1307634 μs, Forward: 104500 μs, Backward: 1203133 μs, Memory: 53 MB
#1/3 [          6           ]  ( Training Loss: 0.846079 )
 [ITER] #7 - Total: 1300825 μs, Forward: 95887 μs, Backward: 1204937 μs, Memory: 53 MB
#1/3 [          7           ]  ( Training Loss: 0.159153 )
 [ITER] #8 - Total: 1373850 μs, Forward: 98228 μs, Backward: 1275621 μs, Memory: 54 MB
#1/3 - Training Loss: 1.69291
#2/3 [          0           ]  ( Training Loss: 0.0074842 )
 [ITER] #9 - Total: 1628479 μs, Forward: 121175 μs, Backward: 1507303 μs, Memory: 54 MB
#2/3 [          1           ]  ( Training Loss: 0.214301 )
 [ITER] #10 - Total: 1610355 μs, Forward: 124822 μs, Backward: 1485532 μs, Memory: 54 MB
#2/3 [          2           ]  ( Training Loss: 0.481116 )
 [ITER] #11 - Total: 1328802 μs, Forward: 111101 μs, Backward: 1217700 μs, Memory: 54 MB
#2/3 [          3           ]  ( Training Loss: 0.605467 )
 [ITER] #12 - Total: 1295240 μs, Forward: 97702 μs, Backward: 1197537 μs, Memory: 54 MB
#2/3 [          4           ]  ( Training Loss: 0.548026 )
 [ITER] #13 - Total: 1316151 μs, Forward: 102980 μs, Backward: 1213171 μs, Memory: 54 MB
#2/3 [          5           ]  ( Training Loss: 0.375134 )
 [ITER] #14 - Total: 1359636 μs, Forward: 115010 μs, Backward: 1244626 μs, Memory: 54 MB
#2/3 [          6           ]  ( Training Loss: 0.182705 )
 [ITER] #15 - Total: 1299147 μs, Forward: 98372 μs, Backward: 1200774 μs, Memory: 54 MB
#2/3 [          7           ]  ( Training Loss: 0.0464698 )
 [ITER] #16 - Total: 1302448 μs, Forward: 97261 μs, Backward: 1205186 μs, Memory: 54 MB
#2/3 - Training Loss: 0.307588
#3/3 [          0           ]  ( Training Loss: 1.62973e-05 )
 [ITER] #17 - Total: 1303360 μs, Forward: 98055 μs, Backward: 1205304 μs, Memory: 54 MB
#3/3 [          1           ]  ( Training Loss: 0.0338409 )
 [ITER] #18 - Total: 1301088 μs, Forward: 94842 μs, Backward: 1206246 μs, Memory: 54 MB
#3/3 [          2           ]  ( Training Loss: 0.10918 )
 [ITER] #19 - Total: 1303468 μs, Forward: 95308 μs, Backward: 1208159 μs, Memory: 54 MB
#3/3 [          3           ]  ( Training Loss: 0.179865 )
 [ITER] #20 - Total: 1291343 μs, Forward: 94358 μs, Backward: 1196984 μs, Memory: 54 MB
#3/3 [          4           ]  ( Training Loss: 0.212886 )
 [ITER] #21 - Total: 1318715 μs, Forward: 98030 μs, Backward: 1220683 μs, Memory: 54 MB
#3/3 [          5           ]  ( Training Loss: 0.198597 )
 [ITER] #22 - Total: 1305940 μs, Forward: 100580 μs, Backward: 1205360 μs, Memory: 54 MB
#3/3 [          6           ]  ( Training Loss: 0.14847 )
 [ITER] #23 - Total: 1295376 μs, Forward: 94419 μs, Backward: 1200956 μs, Memory: 54 MB
#3/3 [          7           ]  ( Training Loss: 0.0853026 )
 [ITER] #24 - Total: 1298801 μs, Forward: 97557 μs, Backward: 1201242 μs, Memory: 54 MB
#3/3 - Training Loss: 0.12102
[DEBUG] Training completed successfully
[TIMING] Training took: 32079 ms
[MEMORY] After Training - Peak: 4576 MB, Current: 4501 MB, RSS: 43 MB

=== PERFORMANCE SUMMARY ===
Model Configuration:
  - Sequence Length: 128
  - Vocab Size: 1000
  - Model Dimension: 128
  - Number of Heads: 4
  - Number of Layers: 4
  - FFN Dimension: 512
  - Batch Size: 4
  - Epochs: 3

Approximate Model Parameters (SwiGLU FFN):
  - Embedding: 16384
  - Attention: 262144
  - SwiGLU FFN: 786432 (3 projections: gate+up+down)
  - Total: 1064960 (~4 MB)

=== STDERR ===
