Command: bash -c ulimit -v 8388608 && nntrainer/build/Applications/GC_Test/jni/gelu_gc_test --seq_len 128 --model_dim 1024 --num_heads 16 --ffn_dim 4096 --epochs 1 --learning_rate 0.0001 --num_layers 16 --batch_size 4
Timestamp: 20251215_121138
Memory Limit: 8192 MB
Return code: 0

=== STDOUT ===
[CONFIG] Parsed arguments:
  seq_len=128, vocab_size=1000, model_dim=1024
  num_heads=16, num_layers=16, ffn_dim=4096
  batch_size=4, epochs=1, learning_rate=0.0001
[DEBUG] Starting main function...
[MEMORY] Program Start - Peak: 4274 MB, Current: 4274 MB, RSS: 12 MB
[DEBUG] Creating model...
[DEBUG] Starting model creation...
[DEBUG] Model created successfully
[DEBUG] Adding input layer...
[DEBUG] Input layer added successfully
[DEBUG] Adding simple embedding layer...
[DEBUG] Embedding layer (FC) added successfully
[DEBUG] Creating transformer layer 0
[DEBUG] Adding ln_multiout1 for layer 0
[DEBUG] Adding ln1 for layer 0
[DEBUG] Adding multi_out1 (Q,K,V) for layer 0
[DEBUG] Adding multi_head_attention for layer 0
[DEBUG] Adding add1 (residual after attention) for layer 0
[DEBUG] Adding ln_multiout2 for layer 0
[DEBUG] Adding ln2 for layer 0
[DEBUG] Adding multi_out3 for layer 0
[DEBUG] Adding FFN fc1 for layer 0
[DEBUG] Adding FFN fc2 for layer 0
[DEBUG] Adding add2 (residual after FFN) for layer 0
[DEBUG] Creating transformer layer 1
[DEBUG] Adding ln_multiout1 for layer 1
[DEBUG] Adding ln1 for layer 1
[DEBUG] Adding multi_out1 (Q,K,V) for layer 1
[DEBUG] Adding multi_head_attention for layer 1
[DEBUG] Adding add1 (residual after attention) for layer 1
[DEBUG] Adding ln_multiout2 for layer 1
[DEBUG] Adding ln2 for layer 1
[DEBUG] Adding multi_out3 for layer 1
[DEBUG] Adding FFN fc1 for layer 1
[DEBUG] Adding FFN fc2 for layer 1
[DEBUG] Adding add2 (residual after FFN) for layer 1
[DEBUG] Creating transformer layer 2
[DEBUG] Adding ln_multiout1 for layer 2
[DEBUG] Adding ln1 for layer 2
[DEBUG] Adding multi_out1 (Q,K,V) for layer 2
[DEBUG] Adding multi_head_attention for layer 2
[DEBUG] Adding add1 (residual after attention) for layer 2
[DEBUG] Adding ln_multiout2 for layer 2
[DEBUG] Adding ln2 for layer 2
[DEBUG] Adding multi_out3 for layer 2
[DEBUG] Adding FFN fc1 for layer 2
[DEBUG] Adding FFN fc2 for layer 2
[DEBUG] Adding add2 (residual after FFN) for layer 2
[DEBUG] Creating transformer layer 3
[DEBUG] Adding ln_multiout1 for layer 3
[DEBUG] Adding ln1 for layer 3
[DEBUG] Adding multi_out1 (Q,K,V) for layer 3
[DEBUG] Adding multi_head_attention for layer 3
[DEBUG] Adding add1 (residual after attention) for layer 3
[DEBUG] Adding ln_multiout2 for layer 3
[DEBUG] Adding ln2 for layer 3
[DEBUG] Adding multi_out3 for layer 3
[DEBUG] Adding FFN fc1 for layer 3
[DEBUG] Adding FFN fc2 for layer 3
[DEBUG] Adding add2 (residual after FFN) for layer 3
[DEBUG] Creating transformer layer 4
[DEBUG] Adding ln_multiout1 for layer 4
[DEBUG] Adding ln1 for layer 4
[DEBUG] Adding multi_out1 (Q,K,V) for layer 4
[DEBUG] Adding multi_head_attention for layer 4
[DEBUG] Adding add1 (residual after attention) for layer 4
[DEBUG] Adding ln_multiout2 for layer 4
[DEBUG] Adding ln2 for layer 4
[DEBUG] Adding multi_out3 for layer 4
[DEBUG] Adding FFN fc1 for layer 4
[DEBUG] Adding FFN fc2 for layer 4
[DEBUG] Adding add2 (residual after FFN) for layer 4
[DEBUG] Creating transformer layer 5
[DEBUG] Adding ln_multiout1 for layer 5
[DEBUG] Adding ln1 for layer 5
[DEBUG] Adding multi_out1 (Q,K,V) for layer 5
[DEBUG] Adding multi_head_attention for layer 5
[DEBUG] Adding add1 (residual after attention) for layer 5
[DEBUG] Adding ln_multiout2 for layer 5
[DEBUG] Adding ln2 for layer 5
[DEBUG] Adding multi_out3 for layer 5
[DEBUG] Adding FFN fc1 for layer 5
[DEBUG] Adding FFN fc2 for layer 5
[DEBUG] Adding add2 (residual after FFN) for layer 5
[DEBUG] Creating transformer layer 6
[DEBUG] Adding ln_multiout1 for layer 6
[DEBUG] Adding ln1 for layer 6
[DEBUG] Adding multi_out1 (Q,K,V) for layer 6
[DEBUG] Adding multi_head_attention for layer 6
[DEBUG] Adding add1 (residual after attention) for layer 6
[DEBUG] Adding ln_multiout2 for layer 6
[DEBUG] Adding ln2 for layer 6
[DEBUG] Adding multi_out3 for layer 6
[DEBUG] Adding FFN fc1 for layer 6
[DEBUG] Adding FFN fc2 for layer 6
[DEBUG] Adding add2 (residual after FFN) for layer 6
[DEBUG] Creating transformer layer 7
[DEBUG] Adding ln_multiout1 for layer 7
[DEBUG] Adding ln1 for layer 7
[DEBUG] Adding multi_out1 (Q,K,V) for layer 7
[DEBUG] Adding multi_head_attention for layer 7
[DEBUG] Adding add1 (residual after attention) for layer 7
[DEBUG] Adding ln_multiout2 for layer 7
[DEBUG] Adding ln2 for layer 7
[DEBUG] Adding multi_out3 for layer 7
[DEBUG] Adding FFN fc1 for layer 7
[DEBUG] Adding FFN fc2 for layer 7
[DEBUG] Adding add2 (residual after FFN) for layer 7
[DEBUG] Creating transformer layer 8
[DEBUG] Adding ln_multiout1 for layer 8
[DEBUG] Adding ln1 for layer 8
[DEBUG] Adding multi_out1 (Q,K,V) for layer 8
[DEBUG] Adding multi_head_attention for layer 8
[DEBUG] Adding add1 (residual after attention) for layer 8
[DEBUG] Adding ln_multiout2 for layer 8
[DEBUG] Adding ln2 for layer 8
[DEBUG] Adding multi_out3 for layer 8
[DEBUG] Adding FFN fc1 for layer 8
[DEBUG] Adding FFN fc2 for layer 8
[DEBUG] Adding add2 (residual after FFN) for layer 8
[DEBUG] Creating transformer layer 9
[DEBUG] Adding ln_multiout1 for layer 9
[DEBUG] Adding ln1 for layer 9
[DEBUG] Adding multi_out1 (Q,K,V) for layer 9
[DEBUG] Adding multi_head_attention for layer 9
[DEBUG] Adding add1 (residual after attention) for layer 9
[DEBUG] Adding ln_multiout2 for layer 9
[DEBUG] Adding ln2 for layer 9
[DEBUG] Adding multi_out3 for layer 9
[DEBUG] Adding FFN fc1 for layer 9
[DEBUG] Adding FFN fc2 for layer 9
[DEBUG] Adding add2 (residual after FFN) for layer 9
[DEBUG] Creating transformer layer 10
[DEBUG] Adding ln_multiout1 for layer 10
[DEBUG] Adding ln1 for layer 10
[DEBUG] Adding multi_out1 (Q,K,V) for layer 10
[DEBUG] Adding multi_head_attention for layer 10
[DEBUG] Adding add1 (residual after attention) for layer 10
[DEBUG] Adding ln_multiout2 for layer 10
[DEBUG] Adding ln2 for layer 10
[DEBUG] Adding multi_out3 for layer 10
[DEBUG] Adding FFN fc1 for layer 10
[DEBUG] Adding FFN fc2 for layer 10
[DEBUG] Adding add2 (residual after FFN) for layer 10
[DEBUG] Creating transformer layer 11
[DEBUG] Adding ln_multiout1 for layer 11
[DEBUG] Adding ln1 for layer 11
[DEBUG] Adding multi_out1 (Q,K,V) for layer 11
[DEBUG] Adding multi_head_attention for layer 11
[DEBUG] Adding add1 (residual after attention) for layer 11
[DEBUG] Adding ln_multiout2 for layer 11
[DEBUG] Adding ln2 for layer 11
[DEBUG] Adding multi_out3 for layer 11
[DEBUG] Adding FFN fc1 for layer 11
[DEBUG] Adding FFN fc2 for layer 11
[DEBUG] Adding add2 (residual after FFN) for layer 11
[DEBUG] Creating transformer layer 12
[DEBUG] Adding ln_multiout1 for layer 12
[DEBUG] Adding ln1 for layer 12
[DEBUG] Adding multi_out1 (Q,K,V) for layer 12
[DEBUG] Adding multi_head_attention for layer 12
[DEBUG] Adding add1 (residual after attention) for layer 12
[DEBUG] Adding ln_multiout2 for layer 12
[DEBUG] Adding ln2 for layer 12
[DEBUG] Adding multi_out3 for layer 12
[DEBUG] Adding FFN fc1 for layer 12
[DEBUG] Adding FFN fc2 for layer 12
[DEBUG] Adding add2 (residual after FFN) for layer 12
[DEBUG] Creating transformer layer 13
[DEBUG] Adding ln_multiout1 for layer 13
[DEBUG] Adding ln1 for layer 13
[DEBUG] Adding multi_out1 (Q,K,V) for layer 13
[DEBUG] Adding multi_head_attention for layer 13
[DEBUG] Adding add1 (residual after attention) for layer 13
[DEBUG] Adding ln_multiout2 for layer 13
[DEBUG] Adding ln2 for layer 13
[DEBUG] Adding multi_out3 for layer 13
[DEBUG] Adding FFN fc1 for layer 13
[DEBUG] Adding FFN fc2 for layer 13
[DEBUG] Adding add2 (residual after FFN) for layer 13
[DEBUG] Creating transformer layer 14
[DEBUG] Adding ln_multiout1 for layer 14
[DEBUG] Adding ln1 for layer 14
[DEBUG] Adding multi_out1 (Q,K,V) for layer 14
[DEBUG] Adding multi_head_attention for layer 14
[DEBUG] Adding add1 (residual after attention) for layer 14
[DEBUG] Adding ln_multiout2 for layer 14
[DEBUG] Adding ln2 for layer 14
[DEBUG] Adding multi_out3 for layer 14
[DEBUG] Adding FFN fc1 for layer 14
[DEBUG] Adding FFN fc2 for layer 14
[DEBUG] Adding add2 (residual after FFN) for layer 14
[DEBUG] Creating transformer layer 15
[DEBUG] Adding ln_multiout1 for layer 15
[DEBUG] Adding ln1 for layer 15
[DEBUG] Adding multi_out1 (Q,K,V) for layer 15
[DEBUG] Adding multi_head_attention for layer 15
[DEBUG] Adding add1 (residual after attention) for layer 15
[DEBUG] Adding ln_multiout2 for layer 15
[DEBUG] Adding ln2 for layer 15
[DEBUG] Adding multi_out3 for layer 15
[DEBUG] Adding FFN fc1 for layer 15
[DEBUG] Adding FFN fc2 for layer 15
[DEBUG] Adding add2 (residual after FFN) for layer 15
[DEBUG] Adding final layer normalization...
[DEBUG] Final layer normalization added successfully
[DEBUG] Skipping pooling2d layer for debugging...
[DEBUG] Adding simple output projection...
[DEBUG] Output projection added successfully

[INFO] Gradient checkpointing is DISABLED
[DEBUG] Model creation completed successfully!
[DEBUG] Model created successfully!
[TIMING] Model Creation took: 23 ms
[MEMORY] After Model Creation - Peak: 4275 MB, Current: 4275 MB, RSS: 15 MB
[DEBUG] Setting model properties...
[DEBUG] Model properties set successfully
[DEBUG] Creating optimizer...
[DEBUG] Optimizer set successfully
[TIMING] Model Configuration took: 0 ms
[DEBUG] Compiling model...
[DEBUG] Model compiled with status: 0
[TIMING] Model Compilation took: 26 ms
[MEMORY] After Compilation - Peak: 4275 MB, Current: 4275 MB, RSS: 15 MB
[DEBUG] Initializing model...
[DEBUG] Model initialized with status: 0
[TIMING] Model Initialization took: 2944 ms
[MEMORY] After Initialization - Peak: 6584 MB, Current: 6584 MB, RSS: 2323 MB
[DEBUG] Creating data generator...
[DEBUG] Data generator created successfully
[DEBUG] Setting dataset...
[DEBUG] Dataset set successfully
[TIMING] Data Setup took: 0 ms
[DEBUG] Starting training...
[INFO] Iteration stats are printed from neuralnet.cpp (once per batch)
#1/1 [          0           ]  ( Training Loss: 0.361309 )
 [ITER] #1 - Total: 27168977 μs, Forward: 4862023 μs, Backward: 22306953 μs, Memory: 3398 MB
#1/1 [          1           ]  ( Training Loss: 542.24 )
 [ITER] #2 - Total: 27174527 μs, Forward: 3220407 μs, Backward: 23954119 μs, Memory: 3408 MB
#1/1 [          2           ]  ( Training Loss: 9.19301 )
 [ITER] #3 - Total: 25075798 μs, Forward: 2797467 μs, Backward: 22278331 μs, Memory: 3408 MB
#1/1 [          3           ]  ( Training Loss: 19.9213 )
 [ITER] #4 - Total: 24521145 μs, Forward: 2801125 μs, Backward: 21720019 μs, Memory: 3408 MB
#1/1 [          4           ]  ( Training Loss: 2.97947 )
 [ITER] #5 - Total: 24223006 μs, Forward: 2616502 μs, Backward: 21606503 μs, Memory: 3408 MB
#1/1 [          5           ]  ( Training Loss: 0.243433 )
 [ITER] #6 - Total: 24341694 μs, Forward: 2703859 μs, Backward: 21637834 μs, Memory: 3408 MB
#1/1 [          6           ]  ( Training Loss: 2.84866 )
 [ITER] #7 - Total: 24614140 μs, Forward: 2613279 μs, Backward: 22000860 μs, Memory: 3408 MB
#1/1 [          7           ]  ( Training Loss: 3.90268 )
 [ITER] #8 - Total: 24664308 μs, Forward: 2782892 μs, Backward: 21881415 μs, Memory: 3408 MB
#1/1 - Training Loss: 72.7113
[DEBUG] Training completed successfully
[TIMING] Training took: 202844 ms
[MEMORY] After Training - Peak: 7986 MB, Current: 6784 MB, RSS: 2334 MB

=== PERFORMANCE SUMMARY ===
Model Configuration:
  - Sequence Length: 128
  - Vocab Size: 1000
  - Model Dimension: 1024
  - Number of Heads: 16
  - Number of Layers: 16
  - FFN Dimension: 4096
  - Batch Size: 4
  - Epochs: 1

Approximate Model Parameters (GELU FFN):
  - Embedding: 131072
  - Attention: 67108864
  - GELU FFN: 134217728 (2 projections: fc1+fc2)
  - Total: 201457664 (~768 MB)

=== STDERR ===
