Command: bash -c ulimit -v 8388608 && nntrainer/build/Applications/GC_Test/jni/gelu_gc_test --seq_len 128 --model_dim 768 --num_heads 12 --ffn_dim 3072 --epochs 1 --learning_rate 0.0001 --num_layers 12 --batch_size 4 --enable-checkpoint
Timestamp: 20251215_121816
Memory Limit: 8192 MB
Return code: 0

=== STDOUT ===
[CONFIG] Parsed arguments:
  seq_len=128, vocab_size=1000, model_dim=768
  num_heads=12, num_layers=12, ffn_dim=3072
  batch_size=4, epochs=1, learning_rate=0.0001
[DEBUG] Starting main function...
[MEMORY] Program Start - Peak: 4274 MB, Current: 4274 MB, RSS: 12 MB
[DEBUG] Creating model...
[DEBUG] Starting model creation...
[DEBUG] Model created successfully
[DEBUG] Adding input layer...
[DEBUG] Input layer added successfully
[DEBUG] Adding simple embedding layer...
[DEBUG] Embedding layer (FC) added successfully
[DEBUG] Creating transformer layer 0
[DEBUG] Adding ln_multiout1 for layer 0
[DEBUG] Adding ln1 for layer 0
[DEBUG] Adding multi_out1 (Q,K,V) for layer 0
[DEBUG] Adding multi_head_attention for layer 0
[DEBUG] Adding add1 (residual after attention) for layer 0
[DEBUG] Adding ln_multiout2 for layer 0
[DEBUG] Adding ln2 for layer 0
[DEBUG] Adding multi_out3 for layer 0
[DEBUG] Adding FFN fc1 for layer 0
[DEBUG] Adding FFN fc2 for layer 0
[DEBUG] Adding add2 (residual after FFN) for layer 0
[DEBUG] Creating transformer layer 1
[DEBUG] Adding ln_multiout1 for layer 1
[DEBUG] Adding ln1 for layer 1
[DEBUG] Adding multi_out1 (Q,K,V) for layer 1
[DEBUG] Adding multi_head_attention for layer 1
[DEBUG] Adding add1 (residual after attention) for layer 1
[DEBUG] Adding ln_multiout2 for layer 1
[DEBUG] Adding ln2 for layer 1
[DEBUG] Adding multi_out3 for layer 1
[DEBUG] Adding FFN fc1 for layer 1
[DEBUG] Adding FFN fc2 for layer 1
[DEBUG] Adding add2 (residual after FFN) for layer 1
[DEBUG] Creating transformer layer 2
[DEBUG] Adding ln_multiout1 for layer 2
[DEBUG] Adding ln1 for layer 2
[DEBUG] Adding multi_out1 (Q,K,V) for layer 2
[DEBUG] Adding multi_head_attention for layer 2
[DEBUG] Adding add1 (residual after attention) for layer 2
[DEBUG] Adding ln_multiout2 for layer 2
[DEBUG] Adding ln2 for layer 2
[DEBUG] Adding multi_out3 for layer 2
[DEBUG] Adding FFN fc1 for layer 2
[DEBUG] Adding FFN fc2 for layer 2
[DEBUG] Adding add2 (residual after FFN) for layer 2
[DEBUG] Creating transformer layer 3
[DEBUG] Adding ln_multiout1 for layer 3
[DEBUG] Adding ln1 for layer 3
[DEBUG] Adding multi_out1 (Q,K,V) for layer 3
[DEBUG] Adding multi_head_attention for layer 3
[DEBUG] Adding add1 (residual after attention) for layer 3
[DEBUG] Adding ln_multiout2 for layer 3
[DEBUG] Adding ln2 for layer 3
[DEBUG] Adding multi_out3 for layer 3
[DEBUG] Adding FFN fc1 for layer 3
[DEBUG] Adding FFN fc2 for layer 3
[DEBUG] Adding add2 (residual after FFN) for layer 3
[DEBUG] Creating transformer layer 4
[DEBUG] Adding ln_multiout1 for layer 4
[DEBUG] Adding ln1 for layer 4
[DEBUG] Adding multi_out1 (Q,K,V) for layer 4
[DEBUG] Adding multi_head_attention for layer 4
[DEBUG] Adding add1 (residual after attention) for layer 4
[DEBUG] Adding ln_multiout2 for layer 4
[DEBUG] Adding ln2 for layer 4
[DEBUG] Adding multi_out3 for layer 4
[DEBUG] Adding FFN fc1 for layer 4
[DEBUG] Adding FFN fc2 for layer 4
[DEBUG] Adding add2 (residual after FFN) for layer 4
[DEBUG] Creating transformer layer 5
[DEBUG] Adding ln_multiout1 for layer 5
[DEBUG] Adding ln1 for layer 5
[DEBUG] Adding multi_out1 (Q,K,V) for layer 5
[DEBUG] Adding multi_head_attention for layer 5
[DEBUG] Adding add1 (residual after attention) for layer 5
[DEBUG] Adding ln_multiout2 for layer 5
[DEBUG] Adding ln2 for layer 5
[DEBUG] Adding multi_out3 for layer 5
[DEBUG] Adding FFN fc1 for layer 5
[DEBUG] Adding FFN fc2 for layer 5
[DEBUG] Adding add2 (residual after FFN) for layer 5
[DEBUG] Creating transformer layer 6
[DEBUG] Adding ln_multiout1 for layer 6
[DEBUG] Adding ln1 for layer 6
[DEBUG] Adding multi_out1 (Q,K,V) for layer 6
[DEBUG] Adding multi_head_attention for layer 6
[DEBUG] Adding add1 (residual after attention) for layer 6
[DEBUG] Adding ln_multiout2 for layer 6
[DEBUG] Adding ln2 for layer 6
[DEBUG] Adding multi_out3 for layer 6
[DEBUG] Adding FFN fc1 for layer 6
[DEBUG] Adding FFN fc2 for layer 6
[DEBUG] Adding add2 (residual after FFN) for layer 6
[DEBUG] Creating transformer layer 7
[DEBUG] Adding ln_multiout1 for layer 7
[DEBUG] Adding ln1 for layer 7
[DEBUG] Adding multi_out1 (Q,K,V) for layer 7
[DEBUG] Adding multi_head_attention for layer 7
[DEBUG] Adding add1 (residual after attention) for layer 7
[DEBUG] Adding ln_multiout2 for layer 7
[DEBUG] Adding ln2 for layer 7
[DEBUG] Adding multi_out3 for layer 7
[DEBUG] Adding FFN fc1 for layer 7
[DEBUG] Adding FFN fc2 for layer 7
[DEBUG] Adding add2 (residual after FFN) for layer 7
[DEBUG] Creating transformer layer 8
[DEBUG] Adding ln_multiout1 for layer 8
[DEBUG] Adding ln1 for layer 8
[DEBUG] Adding multi_out1 (Q,K,V) for layer 8
[DEBUG] Adding multi_head_attention for layer 8
[DEBUG] Adding add1 (residual after attention) for layer 8
[DEBUG] Adding ln_multiout2 for layer 8
[DEBUG] Adding ln2 for layer 8
[DEBUG] Adding multi_out3 for layer 8
[DEBUG] Adding FFN fc1 for layer 8
[DEBUG] Adding FFN fc2 for layer 8
[DEBUG] Adding add2 (residual after FFN) for layer 8
[DEBUG] Creating transformer layer 9
[DEBUG] Adding ln_multiout1 for layer 9
[DEBUG] Adding ln1 for layer 9
[DEBUG] Adding multi_out1 (Q,K,V) for layer 9
[DEBUG] Adding multi_head_attention for layer 9
[DEBUG] Adding add1 (residual after attention) for layer 9
[DEBUG] Adding ln_multiout2 for layer 9
[DEBUG] Adding ln2 for layer 9
[DEBUG] Adding multi_out3 for layer 9
[DEBUG] Adding FFN fc1 for layer 9
[DEBUG] Adding FFN fc2 for layer 9
[DEBUG] Adding add2 (residual after FFN) for layer 9
[DEBUG] Creating transformer layer 10
[DEBUG] Adding ln_multiout1 for layer 10
[DEBUG] Adding ln1 for layer 10
[DEBUG] Adding multi_out1 (Q,K,V) for layer 10
[DEBUG] Adding multi_head_attention for layer 10
[DEBUG] Adding add1 (residual after attention) for layer 10
[DEBUG] Adding ln_multiout2 for layer 10
[DEBUG] Adding ln2 for layer 10
[DEBUG] Adding multi_out3 for layer 10
[DEBUG] Adding FFN fc1 for layer 10
[DEBUG] Adding FFN fc2 for layer 10
[DEBUG] Adding add2 (residual after FFN) for layer 10
[DEBUG] Creating transformer layer 11
[DEBUG] Adding ln_multiout1 for layer 11
[DEBUG] Adding ln1 for layer 11
[DEBUG] Adding multi_out1 (Q,K,V) for layer 11
[DEBUG] Adding multi_head_attention for layer 11
[DEBUG] Adding add1 (residual after attention) for layer 11
[DEBUG] Adding ln_multiout2 for layer 11
[DEBUG] Adding ln2 for layer 11
[DEBUG] Adding multi_out3 for layer 11
[DEBUG] Adding FFN fc1 for layer 11
[DEBUG] Adding FFN fc2 for layer 11
[DEBUG] Adding add2 (residual after FFN) for layer 11
[DEBUG] Adding final layer normalization...
[DEBUG] Final layer normalization added successfully
[DEBUG] Skipping pooling2d layer for debugging...
[DEBUG] Adding simple output projection...
[DEBUG] Output projection added successfully

[CHECKPOINT] Setting up gradient checkpointing for transformer blocks...
[CHECKPOINT] Added checkpoint block for transformer layer 0 (11 layers)
[CHECKPOINT] Added checkpoint block for transformer layer 1 (11 layers)
[CHECKPOINT] Added checkpoint block for transformer layer 2 (11 layers)
[CHECKPOINT] Added checkpoint block for transformer layer 3 (11 layers)
[CHECKPOINT] Added checkpoint block for transformer layer 4 (11 layers)
[CHECKPOINT] Added checkpoint block for transformer layer 5 (11 layers)
[CHECKPOINT] Added checkpoint block for transformer layer 6 (11 layers)
[CHECKPOINT] Added checkpoint block for transformer layer 7 (11 layers)
[CHECKPOINT] Added checkpoint block for transformer layer 8 (11 layers)
[CHECKPOINT] Added checkpoint block for transformer layer 9 (11 layers)
[CHECKPOINT] Added checkpoint block for transformer layer 10 (11 layers)
[CHECKPOINT] Added checkpoint block for transformer layer 11 (11 layers)
[CHECKPOINT] Gradient checkpointing setup complete!
[CHECKPOINT] Total checkpoint blocks: 12
[CHECKPOINT] Expected memory savings: ~91%
[DEBUG] Model creation completed successfully!
[DEBUG] Model created successfully!
[TIMING] Model Creation took: 16 ms
[MEMORY] After Model Creation - Peak: 4275 MB, Current: 4275 MB, RSS: 15 MB
[DEBUG] Setting model properties...
[DEBUG] Model properties set successfully
[DEBUG] Creating optimizer...
[DEBUG] Optimizer set successfully
[TIMING] Model Configuration took: 0 ms
[DEBUG] Compiling model...
[DEBUG] Model compiled with status: 0
[TIMING] Model Compilation took: 17 ms
[MEMORY] After Compilation - Peak: 4275 MB, Current: 4275 MB, RSS: 15 MB
[DEBUG] Initializing model...
[DEBUG] Model initialized with status: 0
[TIMING] Model Initialization took: 1287 ms
[MEMORY] After Initialization - Peak: 5251 MB, Current: 5251 MB, RSS: 990 MB
[DEBUG] Creating data generator...
[DEBUG] Data generator created successfully
[DEBUG] Setting dataset...
[DEBUG] Dataset set successfully
[TIMING] Data Setup took: 0 ms
[DEBUG] Starting training...
[INFO] Iteration stats are printed from neuralnet.cpp (once per batch)
#1/1 [          0           ]  ( Training Loss: 0.39678 )
 [ITER] #1 - Total: 15170697 μs, Forward: 1507062 μs, Backward: 13663634 μs, Memory: 1292 MB
#1/1 [          1           ]  ( Training Loss: 441.84 )
 [ITER] #2 - Total: 14676018 μs, Forward: 1485710 μs, Backward: 13190307 μs, Memory: 1300 MB
#1/1 [          2           ]  ( Training Loss: 21.2984 )
 [ITER] #3 - Total: 14706702 μs, Forward: 1431236 μs, Backward: 13275466 μs, Memory: 1300 MB
#1/1 [          3           ]  ( Training Loss: 47.7978 )
 [ITER] #4 - Total: 14875774 μs, Forward: 1744111 μs, Backward: 13131662 μs, Memory: 1300 MB
#1/1 [          4           ]  ( Training Loss: 41.8254 )
 [ITER] #5 - Total: 14760225 μs, Forward: 1508597 μs, Backward: 13251627 μs, Memory: 1300 MB
#1/1 [          5           ]  ( Training Loss: 14.4978 )
 [ITER] #6 - Total: 14856476 μs, Forward: 1683487 μs, Backward: 13172988 μs, Memory: 1300 MB
#1/1 [          6           ]  ( Training Loss: 1.43097 )
 [ITER] #7 - Total: 14547292 μs, Forward: 1434495 μs, Backward: 13112796 μs, Memory: 1300 MB
#1/1 [          7           ]  ( Training Loss: 0.697027 )
 [ITER] #8 - Total: 14774392 μs, Forward: 1565379 μs, Backward: 13209012 μs, Memory: 1300 MB
#1/1 - Training Loss: 71.223
[DEBUG] Training completed successfully
[TIMING] Training took: 118652 ms
[MEMORY] After Training - Peak: 5816 MB, Current: 5451 MB, RSS: 998 MB

=== PERFORMANCE SUMMARY ===
Model Configuration:
  - Sequence Length: 128
  - Vocab Size: 1000
  - Model Dimension: 768
  - Number of Heads: 12
  - Number of Layers: 12
  - FFN Dimension: 3072
  - Batch Size: 4
  - Epochs: 1

Approximate Model Parameters (GELU FFN):
  - Embedding: 98304
  - Attention: 28311552
  - GELU FFN: 56623104 (2 projections: fc1+fc2)
  - Total: 85032960 (~324 MB)

=== STDERR ===
