Command: bash -c ulimit -v 8388608 && nntrainer/build/Applications/GC_Test/jni/gelu_gc_test --seq_len 128 --model_dim 1024 --num_heads 16 --ffn_dim 4096 --epochs 1 --learning_rate 0.0001 --num_layers 20 --batch_size 4 --enable-checkpoint
Timestamp: 20251215_122725
Memory Limit: 8192 MB
Return code: 0

=== STDOUT ===
[CONFIG] Parsed arguments:
  seq_len=128, vocab_size=1000, model_dim=1024
  num_heads=16, num_layers=20, ffn_dim=4096
  batch_size=4, epochs=1, learning_rate=0.0001
[DEBUG] Starting main function...
[MEMORY] Program Start - Peak: 4274 MB, Current: 4274 MB, RSS: 12 MB
[DEBUG] Creating model...
[DEBUG] Starting model creation...
[DEBUG] Model created successfully
[DEBUG] Adding input layer...
[DEBUG] Input layer added successfully
[DEBUG] Adding simple embedding layer...
[DEBUG] Embedding layer (FC) added successfully
[DEBUG] Creating transformer layer 0
[DEBUG] Adding ln_multiout1 for layer 0
[DEBUG] Adding ln1 for layer 0
[DEBUG] Adding multi_out1 (Q,K,V) for layer 0
[DEBUG] Adding multi_head_attention for layer 0
[DEBUG] Adding add1 (residual after attention) for layer 0
[DEBUG] Adding ln_multiout2 for layer 0
[DEBUG] Adding ln2 for layer 0
[DEBUG] Adding multi_out3 for layer 0
[DEBUG] Adding FFN fc1 for layer 0
[DEBUG] Adding FFN fc2 for layer 0
[DEBUG] Adding add2 (residual after FFN) for layer 0
[DEBUG] Creating transformer layer 1
[DEBUG] Adding ln_multiout1 for layer 1
[DEBUG] Adding ln1 for layer 1
[DEBUG] Adding multi_out1 (Q,K,V) for layer 1
[DEBUG] Adding multi_head_attention for layer 1
[DEBUG] Adding add1 (residual after attention) for layer 1
[DEBUG] Adding ln_multiout2 for layer 1
[DEBUG] Adding ln2 for layer 1
[DEBUG] Adding multi_out3 for layer 1
[DEBUG] Adding FFN fc1 for layer 1
[DEBUG] Adding FFN fc2 for layer 1
[DEBUG] Adding add2 (residual after FFN) for layer 1
[DEBUG] Creating transformer layer 2
[DEBUG] Adding ln_multiout1 for layer 2
[DEBUG] Adding ln1 for layer 2
[DEBUG] Adding multi_out1 (Q,K,V) for layer 2
[DEBUG] Adding multi_head_attention for layer 2
[DEBUG] Adding add1 (residual after attention) for layer 2
[DEBUG] Adding ln_multiout2 for layer 2
[DEBUG] Adding ln2 for layer 2
[DEBUG] Adding multi_out3 for layer 2
[DEBUG] Adding FFN fc1 for layer 2
[DEBUG] Adding FFN fc2 for layer 2
[DEBUG] Adding add2 (residual after FFN) for layer 2
[DEBUG] Creating transformer layer 3
[DEBUG] Adding ln_multiout1 for layer 3
[DEBUG] Adding ln1 for layer 3
[DEBUG] Adding multi_out1 (Q,K,V) for layer 3
[DEBUG] Adding multi_head_attention for layer 3
[DEBUG] Adding add1 (residual after attention) for layer 3
[DEBUG] Adding ln_multiout2 for layer 3
[DEBUG] Adding ln2 for layer 3
[DEBUG] Adding multi_out3 for layer 3
[DEBUG] Adding FFN fc1 for layer 3
[DEBUG] Adding FFN fc2 for layer 3
[DEBUG] Adding add2 (residual after FFN) for layer 3
[DEBUG] Creating transformer layer 4
[DEBUG] Adding ln_multiout1 for layer 4
[DEBUG] Adding ln1 for layer 4
[DEBUG] Adding multi_out1 (Q,K,V) for layer 4
[DEBUG] Adding multi_head_attention for layer 4
[DEBUG] Adding add1 (residual after attention) for layer 4
[DEBUG] Adding ln_multiout2 for layer 4
[DEBUG] Adding ln2 for layer 4
[DEBUG] Adding multi_out3 for layer 4
[DEBUG] Adding FFN fc1 for layer 4
[DEBUG] Adding FFN fc2 for layer 4
[DEBUG] Adding add2 (residual after FFN) for layer 4
[DEBUG] Creating transformer layer 5
[DEBUG] Adding ln_multiout1 for layer 5
[DEBUG] Adding ln1 for layer 5
[DEBUG] Adding multi_out1 (Q,K,V) for layer 5
[DEBUG] Adding multi_head_attention for layer 5
[DEBUG] Adding add1 (residual after attention) for layer 5
[DEBUG] Adding ln_multiout2 for layer 5
[DEBUG] Adding ln2 for layer 5
[DEBUG] Adding multi_out3 for layer 5
[DEBUG] Adding FFN fc1 for layer 5
[DEBUG] Adding FFN fc2 for layer 5
[DEBUG] Adding add2 (residual after FFN) for layer 5
[DEBUG] Creating transformer layer 6
[DEBUG] Adding ln_multiout1 for layer 6
[DEBUG] Adding ln1 for layer 6
[DEBUG] Adding multi_out1 (Q,K,V) for layer 6
[DEBUG] Adding multi_head_attention for layer 6
[DEBUG] Adding add1 (residual after attention) for layer 6
[DEBUG] Adding ln_multiout2 for layer 6
[DEBUG] Adding ln2 for layer 6
[DEBUG] Adding multi_out3 for layer 6
[DEBUG] Adding FFN fc1 for layer 6
[DEBUG] Adding FFN fc2 for layer 6
[DEBUG] Adding add2 (residual after FFN) for layer 6
[DEBUG] Creating transformer layer 7
[DEBUG] Adding ln_multiout1 for layer 7
[DEBUG] Adding ln1 for layer 7
[DEBUG] Adding multi_out1 (Q,K,V) for layer 7
[DEBUG] Adding multi_head_attention for layer 7
[DEBUG] Adding add1 (residual after attention) for layer 7
[DEBUG] Adding ln_multiout2 for layer 7
[DEBUG] Adding ln2 for layer 7
[DEBUG] Adding multi_out3 for layer 7
[DEBUG] Adding FFN fc1 for layer 7
[DEBUG] Adding FFN fc2 for layer 7
[DEBUG] Adding add2 (residual after FFN) for layer 7
[DEBUG] Creating transformer layer 8
[DEBUG] Adding ln_multiout1 for layer 8
[DEBUG] Adding ln1 for layer 8
[DEBUG] Adding multi_out1 (Q,K,V) for layer 8
[DEBUG] Adding multi_head_attention for layer 8
[DEBUG] Adding add1 (residual after attention) for layer 8
[DEBUG] Adding ln_multiout2 for layer 8
[DEBUG] Adding ln2 for layer 8
[DEBUG] Adding multi_out3 for layer 8
[DEBUG] Adding FFN fc1 for layer 8
[DEBUG] Adding FFN fc2 for layer 8
[DEBUG] Adding add2 (residual after FFN) for layer 8
[DEBUG] Creating transformer layer 9
[DEBUG] Adding ln_multiout1 for layer 9
[DEBUG] Adding ln1 for layer 9
[DEBUG] Adding multi_out1 (Q,K,V) for layer 9
[DEBUG] Adding multi_head_attention for layer 9
[DEBUG] Adding add1 (residual after attention) for layer 9
[DEBUG] Adding ln_multiout2 for layer 9
[DEBUG] Adding ln2 for layer 9
[DEBUG] Adding multi_out3 for layer 9
[DEBUG] Adding FFN fc1 for layer 9
[DEBUG] Adding FFN fc2 for layer 9
[DEBUG] Adding add2 (residual after FFN) for layer 9
[DEBUG] Creating transformer layer 10
[DEBUG] Adding ln_multiout1 for layer 10
[DEBUG] Adding ln1 for layer 10
[DEBUG] Adding multi_out1 (Q,K,V) for layer 10
[DEBUG] Adding multi_head_attention for layer 10
[DEBUG] Adding add1 (residual after attention) for layer 10
[DEBUG] Adding ln_multiout2 for layer 10
[DEBUG] Adding ln2 for layer 10
[DEBUG] Adding multi_out3 for layer 10
[DEBUG] Adding FFN fc1 for layer 10
[DEBUG] Adding FFN fc2 for layer 10
[DEBUG] Adding add2 (residual after FFN) for layer 10
[DEBUG] Creating transformer layer 11
[DEBUG] Adding ln_multiout1 for layer 11
[DEBUG] Adding ln1 for layer 11
[DEBUG] Adding multi_out1 (Q,K,V) for layer 11
[DEBUG] Adding multi_head_attention for layer 11
[DEBUG] Adding add1 (residual after attention) for layer 11
[DEBUG] Adding ln_multiout2 for layer 11
[DEBUG] Adding ln2 for layer 11
[DEBUG] Adding multi_out3 for layer 11
[DEBUG] Adding FFN fc1 for layer 11
[DEBUG] Adding FFN fc2 for layer 11
[DEBUG] Adding add2 (residual after FFN) for layer 11
[DEBUG] Creating transformer layer 12
[DEBUG] Adding ln_multiout1 for layer 12
[DEBUG] Adding ln1 for layer 12
[DEBUG] Adding multi_out1 (Q,K,V) for layer 12
[DEBUG] Adding multi_head_attention for layer 12
[DEBUG] Adding add1 (residual after attention) for layer 12
[DEBUG] Adding ln_multiout2 for layer 12
[DEBUG] Adding ln2 for layer 12
[DEBUG] Adding multi_out3 for layer 12
[DEBUG] Adding FFN fc1 for layer 12
[DEBUG] Adding FFN fc2 for layer 12
[DEBUG] Adding add2 (residual after FFN) for layer 12
[DEBUG] Creating transformer layer 13
[DEBUG] Adding ln_multiout1 for layer 13
[DEBUG] Adding ln1 for layer 13
[DEBUG] Adding multi_out1 (Q,K,V) for layer 13
[DEBUG] Adding multi_head_attention for layer 13
[DEBUG] Adding add1 (residual after attention) for layer 13
[DEBUG] Adding ln_multiout2 for layer 13
[DEBUG] Adding ln2 for layer 13
[DEBUG] Adding multi_out3 for layer 13
[DEBUG] Adding FFN fc1 for layer 13
[DEBUG] Adding FFN fc2 for layer 13
[DEBUG] Adding add2 (residual after FFN) for layer 13
[DEBUG] Creating transformer layer 14
[DEBUG] Adding ln_multiout1 for layer 14
[DEBUG] Adding ln1 for layer 14
[DEBUG] Adding multi_out1 (Q,K,V) for layer 14
[DEBUG] Adding multi_head_attention for layer 14
[DEBUG] Adding add1 (residual after attention) for layer 14
[DEBUG] Adding ln_multiout2 for layer 14
[DEBUG] Adding ln2 for layer 14
[DEBUG] Adding multi_out3 for layer 14
[DEBUG] Adding FFN fc1 for layer 14
[DEBUG] Adding FFN fc2 for layer 14
[DEBUG] Adding add2 (residual after FFN) for layer 14
[DEBUG] Creating transformer layer 15
[DEBUG] Adding ln_multiout1 for layer 15
[DEBUG] Adding ln1 for layer 15
[DEBUG] Adding multi_out1 (Q,K,V) for layer 15
[DEBUG] Adding multi_head_attention for layer 15
[DEBUG] Adding add1 (residual after attention) for layer 15
[DEBUG] Adding ln_multiout2 for layer 15
[DEBUG] Adding ln2 for layer 15
[DEBUG] Adding multi_out3 for layer 15
[DEBUG] Adding FFN fc1 for layer 15
[DEBUG] Adding FFN fc2 for layer 15
[DEBUG] Adding add2 (residual after FFN) for layer 15
[DEBUG] Creating transformer layer 16
[DEBUG] Adding ln_multiout1 for layer 16
[DEBUG] Adding ln1 for layer 16
[DEBUG] Adding multi_out1 (Q,K,V) for layer 16
[DEBUG] Adding multi_head_attention for layer 16
[DEBUG] Adding add1 (residual after attention) for layer 16
[DEBUG] Adding ln_multiout2 for layer 16
[DEBUG] Adding ln2 for layer 16
[DEBUG] Adding multi_out3 for layer 16
[DEBUG] Adding FFN fc1 for layer 16
[DEBUG] Adding FFN fc2 for layer 16
[DEBUG] Adding add2 (residual after FFN) for layer 16
[DEBUG] Creating transformer layer 17
[DEBUG] Adding ln_multiout1 for layer 17
[DEBUG] Adding ln1 for layer 17
[DEBUG] Adding multi_out1 (Q,K,V) for layer 17
[DEBUG] Adding multi_head_attention for layer 17
[DEBUG] Adding add1 (residual after attention) for layer 17
[DEBUG] Adding ln_multiout2 for layer 17
[DEBUG] Adding ln2 for layer 17
[DEBUG] Adding multi_out3 for layer 17
[DEBUG] Adding FFN fc1 for layer 17
[DEBUG] Adding FFN fc2 for layer 17
[DEBUG] Adding add2 (residual after FFN) for layer 17
[DEBUG] Creating transformer layer 18
[DEBUG] Adding ln_multiout1 for layer 18
[DEBUG] Adding ln1 for layer 18
[DEBUG] Adding multi_out1 (Q,K,V) for layer 18
[DEBUG] Adding multi_head_attention for layer 18
[DEBUG] Adding add1 (residual after attention) for layer 18
[DEBUG] Adding ln_multiout2 for layer 18
[DEBUG] Adding ln2 for layer 18
[DEBUG] Adding multi_out3 for layer 18
[DEBUG] Adding FFN fc1 for layer 18
[DEBUG] Adding FFN fc2 for layer 18
[DEBUG] Adding add2 (residual after FFN) for layer 18
[DEBUG] Creating transformer layer 19
[DEBUG] Adding ln_multiout1 for layer 19
[DEBUG] Adding ln1 for layer 19
[DEBUG] Adding multi_out1 (Q,K,V) for layer 19
[DEBUG] Adding multi_head_attention for layer 19
[DEBUG] Adding add1 (residual after attention) for layer 19
[DEBUG] Adding ln_multiout2 for layer 19
[DEBUG] Adding ln2 for layer 19
[DEBUG] Adding multi_out3 for layer 19
[DEBUG] Adding FFN fc1 for layer 19
[DEBUG] Adding FFN fc2 for layer 19
[DEBUG] Adding add2 (residual after FFN) for layer 19
[DEBUG] Adding final layer normalization...
[DEBUG] Final layer normalization added successfully
[DEBUG] Skipping pooling2d layer for debugging...
[DEBUG] Adding simple output projection...
[DEBUG] Output projection added successfully

[CHECKPOINT] Setting up gradient checkpointing for transformer blocks...
[CHECKPOINT] Added checkpoint block for transformer layer 0 (11 layers)
[CHECKPOINT] Added checkpoint block for transformer layer 1 (11 layers)
[CHECKPOINT] Added checkpoint block for transformer layer 2 (11 layers)
[CHECKPOINT] Added checkpoint block for transformer layer 3 (11 layers)
[CHECKPOINT] Added checkpoint block for transformer layer 4 (11 layers)
[CHECKPOINT] Added checkpoint block for transformer layer 5 (11 layers)
[CHECKPOINT] Added checkpoint block for transformer layer 6 (11 layers)
[CHECKPOINT] Added checkpoint block for transformer layer 7 (11 layers)
[CHECKPOINT] Added checkpoint block for transformer layer 8 (11 layers)
[CHECKPOINT] Added checkpoint block for transformer layer 9 (11 layers)
[CHECKPOINT] Added checkpoint block for transformer layer 10 (11 layers)
[CHECKPOINT] Added checkpoint block for transformer layer 11 (11 layers)
[CHECKPOINT] Added checkpoint block for transformer layer 12 (11 layers)
[CHECKPOINT] Added checkpoint block for transformer layer 13 (11 layers)
[CHECKPOINT] Added checkpoint block for transformer layer 14 (11 layers)
[CHECKPOINT] Added checkpoint block for transformer layer 15 (11 layers)
[CHECKPOINT] Added checkpoint block for transformer layer 16 (11 layers)
[CHECKPOINT] Added checkpoint block for transformer layer 17 (11 layers)
[CHECKPOINT] Added checkpoint block for transformer layer 18 (11 layers)
[CHECKPOINT] Added checkpoint block for transformer layer 19 (11 layers)
[CHECKPOINT] Gradient checkpointing setup complete!
[CHECKPOINT] Total checkpoint blocks: 20
[CHECKPOINT] Expected memory savings: ~95%
[DEBUG] Model creation completed successfully!
[DEBUG] Model created successfully!
[TIMING] Model Creation took: 25 ms
[MEMORY] After Model Creation - Peak: 4275 MB, Current: 4275 MB, RSS: 15 MB
[DEBUG] Setting model properties...
[DEBUG] Model properties set successfully
[DEBUG] Creating optimizer...
[DEBUG] Optimizer set successfully
[TIMING] Model Configuration took: 0 ms
[DEBUG] Compiling model...
[DEBUG] Model compiled with status: 0
[TIMING] Model Compilation took: 61 ms
[MEMORY] After Compilation - Peak: 4275 MB, Current: 4275 MB, RSS: 15 MB
[DEBUG] Initializing model...
[DEBUG] Model initialized with status: 0
[TIMING] Model Initialization took: 3696 ms
[MEMORY] After Initialization - Peak: 7162 MB, Current: 7162 MB, RSS: 2901 MB
[DEBUG] Creating data generator...
[DEBUG] Data generator created successfully
[DEBUG] Setting dataset...
[DEBUG] Dataset set successfully
[TIMING] Data Setup took: 0 ms
[DEBUG] Starting training...
[INFO] Iteration stats are printed from neuralnet.cpp (once per batch)
#1/1 [          0           ]  ( Training Loss: 0.00593143 )
 [ITER] #1 - Total: 34151517 μs, Forward: 3471868 μs, Backward: 30679648 μs, Memory: 3526 MB
#1/1 [          1           ]  ( Training Loss: 635.637 )
 [ITER] #2 - Total: 33695097 μs, Forward: 3398538 μs, Backward: 30296558 μs, Memory: 3536 MB
#1/1 [          2           ]  ( Training Loss: 10.9608 )
 [ITER] #3 - Total: 35298410 μs, Forward: 3182170 μs, Backward: 32116240 μs, Memory: 3536 MB
#1/1 [          3           ]  ( Training Loss: 14.9035 )
 [ITER] #4 - Total: 33788263 μs, Forward: 3332891 μs, Backward: 30455371 μs, Memory: 3536 MB
#1/1 [          4           ]  ( Training Loss: 1.19014 )
 [ITER] #5 - Total: 33718323 μs, Forward: 3215049 μs, Backward: 30503272 μs, Memory: 3536 MB
#1/1 [          5           ]  ( Training Loss: 0.870032 )
 [ITER] #6 - Total: 34042341 μs, Forward: 3422209 μs, Backward: 30620131 μs, Memory: 3536 MB
#1/1 [          6           ]  ( Training Loss: 3.20408 )
 [ITER] #7 - Total: 34170015 μs, Forward: 3417120 μs, Backward: 30752894 μs, Memory: 3536 MB
#1/1 [          7           ]  ( Training Loss: 2.92658 )
 [ITER] #8 - Total: 33793634 μs, Forward: 3352875 μs, Backward: 30440758 μs, Memory: 3536 MB
#1/1 - Training Loss: 83.7122
[DEBUG] Training completed successfully
[TIMING] Training took: 273364 ms
[MEMORY] After Training - Peak: 8050 MB, Current: 7362 MB, RSS: 2912 MB

=== PERFORMANCE SUMMARY ===
Model Configuration:
  - Sequence Length: 128
  - Vocab Size: 1000
  - Model Dimension: 1024
  - Number of Heads: 16
  - Number of Layers: 20
  - FFN Dimension: 4096
  - Batch Size: 4
  - Epochs: 1

Approximate Model Parameters (GELU FFN):
  - Embedding: 131072
  - Attention: 83886080
  - GELU FFN: 167772160 (2 projections: fc1+fc2)
  - Total: 251789312 (~960 MB)

=== STDERR ===
