Command: bash -c ulimit -v 8388608 && nntrainer/build/Applications/GC_Test/jni/swiglu_gc_test --seq_len 128 --model_dim 256 --num_heads 4 --ffn_dim 1024 --epochs 1 --learning_rate 0.0001 --num_layers 8 --batch_size 4
Timestamp: 20251215_123231
Memory Limit: 8192 MB
Return code: 0

=== STDOUT ===
[CONFIG] Parsed arguments:
  seq_len=128, vocab_size=1000, model_dim=256
  num_heads=4, num_layers=8, ffn_dim=1024
  batch_size=4, epochs=1, learning_rate=0.0001
[DEBUG] Starting main function...
[MEMORY] Program Start - Peak: 4274 MB, Current: 4274 MB, RSS: 12 MB
[DEBUG] Creating model...
[DEBUG] Starting model creation...
[DEBUG] Model created successfully
[DEBUG] Adding input layer...
[DEBUG] Input layer added successfully
[DEBUG] Adding simple embedding layer...
[DEBUG] Embedding layer (FC) added successfully
[DEBUG] Creating transformer layer 0
[DEBUG] Adding ln_multiout1 for layer 0
[DEBUG] Adding ln1 for layer 0
[DEBUG] Adding multi_out1 (Q,K,V) for layer 0
[DEBUG] Adding multi_head_attention for layer 0
[DEBUG] Adding add1 (residual after attention) for layer 0
[DEBUG] Adding ln_multiout2 for layer 0
[DEBUG] Adding ln2 for layer 0
[DEBUG] Adding multi_out3 for layer 0
[DEBUG] Adding SwiGLU gate projection for layer 0
[DEBUG] Adding SwiGLU up projection for layer 0
[DEBUG] Adding multiply (gating) for layer 0
[DEBUG] Adding SwiGLU down projection for layer 0
[DEBUG] Adding add2 (residual after SwiGLU FFN) for layer 0
[DEBUG] Creating transformer layer 1
[DEBUG] Adding ln_multiout1 for layer 1
[DEBUG] Adding ln1 for layer 1
[DEBUG] Adding multi_out1 (Q,K,V) for layer 1
[DEBUG] Adding multi_head_attention for layer 1
[DEBUG] Adding add1 (residual after attention) for layer 1
[DEBUG] Adding ln_multiout2 for layer 1
[DEBUG] Adding ln2 for layer 1
[DEBUG] Adding multi_out3 for layer 1
[DEBUG] Adding SwiGLU gate projection for layer 1
[DEBUG] Adding SwiGLU up projection for layer 1
[DEBUG] Adding multiply (gating) for layer 1
[DEBUG] Adding SwiGLU down projection for layer 1
[DEBUG] Adding add2 (residual after SwiGLU FFN) for layer 1
[DEBUG] Creating transformer layer 2
[DEBUG] Adding ln_multiout1 for layer 2
[DEBUG] Adding ln1 for layer 2
[DEBUG] Adding multi_out1 (Q,K,V) for layer 2
[DEBUG] Adding multi_head_attention for layer 2
[DEBUG] Adding add1 (residual after attention) for layer 2
[DEBUG] Adding ln_multiout2 for layer 2
[DEBUG] Adding ln2 for layer 2
[DEBUG] Adding multi_out3 for layer 2
[DEBUG] Adding SwiGLU gate projection for layer 2
[DEBUG] Adding SwiGLU up projection for layer 2
[DEBUG] Adding multiply (gating) for layer 2
[DEBUG] Adding SwiGLU down projection for layer 2
[DEBUG] Adding add2 (residual after SwiGLU FFN) for layer 2
[DEBUG] Creating transformer layer 3
[DEBUG] Adding ln_multiout1 for layer 3
[DEBUG] Adding ln1 for layer 3
[DEBUG] Adding multi_out1 (Q,K,V) for layer 3
[DEBUG] Adding multi_head_attention for layer 3
[DEBUG] Adding add1 (residual after attention) for layer 3
[DEBUG] Adding ln_multiout2 for layer 3
[DEBUG] Adding ln2 for layer 3
[DEBUG] Adding multi_out3 for layer 3
[DEBUG] Adding SwiGLU gate projection for layer 3
[DEBUG] Adding SwiGLU up projection for layer 3
[DEBUG] Adding multiply (gating) for layer 3
[DEBUG] Adding SwiGLU down projection for layer 3
[DEBUG] Adding add2 (residual after SwiGLU FFN) for layer 3
[DEBUG] Creating transformer layer 4
[DEBUG] Adding ln_multiout1 for layer 4
[DEBUG] Adding ln1 for layer 4
[DEBUG] Adding multi_out1 (Q,K,V) for layer 4
[DEBUG] Adding multi_head_attention for layer 4
[DEBUG] Adding add1 (residual after attention) for layer 4
[DEBUG] Adding ln_multiout2 for layer 4
[DEBUG] Adding ln2 for layer 4
[DEBUG] Adding multi_out3 for layer 4
[DEBUG] Adding SwiGLU gate projection for layer 4
[DEBUG] Adding SwiGLU up projection for layer 4
[DEBUG] Adding multiply (gating) for layer 4
[DEBUG] Adding SwiGLU down projection for layer 4
[DEBUG] Adding add2 (residual after SwiGLU FFN) for layer 4
[DEBUG] Creating transformer layer 5
[DEBUG] Adding ln_multiout1 for layer 5
[DEBUG] Adding ln1 for layer 5
[DEBUG] Adding multi_out1 (Q,K,V) for layer 5
[DEBUG] Adding multi_head_attention for layer 5
[DEBUG] Adding add1 (residual after attention) for layer 5
[DEBUG] Adding ln_multiout2 for layer 5
[DEBUG] Adding ln2 for layer 5
[DEBUG] Adding multi_out3 for layer 5
[DEBUG] Adding SwiGLU gate projection for layer 5
[DEBUG] Adding SwiGLU up projection for layer 5
[DEBUG] Adding multiply (gating) for layer 5
[DEBUG] Adding SwiGLU down projection for layer 5
[DEBUG] Adding add2 (residual after SwiGLU FFN) for layer 5
[DEBUG] Creating transformer layer 6
[DEBUG] Adding ln_multiout1 for layer 6
[DEBUG] Adding ln1 for layer 6
[DEBUG] Adding multi_out1 (Q,K,V) for layer 6
[DEBUG] Adding multi_head_attention for layer 6
[DEBUG] Adding add1 (residual after attention) for layer 6
[DEBUG] Adding ln_multiout2 for layer 6
[DEBUG] Adding ln2 for layer 6
[DEBUG] Adding multi_out3 for layer 6
[DEBUG] Adding SwiGLU gate projection for layer 6
[DEBUG] Adding SwiGLU up projection for layer 6
[DEBUG] Adding multiply (gating) for layer 6
[DEBUG] Adding SwiGLU down projection for layer 6
[DEBUG] Adding add2 (residual after SwiGLU FFN) for layer 6
[DEBUG] Creating transformer layer 7
[DEBUG] Adding ln_multiout1 for layer 7
[DEBUG] Adding ln1 for layer 7
[DEBUG] Adding multi_out1 (Q,K,V) for layer 7
[DEBUG] Adding multi_head_attention for layer 7
[DEBUG] Adding add1 (residual after attention) for layer 7
[DEBUG] Adding ln_multiout2 for layer 7
[DEBUG] Adding ln2 for layer 7
[DEBUG] Adding multi_out3 for layer 7
[DEBUG] Adding SwiGLU gate projection for layer 7
[DEBUG] Adding SwiGLU up projection for layer 7
[DEBUG] Adding multiply (gating) for layer 7
[DEBUG] Adding SwiGLU down projection for layer 7
[DEBUG] Adding add2 (residual after SwiGLU FFN) for layer 7
[DEBUG] Adding final layer normalization...
[DEBUG] Final layer normalization added successfully
[DEBUG] Skipping pooling2d layer for debugging...
[DEBUG] Adding simple output projection...
[DEBUG] Output projection added successfully

[INFO] Gradient checkpointing is DISABLED
[DEBUG] Model creation completed successfully!
[DEBUG] Model created successfully!
[TIMING] Model Creation took: 26 ms
[MEMORY] After Model Creation - Peak: 4275 MB, Current: 4275 MB, RSS: 15 MB
[DEBUG] Setting model properties...
[DEBUG] Model properties set successfully
[DEBUG] Creating optimizer...
[DEBUG] Optimizer set successfully
[TIMING] Model Configuration took: 0 ms
[DEBUG] Compiling model...
[DEBUG] Model compiled with status: 0
[TIMING] Model Compilation took: 8 ms
[MEMORY] After Compilation - Peak: 4275 MB, Current: 4275 MB, RSS: 15 MB
[DEBUG] Initializing model...
[DEBUG] Model initialized with status: 0
[TIMING] Model Initialization took: 153 ms
[MEMORY] After Initialization - Peak: 4373 MB, Current: 4373 MB, RSS: 112 MB
[DEBUG] Creating fixed data generator...
[DEBUG] Data shapes - Input: [4, 1, 128, 1]
[DEBUG] Data shapes - Label: [4, 1, 128, 1]
[DEBUG] Using FixedDataGenerator for reproducibility...
[DEBUG] FixedDataGenerator created with 32 batches
[DEBUG] Input sample [0..2]: 0.5, 0.549917, 0.599335
[DEBUG] Label sample [0..2]: 0.549917, 0.599335, 0.64776
[DEBUG] Data generator created successfully
[DEBUG] Setting dataset...
[DEBUG] Dataset set successfully
[TIMING] Data Setup took: 0 ms
[DEBUG] Starting training...
[INFO] Iteration stats are printed from neuralnet.cpp (once per batch)
#1/1 [          0           ]  ( Training Loss: 3.42821 )
 [ITER] #1 - Total: 3109481 μs, Forward: 520814 μs, Backward: 2588666 μs, Memory: 280 MB
#1/1 [          1           ]  ( Training Loss: 36.9485 )
 [ITER] #2 - Total: 3003056 μs, Forward: 432242 μs, Backward: 2570813 μs, Memory: 282 MB
#1/1 [          2           ]  ( Training Loss: 5.7883 )
 [ITER] #3 - Total: 2879012 μs, Forward: 315646 μs, Backward: 2563364 μs, Memory: 282 MB
#1/1 [          3           ]  ( Training Loss: 0.322001 )
 [ITER] #4 - Total: 2971095 μs, Forward: 323365 μs, Backward: 2647729 μs, Memory: 282 MB
#1/1 [          4           ]  ( Training Loss: 4.17458 )
 [ITER] #5 - Total: 2960434 μs, Forward: 337751 μs, Backward: 2622683 μs, Memory: 282 MB
#1/1 [          5           ]  ( Training Loss: 4.82491 )
 [ITER] #6 - Total: 2939560 μs, Forward: 339299 μs, Backward: 2600260 μs, Memory: 282 MB
#1/1 [          6           ]  ( Training Loss: 2.87881 )
 [ITER] #7 - Total: 3044840 μs, Forward: 396205 μs, Backward: 2648635 μs, Memory: 282 MB
#1/1 [          7           ]  ( Training Loss: 0.866696 )
 [ITER] #8 - Total: 4317675 μs, Forward: 423746 μs, Backward: 3893929 μs, Memory: 282 MB
#1/1 - Training Loss: 7.40399
[DEBUG] Training completed successfully
[TIMING] Training took: 25326 ms
[MEMORY] After Training - Peak: 4811 MB, Current: 4574 MB, RSS: 117 MB
[INFO] Saving weights to swiglu_weights.bin

=== PERFORMANCE SUMMARY ===
Model Configuration:
  - Sequence Length: 128
  - Vocab Size: 1000
  - Model Dimension: 256
  - Number of Heads: 4
  - Number of Layers: 8
  - FFN Dimension: 1024
  - Batch Size: 4
  - Epochs: 1

Approximate Model Parameters (SwiGLU FFN):
  - Embedding: 32768
  - Attention: 2097152
  - SwiGLU FFN: 6291456 (3 projections: gate+up+down)
  - Total: 8421376 (~32 MB)

=== STDERR ===
