Command: bash -c ulimit -v 8388608 && nntrainer/build/Applications/GC_Test/jni/swiglu_gc_test --seq_len 128 --model_dim 768 --num_heads 12 --ffn_dim 3072 --epochs 1 --learning_rate 0.0001 --num_layers 20 --batch_size 4
Timestamp: 20251215_123712
Memory Limit: 8192 MB
Return code: 0

=== STDOUT ===
[CONFIG] Parsed arguments:
  seq_len=128, vocab_size=1000, model_dim=768
  num_heads=12, num_layers=20, ffn_dim=3072
  batch_size=4, epochs=1, learning_rate=0.0001
[DEBUG] Starting main function...
[MEMORY] Program Start - Peak: 4274 MB, Current: 4274 MB, RSS: 12 MB
[DEBUG] Creating model...
[DEBUG] Starting model creation...
[DEBUG] Model created successfully
[DEBUG] Adding input layer...
[DEBUG] Input layer added successfully
[DEBUG] Adding simple embedding layer...
[DEBUG] Embedding layer (FC) added successfully
[DEBUG] Creating transformer layer 0
[DEBUG] Adding ln_multiout1 for layer 0
[DEBUG] Adding ln1 for layer 0
[DEBUG] Adding multi_out1 (Q,K,V) for layer 0
[DEBUG] Adding multi_head_attention for layer 0
[DEBUG] Adding add1 (residual after attention) for layer 0
[DEBUG] Adding ln_multiout2 for layer 0
[DEBUG] Adding ln2 for layer 0
[DEBUG] Adding multi_out3 for layer 0
[DEBUG] Adding SwiGLU gate projection for layer 0
[DEBUG] Adding SwiGLU up projection for layer 0
[DEBUG] Adding multiply (gating) for layer 0
[DEBUG] Adding SwiGLU down projection for layer 0
[DEBUG] Adding add2 (residual after SwiGLU FFN) for layer 0
[DEBUG] Creating transformer layer 1
[DEBUG] Adding ln_multiout1 for layer 1
[DEBUG] Adding ln1 for layer 1
[DEBUG] Adding multi_out1 (Q,K,V) for layer 1
[DEBUG] Adding multi_head_attention for layer 1
[DEBUG] Adding add1 (residual after attention) for layer 1
[DEBUG] Adding ln_multiout2 for layer 1
[DEBUG] Adding ln2 for layer 1
[DEBUG] Adding multi_out3 for layer 1
[DEBUG] Adding SwiGLU gate projection for layer 1
[DEBUG] Adding SwiGLU up projection for layer 1
[DEBUG] Adding multiply (gating) for layer 1
[DEBUG] Adding SwiGLU down projection for layer 1
[DEBUG] Adding add2 (residual after SwiGLU FFN) for layer 1
[DEBUG] Creating transformer layer 2
[DEBUG] Adding ln_multiout1 for layer 2
[DEBUG] Adding ln1 for layer 2
[DEBUG] Adding multi_out1 (Q,K,V) for layer 2
[DEBUG] Adding multi_head_attention for layer 2
[DEBUG] Adding add1 (residual after attention) for layer 2
[DEBUG] Adding ln_multiout2 for layer 2
[DEBUG] Adding ln2 for layer 2
[DEBUG] Adding multi_out3 for layer 2
[DEBUG] Adding SwiGLU gate projection for layer 2
[DEBUG] Adding SwiGLU up projection for layer 2
[DEBUG] Adding multiply (gating) for layer 2
[DEBUG] Adding SwiGLU down projection for layer 2
[DEBUG] Adding add2 (residual after SwiGLU FFN) for layer 2
[DEBUG] Creating transformer layer 3
[DEBUG] Adding ln_multiout1 for layer 3
[DEBUG] Adding ln1 for layer 3
[DEBUG] Adding multi_out1 (Q,K,V) for layer 3
[DEBUG] Adding multi_head_attention for layer 3
[DEBUG] Adding add1 (residual after attention) for layer 3
[DEBUG] Adding ln_multiout2 for layer 3
[DEBUG] Adding ln2 for layer 3
[DEBUG] Adding multi_out3 for layer 3
[DEBUG] Adding SwiGLU gate projection for layer 3
[DEBUG] Adding SwiGLU up projection for layer 3
[DEBUG] Adding multiply (gating) for layer 3
[DEBUG] Adding SwiGLU down projection for layer 3
[DEBUG] Adding add2 (residual after SwiGLU FFN) for layer 3
[DEBUG] Creating transformer layer 4
[DEBUG] Adding ln_multiout1 for layer 4
[DEBUG] Adding ln1 for layer 4
[DEBUG] Adding multi_out1 (Q,K,V) for layer 4
[DEBUG] Adding multi_head_attention for layer 4
[DEBUG] Adding add1 (residual after attention) for layer 4
[DEBUG] Adding ln_multiout2 for layer 4
[DEBUG] Adding ln2 for layer 4
[DEBUG] Adding multi_out3 for layer 4
[DEBUG] Adding SwiGLU gate projection for layer 4
[DEBUG] Adding SwiGLU up projection for layer 4
[DEBUG] Adding multiply (gating) for layer 4
[DEBUG] Adding SwiGLU down projection for layer 4
[DEBUG] Adding add2 (residual after SwiGLU FFN) for layer 4
[DEBUG] Creating transformer layer 5
[DEBUG] Adding ln_multiout1 for layer 5
[DEBUG] Adding ln1 for layer 5
[DEBUG] Adding multi_out1 (Q,K,V) for layer 5
[DEBUG] Adding multi_head_attention for layer 5
[DEBUG] Adding add1 (residual after attention) for layer 5
[DEBUG] Adding ln_multiout2 for layer 5
[DEBUG] Adding ln2 for layer 5
[DEBUG] Adding multi_out3 for layer 5
[DEBUG] Adding SwiGLU gate projection for layer 5
[DEBUG] Adding SwiGLU up projection for layer 5
[DEBUG] Adding multiply (gating) for layer 5
[DEBUG] Adding SwiGLU down projection for layer 5
[DEBUG] Adding add2 (residual after SwiGLU FFN) for layer 5
[DEBUG] Creating transformer layer 6
[DEBUG] Adding ln_multiout1 for layer 6
[DEBUG] Adding ln1 for layer 6
[DEBUG] Adding multi_out1 (Q,K,V) for layer 6
[DEBUG] Adding multi_head_attention for layer 6
[DEBUG] Adding add1 (residual after attention) for layer 6
[DEBUG] Adding ln_multiout2 for layer 6
[DEBUG] Adding ln2 for layer 6
[DEBUG] Adding multi_out3 for layer 6
[DEBUG] Adding SwiGLU gate projection for layer 6
[DEBUG] Adding SwiGLU up projection for layer 6
[DEBUG] Adding multiply (gating) for layer 6
[DEBUG] Adding SwiGLU down projection for layer 6
[DEBUG] Adding add2 (residual after SwiGLU FFN) for layer 6
[DEBUG] Creating transformer layer 7
[DEBUG] Adding ln_multiout1 for layer 7
[DEBUG] Adding ln1 for layer 7
[DEBUG] Adding multi_out1 (Q,K,V) for layer 7
[DEBUG] Adding multi_head_attention for layer 7
[DEBUG] Adding add1 (residual after attention) for layer 7
[DEBUG] Adding ln_multiout2 for layer 7
[DEBUG] Adding ln2 for layer 7
[DEBUG] Adding multi_out3 for layer 7
[DEBUG] Adding SwiGLU gate projection for layer 7
[DEBUG] Adding SwiGLU up projection for layer 7
[DEBUG] Adding multiply (gating) for layer 7
[DEBUG] Adding SwiGLU down projection for layer 7
[DEBUG] Adding add2 (residual after SwiGLU FFN) for layer 7
[DEBUG] Creating transformer layer 8
[DEBUG] Adding ln_multiout1 for layer 8
[DEBUG] Adding ln1 for layer 8
[DEBUG] Adding multi_out1 (Q,K,V) for layer 8
[DEBUG] Adding multi_head_attention for layer 8
[DEBUG] Adding add1 (residual after attention) for layer 8
[DEBUG] Adding ln_multiout2 for layer 8
[DEBUG] Adding ln2 for layer 8
[DEBUG] Adding multi_out3 for layer 8
[DEBUG] Adding SwiGLU gate projection for layer 8
[DEBUG] Adding SwiGLU up projection for layer 8
[DEBUG] Adding multiply (gating) for layer 8
[DEBUG] Adding SwiGLU down projection for layer 8
[DEBUG] Adding add2 (residual after SwiGLU FFN) for layer 8
[DEBUG] Creating transformer layer 9
[DEBUG] Adding ln_multiout1 for layer 9
[DEBUG] Adding ln1 for layer 9
[DEBUG] Adding multi_out1 (Q,K,V) for layer 9
[DEBUG] Adding multi_head_attention for layer 9
[DEBUG] Adding add1 (residual after attention) for layer 9
[DEBUG] Adding ln_multiout2 for layer 9
[DEBUG] Adding ln2 for layer 9
[DEBUG] Adding multi_out3 for layer 9
[DEBUG] Adding SwiGLU gate projection for layer 9
[DEBUG] Adding SwiGLU up projection for layer 9
[DEBUG] Adding multiply (gating) for layer 9
[DEBUG] Adding SwiGLU down projection for layer 9
[DEBUG] Adding add2 (residual after SwiGLU FFN) for layer 9
[DEBUG] Creating transformer layer 10
[DEBUG] Adding ln_multiout1 for layer 10
[DEBUG] Adding ln1 for layer 10
[DEBUG] Adding multi_out1 (Q,K,V) for layer 10
[DEBUG] Adding multi_head_attention for layer 10
[DEBUG] Adding add1 (residual after attention) for layer 10
[DEBUG] Adding ln_multiout2 for layer 10
[DEBUG] Adding ln2 for layer 10
[DEBUG] Adding multi_out3 for layer 10
[DEBUG] Adding SwiGLU gate projection for layer 10
[DEBUG] Adding SwiGLU up projection for layer 10
[DEBUG] Adding multiply (gating) for layer 10
[DEBUG] Adding SwiGLU down projection for layer 10
[DEBUG] Adding add2 (residual after SwiGLU FFN) for layer 10
[DEBUG] Creating transformer layer 11
[DEBUG] Adding ln_multiout1 for layer 11
[DEBUG] Adding ln1 for layer 11
[DEBUG] Adding multi_out1 (Q,K,V) for layer 11
[DEBUG] Adding multi_head_attention for layer 11
[DEBUG] Adding add1 (residual after attention) for layer 11
[DEBUG] Adding ln_multiout2 for layer 11
[DEBUG] Adding ln2 for layer 11
[DEBUG] Adding multi_out3 for layer 11
[DEBUG] Adding SwiGLU gate projection for layer 11
[DEBUG] Adding SwiGLU up projection for layer 11
[DEBUG] Adding multiply (gating) for layer 11
[DEBUG] Adding SwiGLU down projection for layer 11
[DEBUG] Adding add2 (residual after SwiGLU FFN) for layer 11
[DEBUG] Creating transformer layer 12
[DEBUG] Adding ln_multiout1 for layer 12
[DEBUG] Adding ln1 for layer 12
[DEBUG] Adding multi_out1 (Q,K,V) for layer 12
[DEBUG] Adding multi_head_attention for layer 12
[DEBUG] Adding add1 (residual after attention) for layer 12
[DEBUG] Adding ln_multiout2 for layer 12
[DEBUG] Adding ln2 for layer 12
[DEBUG] Adding multi_out3 for layer 12
[DEBUG] Adding SwiGLU gate projection for layer 12
[DEBUG] Adding SwiGLU up projection for layer 12
[DEBUG] Adding multiply (gating) for layer 12
[DEBUG] Adding SwiGLU down projection for layer 12
[DEBUG] Adding add2 (residual after SwiGLU FFN) for layer 12
[DEBUG] Creating transformer layer 13
[DEBUG] Adding ln_multiout1 for layer 13
[DEBUG] Adding ln1 for layer 13
[DEBUG] Adding multi_out1 (Q,K,V) for layer 13
[DEBUG] Adding multi_head_attention for layer 13
[DEBUG] Adding add1 (residual after attention) for layer 13
[DEBUG] Adding ln_multiout2 for layer 13
[DEBUG] Adding ln2 for layer 13
[DEBUG] Adding multi_out3 for layer 13
[DEBUG] Adding SwiGLU gate projection for layer 13
[DEBUG] Adding SwiGLU up projection for layer 13
[DEBUG] Adding multiply (gating) for layer 13
[DEBUG] Adding SwiGLU down projection for layer 13
[DEBUG] Adding add2 (residual after SwiGLU FFN) for layer 13
[DEBUG] Creating transformer layer 14
[DEBUG] Adding ln_multiout1 for layer 14
[DEBUG] Adding ln1 for layer 14
[DEBUG] Adding multi_out1 (Q,K,V) for layer 14
[DEBUG] Adding multi_head_attention for layer 14
[DEBUG] Adding add1 (residual after attention) for layer 14
[DEBUG] Adding ln_multiout2 for layer 14
[DEBUG] Adding ln2 for layer 14
[DEBUG] Adding multi_out3 for layer 14
[DEBUG] Adding SwiGLU gate projection for layer 14
[DEBUG] Adding SwiGLU up projection for layer 14
[DEBUG] Adding multiply (gating) for layer 14
[DEBUG] Adding SwiGLU down projection for layer 14
[DEBUG] Adding add2 (residual after SwiGLU FFN) for layer 14
[DEBUG] Creating transformer layer 15
[DEBUG] Adding ln_multiout1 for layer 15
[DEBUG] Adding ln1 for layer 15
[DEBUG] Adding multi_out1 (Q,K,V) for layer 15
[DEBUG] Adding multi_head_attention for layer 15
[DEBUG] Adding add1 (residual after attention) for layer 15
[DEBUG] Adding ln_multiout2 for layer 15
[DEBUG] Adding ln2 for layer 15
[DEBUG] Adding multi_out3 for layer 15
[DEBUG] Adding SwiGLU gate projection for layer 15
[DEBUG] Adding SwiGLU up projection for layer 15
[DEBUG] Adding multiply (gating) for layer 15
[DEBUG] Adding SwiGLU down projection for layer 15
[DEBUG] Adding add2 (residual after SwiGLU FFN) for layer 15
[DEBUG] Creating transformer layer 16
[DEBUG] Adding ln_multiout1 for layer 16
[DEBUG] Adding ln1 for layer 16
[DEBUG] Adding multi_out1 (Q,K,V) for layer 16
[DEBUG] Adding multi_head_attention for layer 16
[DEBUG] Adding add1 (residual after attention) for layer 16
[DEBUG] Adding ln_multiout2 for layer 16
[DEBUG] Adding ln2 for layer 16
[DEBUG] Adding multi_out3 for layer 16
[DEBUG] Adding SwiGLU gate projection for layer 16
[DEBUG] Adding SwiGLU up projection for layer 16
[DEBUG] Adding multiply (gating) for layer 16
[DEBUG] Adding SwiGLU down projection for layer 16
[DEBUG] Adding add2 (residual after SwiGLU FFN) for layer 16
[DEBUG] Creating transformer layer 17
[DEBUG] Adding ln_multiout1 for layer 17
[DEBUG] Adding ln1 for layer 17
[DEBUG] Adding multi_out1 (Q,K,V) for layer 17
[DEBUG] Adding multi_head_attention for layer 17
[DEBUG] Adding add1 (residual after attention) for layer 17
[DEBUG] Adding ln_multiout2 for layer 17
[DEBUG] Adding ln2 for layer 17
[DEBUG] Adding multi_out3 for layer 17
[DEBUG] Adding SwiGLU gate projection for layer 17
[DEBUG] Adding SwiGLU up projection for layer 17
[DEBUG] Adding multiply (gating) for layer 17
[DEBUG] Adding SwiGLU down projection for layer 17
[DEBUG] Adding add2 (residual after SwiGLU FFN) for layer 17
[DEBUG] Creating transformer layer 18
[DEBUG] Adding ln_multiout1 for layer 18
[DEBUG] Adding ln1 for layer 18
[DEBUG] Adding multi_out1 (Q,K,V) for layer 18
[DEBUG] Adding multi_head_attention for layer 18
[DEBUG] Adding add1 (residual after attention) for layer 18
[DEBUG] Adding ln_multiout2 for layer 18
[DEBUG] Adding ln2 for layer 18
[DEBUG] Adding multi_out3 for layer 18
[DEBUG] Adding SwiGLU gate projection for layer 18
[DEBUG] Adding SwiGLU up projection for layer 18
[DEBUG] Adding multiply (gating) for layer 18
[DEBUG] Adding SwiGLU down projection for layer 18
[DEBUG] Adding add2 (residual after SwiGLU FFN) for layer 18
[DEBUG] Creating transformer layer 19
[DEBUG] Adding ln_multiout1 for layer 19
[DEBUG] Adding ln1 for layer 19
[DEBUG] Adding multi_out1 (Q,K,V) for layer 19
[DEBUG] Adding multi_head_attention for layer 19
[DEBUG] Adding add1 (residual after attention) for layer 19
[DEBUG] Adding ln_multiout2 for layer 19
[DEBUG] Adding ln2 for layer 19
[DEBUG] Adding multi_out3 for layer 19
[DEBUG] Adding SwiGLU gate projection for layer 19
[DEBUG] Adding SwiGLU up projection for layer 19
[DEBUG] Adding multiply (gating) for layer 19
[DEBUG] Adding SwiGLU down projection for layer 19
[DEBUG] Adding add2 (residual after SwiGLU FFN) for layer 19
[DEBUG] Adding final layer normalization...
[DEBUG] Final layer normalization added successfully
[DEBUG] Skipping pooling2d layer for debugging...
[DEBUG] Adding simple output projection...
[DEBUG] Output projection added successfully

[INFO] Gradient checkpointing is DISABLED
[DEBUG] Model creation completed successfully!
[DEBUG] Model created successfully!
[TIMING] Model Creation took: 27 ms
[MEMORY] After Model Creation - Peak: 4275 MB, Current: 4275 MB, RSS: 15 MB
[DEBUG] Setting model properties...
[DEBUG] Model properties set successfully
[DEBUG] Creating optimizer...
[DEBUG] Optimizer set successfully
[TIMING] Model Configuration took: 0 ms
[DEBUG] Compiling model...
[DEBUG] Model compiled with status: 0
[TIMING] Model Compilation took: 17 ms
[MEMORY] After Compilation - Peak: 4275 MB, Current: 4275 MB, RSS: 15 MB
[DEBUG] Initializing model...
[DEBUG] Model initialized with status: 0
[TIMING] Model Initialization took: 2800 ms
[MEMORY] After Initialization - Peak: 6442 MB, Current: 6442 MB, RSS: 2181 MB
[DEBUG] Creating fixed data generator...
[DEBUG] Data shapes - Input: [4, 1, 128, 1]
[DEBUG] Data shapes - Label: [4, 1, 128, 1]
[DEBUG] Using FixedDataGenerator for reproducibility...
[DEBUG] FixedDataGenerator created with 32 batches
[DEBUG] Input sample [0..2]: 0.5, 0.549917, 0.599335
[DEBUG] Label sample [0..2]: 0.549917, 0.599335, 0.64776
[DEBUG] Data generator created successfully
[DEBUG] Setting dataset...
[DEBUG] Dataset set successfully
[TIMING] Data Setup took: 0 ms
[DEBUG] Starting training...
[INFO] Iteration stats are printed from neuralnet.cpp (once per batch)
#1/1 [          0           ]  ( Training Loss: 6.82064 )
 [ITER] #1 - Total: 25563733 μs, Forward: 4070248 μs, Backward: 21493485 μs, Memory: 3409 MB
#1/1 [          1           ]  ( Training Loss: 350.003 )
 [ITER] #2 - Total: 24026900 μs, Forward: 2783155 μs, Backward: 21243744 μs, Memory: 3416 MB
#1/1 [          2           ]  ( Training Loss: 0.726567 )
 [ITER] #3 - Total: 23793600 μs, Forward: 2475208 μs, Backward: 21318391 μs, Memory: 3416 MB
#1/1 [          3           ]  ( Training Loss: 52.1014 )
 [ITER] #4 - Total: 23982277 μs, Forward: 2530454 μs, Backward: 21451822 μs, Memory: 3416 MB
#1/1 [          4           ]  ( Training Loss: 18.1939 )
 [ITER] #5 - Total: 24353842 μs, Forward: 2689286 μs, Backward: 21664555 μs, Memory: 3416 MB
#1/1 [          5           ]  ( Training Loss: 0.702867 )
 [ITER] #6 - Total: 23888977 μs, Forward: 2502478 μs, Backward: 21386498 μs, Memory: 3416 MB
#1/1 [          6           ]  ( Training Loss: 2.34464 )
 [ITER] #7 - Total: 23999806 μs, Forward: 2623181 μs, Backward: 21376624 μs, Memory: 3416 MB
#1/1 [          7           ]  ( Training Loss: 6.95296 )
 [ITER] #8 - Total: 23848586 μs, Forward: 2536208 μs, Backward: 21312378 μs, Memory: 3417 MB
#1/1 - Training Loss: 54.7307
[DEBUG] Training completed successfully
[TIMING] Training took: 194288 ms
[MEMORY] After Training - Peak: 7993 MB, Current: 6642 MB, RSS: 2189 MB
[INFO] Saving weights to swiglu_weights.bin

=== PERFORMANCE SUMMARY ===
Model Configuration:
  - Sequence Length: 128
  - Vocab Size: 1000
  - Model Dimension: 768
  - Number of Heads: 12
  - Number of Layers: 20
  - FFN Dimension: 3072
  - Batch Size: 4
  - Epochs: 1

Approximate Model Parameters (SwiGLU FFN):
  - Embedding: 98304
  - Attention: 47185920
  - SwiGLU FFN: 141557760 (3 projections: gate+up+down)
  - Total: 188841984 (~720 MB)

=== STDERR ===
